[    0.000000] Linux version 6.8.0-139-generic (buildd@lcy02-amd64-036) (x86_64-linux-gnu-gcc-13 (Ubuntu 13.3.0-6ubuntu2~24.04.1) 13.3.0, GNU ld (GNU Binutils for Ubuntu) 2.42) #139-Ubuntu SMP PREEMPT_DYNAMIC Sat Aug  1 03:52:05 UTC 2026 (Ubuntu 6.8.0-139.139-generic 6.8.12)
[    0.000000] Command line: console=ttyS0 rdinit=/init mode=arp-mac
[    0.000000] KERNEL supported cpus:
[    0.000000]   Intel GenuineIntel
[    0.000000]   AMD AuthenticAMD
[    0.000000]   Hygon HygonGenuine
[    0.000000]   Centaur CentaurHauls
[    0.000000]   zhaoxin   Shanghai  
[    0.000000] BIOS-provided physical RAM map:
[    0.000000] BIOS-e820: [mem 0x0000000000000000-0x000000000009fbff] usable
[    0.000000] BIOS-e820: [mem 0x000000000009fc00-0x000000000009ffff] reserved
[    0.000000] BIOS-e820: [mem 0x00000000000f0000-0x00000000000fffff] reserved
[    0.000000] BIOS-e820: [mem 0x0000000000100000-0x0000000007fdffff] usable
[    0.000000] BIOS-e820: [mem 0x0000000007fe0000-0x0000000007ffffff] reserved
[    0.000000] BIOS-e820: [mem 0x00000000feffc000-0x00000000feffffff] reserved
[    0.000000] BIOS-e820: [mem 0x00000000fffc0000-0x00000000ffffffff] reserved
[    0.000000] BIOS-e820: [mem 0x000000fd00000000-0x000000ffffffffff] reserved
[    0.000000] NX (Execute Disable) protection: active
[    0.000000] APIC: Static calls initialized
[    0.000000] SMBIOS 3.0.0 present.
[    0.000000] DMI: QEMU Ubuntu 24.04 PC v2 (i440FX + PIIX, arch_caps fix, 1996), BIOS 1.16.3-debian-1.16.3-2 04/01/2014
[    0.000000] Hypervisor detected: KVM
[    0.000000] kvm-clock: Using msrs 4b564d01 and 4b564d00
[    0.000002] kvm-clock: using sched offset of 1093360288 cycles
[    0.000005] clocksource: kvm-clock: mask: 0xffffffffffffffff max_cycles: 0x1cd42e4dffb, max_idle_ns: 881590591483 ns
[    0.000009] tsc: Detected 1999.999 MHz processor
[    0.001702] last_pfn = 0x7fe0 max_arch_pfn = 0x400000000
[    0.003105] MTRR map: 4 entries (3 fixed + 1 variable; max 19), built from 8 variable MTRRs
[    0.003200] x86/PAT: Configuration [0-7]: WB  WC  UC- UC  WB  WP  UC- WT  
[    0.008010] found SMP MP-table at [mem 0x000f5480-0x000f548f]
[    0.008027] Using GB pages for direct mapping
[    0.008422] RAMDISK: [mem 0x07e64000-0x07fdffff]
[    0.008427] ACPI: Early table checksum verification disabled
[    0.008431] ACPI: RSDP 0x00000000000F5290 000014 (v00 BOCHS )
[    0.008436] ACPI: RSDT 0x0000000007FE1C52 000034 (v01 BOCHS  BXPC     00000001 BXPC 00000001)
[    0.008442] ACPI: FACP 0x0000000007FE1B06 000074 (v01 BOCHS  BXPC     00000001 BXPC 00000001)
[    0.008449] ACPI: DSDT 0x0000000007FE0040 001AC6 (v01 BOCHS  BXPC     00000001 BXPC 00000001)
[    0.008453] ACPI: FACS 0x0000000007FE0000 000040
[    0.008456] ACPI: APIC 0x0000000007FE1B7A 000078 (v03 BOCHS  BXPC     00000001 BXPC 00000001)
[    0.008460] ACPI: HPET 0x0000000007FE1BF2 000038 (v01 BOCHS  BXPC     00000001 BXPC 00000001)
[    0.008464] ACPI: WAET 0x0000000007FE1C2A 000028 (v01 BOCHS  BXPC     00000001 BXPC 00000001)
[    0.008467] ACPI: Reserving FACP table memory at [mem 0x7fe1b06-0x7fe1b79]
[    0.008469] ACPI: Reserving DSDT table memory at [mem 0x7fe0040-0x7fe1b05]
[    0.008470] ACPI: Reserving FACS table memory at [mem 0x7fe0000-0x7fe003f]
[    0.008471] ACPI: Reserving APIC table memory at [mem 0x7fe1b7a-0x7fe1bf1]
[    0.008472] ACPI: Reserving HPET table memory at [mem 0x7fe1bf2-0x7fe1c29]
[    0.008474] ACPI: Reserving WAET table memory at [mem 0x7fe1c2a-0x7fe1c51]
[    0.012380] No NUMA configuration found
[    0.012383] Faking a node at [mem 0x0000000000000000-0x0000000007fdffff]
[    0.012395] NODE_DATA(0) allocated [mem 0x07e39000-0x07e63fff]
[    0.012611] Zone ranges:
[    0.012613]   DMA      [mem 0x0000000000001000-0x0000000000ffffff]
[    0.012615]   DMA32    [mem 0x0000000001000000-0x0000000007fdffff]
[    0.012617]   Normal   empty
[    0.012618]   Device   empty
[    0.012619] Movable zone start for each node
[    0.012623] Early memory node ranges
[    0.012623]   node   0: [mem 0x0000000000001000-0x000000000009efff]
[    0.012625]   node   0: [mem 0x0000000000100000-0x0000000007fdffff]
[    0.012627] Initmem setup node 0 [mem 0x0000000000001000-0x0000000007fdffff]
[    0.013055] On node 0, zone DMA: 1 pages in unavailable ranges
[    0.013082] On node 0, zone DMA: 97 pages in unavailable ranges
[    0.013263] On node 0, zone DMA32: 32 pages in unavailable ranges
[    0.018037] ACPI: PM-Timer IO Port: 0x608
[    0.018252] ACPI: LAPIC_NMI (acpi_id[0xff] dfl dfl lint[0x1])
[    0.018747] IOAPIC[0]: apic_id 0, version 17, address 0xfec00000, GSI 0-23
[    0.018752] ACPI: INT_SRC_OVR (bus 0 bus_irq 0 global_irq 2 dfl dfl)
[    0.018754] ACPI: INT_SRC_OVR (bus 0 bus_irq 5 global_irq 5 high level)
[    0.018756] ACPI: INT_SRC_OVR (bus 0 bus_irq 9 global_irq 9 high level)
[    0.018758] ACPI: INT_SRC_OVR (bus 0 bus_irq 10 global_irq 10 high level)
[    0.018759] ACPI: INT_SRC_OVR (bus 0 bus_irq 11 global_irq 11 high level)
[    0.018764] ACPI: Using ACPI (MADT) for SMP configuration information
[    0.018765] ACPI: HPET id: 0x8086a201 base: 0xfed00000
[    0.018769] TSC deadline timer available
[    0.018770] smpboot: Allowing 1 CPUs, 0 hotplug CPUs
[    0.018909] kvm-guest: APIC: eoi() replaced with kvm_guest_apic_eoi_write()
[    0.019338] PM: hibernation: Registered nosave memory: [mem 0x00000000-0x00000fff]
[    0.019341] PM: hibernation: Registered nosave memory: [mem 0x0009f000-0x000fffff]
[    0.019344] [mem 0x08000000-0xfeffbfff] available for PCI devices
[    0.019345] Booting paravirtualized kernel on KVM
[    0.019348] clocksource: refined-jiffies: mask: 0xffffffff max_cycles: 0xffffffff, max_idle_ns: 1910969940391419 ns
[    0.019355] setup_percpu: NR_CPUS:8192 nr_cpumask_bits:1 nr_cpu_ids:1 nr_node_ids:1
[    0.019953] percpu: Embedded 86 pages/cpu s229376 r8192 d114688 u2097152
[    0.020454] kvm-guest: PV spinlocks disabled, single CPU
[    0.020457] Kernel command line: console=ttyS0 rdinit=/init mode=arp-mac
[    0.020522] Unknown kernel command line parameters "mode=arp-mac", will be passed to user space.
[    0.020538] random: crng init done
[    0.020551] Dentry cache hash table entries: 16384 (order: 5, 131072 bytes, linear)
[    0.020558] Inode-cache hash table entries: 8192 (order: 4, 65536 bytes, linear)
[    0.020845] Fallback order for Node 0: 0 
[    0.020849] Built 1 zonelists, mobility grouping on.  Total pages: 31968
[    0.020852] Policy zone: DMA32
[    0.020858] mem auto-init: stack:all(zero), heap alloc:on, heap free:off
[    0.021336] Memory: 72016K/130552K available (22528K kernel code, 4441K rwdata, 14428K rodata, 4932K init, 4776K bss, 58276K reserved, 0K cma-reserved)
[    0.022529] SLUB: HWalign=64, Order=0-3, MinObjects=0, CPUs=1, Nodes=1
[    0.022558] ftrace: allocating 58336 entries in 228 pages
[    0.035856] ftrace: allocated 228 pages with 4 groups
[    0.036955] Dynamic Preempt: voluntary
[    0.037013] rcu: Preemptible hierarchical RCU implementation.
[    0.037014] rcu: 	RCU restricting CPUs from NR_CPUS=8192 to nr_cpu_ids=1.
[    0.037016] 	Trampoline variant of Tasks RCU enabled.
[    0.037017] 	Rude variant of Tasks RCU enabled.
[    0.037017] 	Tracing variant of Tasks RCU enabled.
[    0.037018] rcu: RCU calculated value of scheduler-enlistment delay is 100 jiffies.
[    0.037019] rcu: Adjusting geometry for rcu_fanout_leaf=16, nr_cpu_ids=1
[    0.037026] RCU Tasks: Setting shift to 0 and lim to 1 rcu_task_cb_adjust=1 rcu_task_cpu_ids=1.
[    0.037028] RCU Tasks Rude: Setting shift to 0 and lim to 1 rcu_task_cb_adjust=1 rcu_task_cpu_ids=1.
[    0.037030] RCU Tasks Trace: Setting shift to 0 and lim to 1 rcu_task_cb_adjust=1 rcu_task_cpu_ids=1.
[    0.041621] NR_IRQS: 524544, nr_irqs: 256, preallocated irqs: 16
[    0.042614] rcu: srcu_init: Setting srcu_struct sizes based on contention.
[    0.148448] Console: colour VGA+ 80x25
[    0.148848] printk: legacy console [ttyS0] enabled
[    1.107931] ACPI: Core revision 20230628
[    1.114630] clocksource: hpet: mask: 0xffffffff max_cycles: 0xffffffff, max_idle_ns: 19112604467 ns
[    1.127471] APIC: Switch to symmetric I/O mode setup
[    1.140944] x2apic enabled
[    1.150458] APIC: Switched APIC routing to: physical x2apic
[    1.181206] ..TIMER: vector=0x30 apic1=0 pin1=2 apic2=-1 pin2=-1
[    1.190273] clocksource: tsc-early: mask: 0xffffffffffffffff max_cycles: 0x39a85afc727, max_idle_ns: 881590685098 ns
[    1.205064] Calibrating delay loop (skipped) preset value.. 3999.99 BogoMIPS (lpj=1999999)
[    1.209435] AMD Zen1 DIV0 bug detected. Disable SMT for full protection.
[    1.210122] AMD Zen1 FPDSS bug detected, enabling mitigation.
[    1.214869] Last level iTLB entries: 4KB 512, 2MB 255, 4MB 127
[    1.215063] Last level dTLB entries: 4KB 512, 2MB 255, 4MB 127, 1GB 0
[    1.216067] Spectre V1 : Mitigation: usercopy/swapgs barriers and __user pointer sanitization
[    1.217064] Spectre V2 : Mitigation: Retpolines
[    1.218062] Spectre V2 : Spectre v2 / SpectreRSB: Filling RSB on context switch and VMEXIT
[    1.219063] Spectre V2 : Enabling Speculation Barrier for firmware calls
[    1.220062] active return thunk: retbleed_return_thunk
[    1.222065] RETBleed: Mitigation: untrained return thunk
[    1.223071] Spectre V2 : mitigation: Enabling conditional Indirect Branch Prediction Barrier
[    1.224063] Speculative Store Bypass: Mitigation: Speculative Store Bypass disabled via prctl
[    1.226558] x86/fpu: Supporting XSAVE feature 0x001: 'x87 floating point registers'
[    1.227063] x86/fpu: Supporting XSAVE feature 0x002: 'SSE registers'
[    1.228062] x86/fpu: Supporting XSAVE feature 0x004: 'AVX registers'
[    1.229063] x86/fpu: xstate_offset[2]:  576, xstate_sizes[2]:  256
[    1.230062] x86/fpu: Enabled xstate features 0x7, context size is 832 bytes, using 'compacted' format.
[    1.269501] Freeing SMP alternatives memory: 48K
[    1.270063] pid_max: default: 32768 minimum: 301
[    1.271164] LSM: initializing lsm=lockdown,capability,landlock,yama,apparmor,integrity
[    1.272090] landlock: Up and running.
[    1.273062] Yama: becoming mindful.
[    1.274105] AppArmor: AppArmor initialized
[    1.275113] Mount-cache hash table entries: 512 (order: 0, 4096 bytes, linear)
[    1.276064] Mountpoint-cache hash table entries: 512 (order: 0, 4096 bytes, linear)
[    1.278709] smpboot: CPU0: AMD EPYC 7401P 24-Core Processor (family: 0x17, model: 0x1, stepping: 0x2)
[    1.279399] Performance Events: Fam17h+ core perfctr, AMD PMU driver.
[    1.280144] ... version:                0
[    1.281105] ... bit width:              48
[    1.282105] ... generic registers:      6
[    1.283106] ... value mask:             0000ffffffffffff
[    1.284105] ... max period:             00007fffffffffff
[    1.285106] ... fixed-purpose events:   0
[    1.286105] ... event mask:             000000000000003f
[    1.287242] signal: max sigframe size: 1776
[    1.288177] rcu: Hierarchical SRCU implementation.
[    1.289106] rcu: 	Max phase no-delay instances is 400.
[    1.294465] smp: Bringing up secondary CPUs ...
[    1.295121] smp: Brought up 1 node, 1 CPU
[    1.296108] smpboot: Max logical packages: 1
[    1.297188] smpboot: Total of 1 processors activated (3999.99 BogoMIPS)
[    1.299405] devtmpfs: initialized
[    1.300147] x86/mm: Memory block size: 128MB
[    1.301460] clocksource: jiffies: mask: 0xffffffff max_cycles: 0xffffffff, max_idle_ns: 1911260446275000 ns
[    1.302117] futex hash table entries: 256 (order: 2, 16384 bytes, linear)
[    1.303191] pinctrl core: initialized pinctrl subsystem
[    1.305105] PM: RTC time: 16:02:43, date: 2026-10-03
[    1.307769] NET: Registered PF_NETLINK/PF_ROUTE protocol family
[    1.308246] DMA: preallocated 128 KiB GFP_KERNEL pool for atomic allocations
[    1.309121] DMA: preallocated 128 KiB GFP_KERNEL|GFP_DMA pool for atomic allocations
[    1.310117] DMA: preallocated 128 KiB GFP_KERNEL|GFP_DMA32 pool for atomic allocations
[    1.311124] audit: initializing netlink subsys (disabled)
[    1.312165] audit: type=2000 audit(1791043363.127:1): state=initialized audit_enabled=0 res=1
[    1.313261] thermal_sys: Registered thermal governor 'fair_share'
[    1.313263] thermal_sys: Registered thermal governor 'bang_bang'
[    1.314108] thermal_sys: Registered thermal governor 'step_wise'
[    1.315115] thermal_sys: Registered thermal governor 'user_space'
[    1.316113] thermal_sys: Registered thermal governor 'power_allocator'
[    1.317143] cpuidle: using governor ladder
[    1.319124] cpuidle: using governor menu
[    1.328753] acpiphp: ACPI Hot Plug PCI Controller Driver version: 0.5
[    1.330022] PCI: Using configuration type 1 for base access
[    1.330105] PCI: Using configuration type 1 for extended access
[    1.331245] kprobes: kprobe jump-optimization is enabled. All kprobes are optimized if possible.
[    1.378548] HugeTLB: registered 1.00 GiB page size, pre-allocated 0 pages
[    1.379105] HugeTLB: 16380 KiB vmemmap can be freed for a 1.00 GiB page
[    1.380105] HugeTLB: registered 2.00 MiB page size, pre-allocated 0 pages
[    1.381104] HugeTLB: 28 KiB vmemmap can be freed for a 2.00 MiB page
[    1.386605] ACPI: Added _OSI(Module Device)
[    1.387456] ACPI: Added _OSI(Processor Device)
[    1.388105] ACPI: Added _OSI(Processor Aggregator Device)
[    1.390367] ACPI: 1 ACPI AML tables successfully acquired and loaded
[    1.393986] ACPI: _OSC evaluation for CPUs failed, trying _PDC
[    1.394279] ACPI: Interpreter enabled
[    1.395143] ACPI: PM: (supports S0 S3 S4 S5)
[    1.396116] ACPI: Using IOAPIC for interrupt routing
[    1.397288] PCI: Using host bridge windows from ACPI; if necessary, use "pci=nocrs" and report a bug
[    1.398108] PCI: Using E820 reservations for host bridge windows
[    1.399498] ACPI: Enabled 2 GPEs in block 00 to 0F
[    1.405549] ACPI: PCI Root Bridge [PCI0] (domain 0000 [bus 00-ff])
[    1.406110] acpi PNP0A03:00: _OSC: OS supports [ExtendedConfig ASPM ClockPM Segments MSI EDR HPX-Type3]
[    1.408031] acpiphp: Slot [3] registered
[    1.408213] acpiphp: Slot [4] registered
[    1.409217] acpiphp: Slot [5] registered
[    1.410209] acpiphp: Slot [6] registered
[    1.411208] acpiphp: Slot [7] registered
[    1.412207] acpiphp: Slot [8] registered
[    1.413208] acpiphp: Slot [9] registered
[    1.414209] acpiphp: Slot [10] registered
[    1.415207] acpiphp: Slot [11] registered
[    1.416312] acpiphp: Slot [12] registered
[    1.417238] acpiphp: Slot [13] registered
[    1.418208] acpiphp: Slot [14] registered
[    1.419207] acpiphp: Slot [15] registered
[    1.420207] acpiphp: Slot [16] registered
[    1.421208] acpiphp: Slot [17] registered
[    1.422262] acpiphp: Slot [18] registered
[    1.423207] acpiphp: Slot [19] registered
[    1.424210] acpiphp: Slot [20] registered
[    1.425222] acpiphp: Slot [21] registered
[    1.426207] acpiphp: Slot [22] registered
[    1.427207] acpiphp: Slot [23] registered
[    1.428208] acpiphp: Slot [24] registered
[    1.429234] acpiphp: Slot [25] registered
[    1.430208] acpiphp: Slot [26] registered
[    1.431209] acpiphp: Slot [27] registered
[    1.432326] acpiphp: Slot [28] registered
[    1.433224] acpiphp: Slot [29] registered
[    1.434233] acpiphp: Slot [30] registered
[    1.435235] acpiphp: Slot [31] registered
[    1.436286] PCI host bridge to bus 0000:00
[    1.437107] pci_bus 0000:00: root bus resource [io  0x0000-0x0cf7 window]
[    1.438120] pci_bus 0000:00: root bus resource [io  0x0d00-0xffff window]
[    1.439106] pci_bus 0000:00: root bus resource [mem 0x000a0000-0x000bffff window]
[    1.440105] pci_bus 0000:00: root bus resource [mem 0x08000000-0xfebfffff window]
[    1.441105] pci_bus 0000:00: root bus resource [mem 0x100000000-0x17fffffff window]
[    1.442111] pci_bus 0000:00: root bus resource [bus 00-ff]
[    1.445298] pci 0000:00:00.0: [8086:1237] type 00 class 0x060000 conventional PCI endpoint
[    1.451757] pci 0000:00:01.0: [8086:7000] type 00 class 0x060100 conventional PCI endpoint
[    1.457909] pci 0000:00:01.1: [8086:7010] type 00 class 0x010180 conventional PCI endpoint
[    1.462873] pci 0000:00:01.1: BAR 4 [io  0xc020-0xc02f]
[    1.463664] pci 0000:00:01.1: BAR 0 [io  0x01f0-0x01f7]: legacy IDE quirk
[    1.464107] pci 0000:00:01.1: BAR 1 [io  0x03f6]: legacy IDE quirk
[    1.465106] pci 0000:00:01.1: BAR 2 [io  0x0170-0x0177]: legacy IDE quirk
[    1.466106] pci 0000:00:01.1: BAR 3 [io  0x0376]: legacy IDE quirk
[    1.468574] pci 0000:00:01.3: [8086:7113] type 00 class 0x068000 conventional PCI endpoint
[    1.474921] pci 0000:00:01.3: quirk: [io  0x0600-0x063f] claimed by PIIX4 ACPI
[    1.475196] pci 0000:00:01.3: quirk: [io  0x0700-0x070f] claimed by PIIX4 SMB
[    1.478417] pci 0000:00:02.0: [1234:1111] type 00 class 0x030000 conventional PCI endpoint
[    1.484527] pci 0000:00:02.0: BAR 0 [mem 0xfd000000-0xfdffffff pref]
[    1.485292] pci 0000:00:02.0: BAR 2 [mem 0xfeb90000-0xfeb90fff]
[    1.486522] pci 0000:00:02.0: ROM [mem 0xfeb80000-0xfeb8ffff pref]
[    1.487798] pci 0000:00:02.0: Video device with shadowed ROM at [mem 0x000c0000-0x000dffff]
[    1.491457] pci 0000:00:03.0: [1af4:1000] type 00 class 0x020000 conventional PCI endpoint
[    1.496196] pci 0000:00:03.0: BAR 0 [io  0xc000-0xc01f]
[    1.497195] pci 0000:00:03.0: BAR 1 [mem 0xfeb91000-0xfeb91fff]
[    1.498554] pci 0000:00:03.0: BAR 4 [mem 0xfe000000-0xfe003fff 64bit pref]
[    1.499196] pci 0000:00:03.0: ROM [mem 0xfeb00000-0xfeb7ffff pref]
[    1.843866] ACPI: PCI: Interrupt link LNKA configured for IRQ 10
[    1.844614] ACPI: PCI: Interrupt link LNKB configured for IRQ 10
[    1.845601] ACPI: PCI: Interrupt link LNKC configured for IRQ 11
[    1.846713] ACPI: PCI: Interrupt link LNKD configured for IRQ 11
[    1.847390] ACPI: PCI: Interrupt link LNKS configured for IRQ 9
[    1.849180] iommu: Default domain type: Translated
[    1.850139] iommu: DMA domain TLB invalidation policy: lazy mode
[    1.851515] SCSI subsystem initialized
[    1.852201] ACPI: bus type USB registered
[    1.853150] usbcore: registered new interface driver usbfs
[    1.854117] usbcore: registered new interface driver hub
[    1.855116] usbcore: registered new device driver usb
[    1.856169] pps_core: LinuxPPS API ver. 1 registered
[    1.857104] pps_core: Software ver. 5.3.6 - Copyright 2005-2007 Rodolfo Giometti <giometti@linux.it>
[    1.858211] PTP clock support registered
[    1.859212] EDAC MC: Ver: 3.0.0
[    1.862406] NetLabel: Initializing
[    1.863104] NetLabel:  domain hash size = 128
[    1.864108] NetLabel:  protocols = UNLABELED CIPSOv4 CALIPSO
[    1.865217] NetLabel:  unlabeled traffic allowed by default
[    1.866168] mctp: management component transport protocol core
[    1.867106] NET: Registered PF_MCTP protocol family
[    1.868116] PCI: Using ACPI for IRQ routing
[    1.870455] pci 0000:00:02.0: vgaarb: setting as boot VGA device
[    1.871059] pci 0000:00:02.0: vgaarb: bridge control possible
[    1.871059] pci 0000:00:02.0: vgaarb: VGA device added: decodes=io+mem,owns=io+mem,locks=none
[    1.871118] vgaarb: loaded
[    1.872500] hpet0: at MMIO 0xfed00000, IRQs 2, 8, 0
[    1.873149] hpet0: 3 comparators, 64-bit 100.000000 MHz counter
[    1.877173] clocksource: Switched to clocksource kvm-clock
[    1.885759] VFS: Disk quotas dquot_6.6.0
[    1.891147] VFS: Dquot-cache hash table entries: 512 (order 0, 4096 bytes)
[    1.900914] AppArmor: AppArmor Filesystem Enabled
[    1.907382] pnp: PnP ACPI init
[    1.912729] pnp: PnP ACPI: found 6 devices
[    1.925782] clocksource: acpi_pm: mask: 0xffffff max_cycles: 0xffffff, max_idle_ns: 2085701024 ns
[    1.937583] NET: Registered PF_INET protocol family
[    1.944050] IP idents hash table entries: 2048 (order: 2, 16384 bytes, linear)
[    1.975707] tcp_listen_portaddr_hash hash table entries: 256 (order: 0, 4096 bytes, linear)
[    1.986468] Table-perturb hash table entries: 65536 (order: 6, 262144 bytes, linear)
[    1.996814] TCP established hash table entries: 1024 (order: 1, 8192 bytes, linear)
[    2.006794] TCP bind hash table entries: 1024 (order: 3, 32768 bytes, linear)
[    2.016462] TCP: Hash tables configured (established 1024 bind 1024)
[    2.025762] MPTCP token hash table entries: 256 (order: 1, 6144 bytes, linear)
[    2.036336] UDP hash table entries: 256 (order: 1, 8192 bytes, linear)
[    2.045145] UDP-Lite hash table entries: 256 (order: 1, 8192 bytes, linear)
[    2.054891] NET: Registered PF_UNIX/PF_LOCAL protocol family
[    2.062559] NET: Registered PF_XDP protocol family
[    2.069307] pci_bus 0000:00: resource 4 [io  0x0000-0x0cf7 window]
[    2.077449] pci_bus 0000:00: resource 5 [io  0x0d00-0xffff window]
[    2.085768] pci_bus 0000:00: resource 6 [mem 0x000a0000-0x000bffff window]
[    2.095323] pci_bus 0000:00: resource 7 [mem 0x08000000-0xfebfffff window]
[    2.106541] pci_bus 0000:00: resource 8 [mem 0x100000000-0x17fffffff window]
[    2.117785] pci 0000:00:01.0: PIIX3: Enabling Passive Release
[    2.126146] pci 0000:00:00.0: Limiting direct PCI/PCI transfers
[    2.135183] PCI: CLS 0 bytes, default 64
[    2.141245] Trying to unpack rootfs image as initramfs...
[    2.148539] clocksource: tsc: mask: 0xffffffffffffffff max_cycles: 0x39a85afc727, max_idle_ns: 881590685098 ns
[    2.171068] Initialise system trusted keyrings
[    2.183695] Key type blacklist registered
[    2.194860] workingset: timestamp_bits=36 max_order=15 bucket_order=0
[    2.210243] Freeing initrd memory: 1520K
[    2.215587] zbud: loaded
[    2.219579] squashfs: version 4.0 (2009/01/31) Phillip Lougher
[    2.227387] fuse: init (API version 7.39)
[    2.232795] integrity: Platform Keyring initialized
[    2.239217] integrity: Machine keyring initialized
[    2.263241] Key type asymmetric registered
[    2.268831] Asymmetric key parser 'x509' registered
[    2.275124] Block layer SCSI generic (bsg) driver version 0.4 loaded (major 243)
[    2.284714] io scheduler mq-deadline registered
[    2.291071] shpchp: Standard Hot Plug PCI Controller Driver version: 0.4
[    2.300033] input: Power Button as /devices/LNXSYSTM:00/LNXPWRBN:00/input/input0
[    2.309856] ACPI: button: Power Button [PWRF]
[    2.344250] ACPI: \_SB_.LNKC: Enabled at IRQ 11
[    2.361852] Serial: 8250/16550 driver, 32 ports, IRQ sharing enabled
[    2.424991] 00:04: ttyS0 at I/O 0x3f8 (irq = 4, base_baud = 115200) is a 16550A
[    2.439003] Linux agpgart interface v0.103
[    2.447082] loop: module loaded
[    2.456308] scsi host0: ata_piix
[    2.460890] scsi host1: ata_piix
[    2.465712] ata1: PATA max MWDMA2 cmd 0x1f0 ctl 0x3f6 bmdma 0xc020 irq 14 lpm-pol 0
[    2.475789] ata2: PATA max MWDMA2 cmd 0x170 ctl 0x376 bmdma 0xc028 irq 15 lpm-pol 0
[    2.491258] ACPI: bus type drm_connector registered
[    2.498286] tun: Universal TUN/TAP device driver, 1.6
[    2.517551] PPP generic driver version 2.4.2
[    2.523786] i8042: PNP: PS/2 Controller [PNP0303:KBD,PNP0f13:MOU] at 0x60,0x64 irq 1,12
[    2.542321] serio: i8042 KBD port at 0x60,0x64 irq 1
[    2.548837] serio: i8042 AUX port at 0x60,0x64 irq 12
[    2.555741] mousedev: PS/2 mouse device common for all mice
[    2.566363] input: AT Translated Set 2 keyboard as /devices/platform/i8042/serio0/input/input1
[    2.578554] rtc_cmos 00:05: RTC can wake from S4
[    2.593713] rtc_cmos 00:05: registered as rtc0
[    2.601016] rtc_cmos 00:05: setting system clock to 2026-10-03T16:02:45 UTC (1791043365)
[    2.613038] rtc_cmos 00:05: alarms up to one day, y3k, 242 bytes nvram, hpet irqs
[    2.623224] i2c_dev: i2c /dev entries driver
[    2.628924] device-mapper: core: CONFIG_IMA_DISABLE_HTABLE is disabled. Duplicate IMA measurements will not be recorded in the IMA log.
[    2.644185] device-mapper: uevent: version 1.0.3
[    2.653783] ata2: found unknown device (class 0)
[    2.661853] device-mapper: ioctl: 4.48.0-ioctl (2023-03-01) initialised: dm-devel@redhat.com
[    2.672518] amd_pstate: the _CPC object is not present in SBIOS or ACPI disabled
[    2.685878] ata2.00: ATAPI: QEMU DVD-ROM, 2.5+, max UDMA/100
[    2.695803] ledtrig-cpu: registered to indicate activity on CPUs
[    2.711697] drop_monitor: Initializing network drop monitor service
[    2.719818] scsi 1:0:0:0: CD-ROM            QEMU     QEMU DVD-ROM     2.5+ PQ: 0 ANSI: 5
[    2.730270] NET: Registered PF_INET6 protocol family
[    2.746333] Segment Routing with IPv6
[    2.757983] In-situ OAM (IOAM) with IPv6
[    2.763344] NET: Registered PF_PACKET protocol family
[    2.770121] Key type dns_resolver registered
[    2.780067] IPI shorthand broadcast: enabled
[    2.794263] registered taskstats version 1
[    2.802077] sr 1:0:0:0: [sr0] scsi3-mmc drive: 4x/4x cd/rw xa/form2 tray
[    2.811076] Loading compiled-in X.509 certificates
[    2.820959] Loaded X.509 cert 'Build time autogenerated kernel key: 65a2441d98c8a817e997fff77c85e3c2a2878aa1'
[    2.834329] Loaded X.509 cert 'Canonical Ltd. Live Patch Signing 2025 Kmod: d541cef61dc7e793b7eb7e899970a2eef0b5dc8c'
[    2.853944] Loaded X.509 cert 'Canonical Ltd. Live Patch Signing: 14df34d1a87cf37625abec039ef2bf521249b969'
[    2.867764] Loaded X.509 cert 'Canonical Ltd. Kernel Module Signing 2025 Kmod: 4627603d2357a2a3f81006370894c221175893e9'
[    2.885861] cdrom: Uniform CD-ROM driver Revision: 3.20
[    2.892852] Loaded X.509 cert 'Canonical Ltd. Kernel Module Signing: 88f752e560a1e0737e31163a466ad7b70a850c19'
[    2.905470] blacklist: Loading compiled-in revocation X.509 certificates
[    2.917143] Loaded X.509 cert 'Canonical Ltd. Secure Boot Signing: 61482aa2830d0ab2ad5af10b7250da9033ddcef0'
[    2.930122] Loaded X.509 cert 'Canonical Ltd. Secure Boot Signing (2017): 242ade75ac4a15e50d50c84b0d45ff3eae707a03'
[    2.948032] sr 1:0:0:0: Attached scsi generic sg0 type 5
[    2.957140] Loaded X.509 cert 'Canonical Ltd. Secure Boot Signing (ESM 2018): 365188c1d374d6b07c3c8f240f8ef722433d6a8b'
[    2.971170] Loaded X.509 cert 'Canonical Ltd. Secure Boot Signing (2019): c0746fd6c5da3ae827864651ad66ae47fe24b3e8'
[    2.985810] Loaded X.509 cert 'Canonical Ltd. Secure Boot Signing (2021 v1): a8d54bbb3825cfb94fa13c9f8a594a195c107b8d'
[    3.000706] Loaded X.509 cert 'Canonical Ltd. Secure Boot Signing (2021 v2): 4cf046892d6fd3c9a5b03f98d845f90851dc6a8c'
[    3.014709] Loaded X.509 cert 'Canonical Ltd. Secure Boot Signing (2021 v3): 100437bb6de6e469b581e61cd66bce3ef4ed53af'
[    3.028556] Loaded X.509 cert 'Canonical Ltd. Secure Boot Signing (Ubuntu Core 2019): c1d57b8f6b743f23ee41f4f7ee292f06eecadfb9'
[    3.047933] Key type .fscrypt registered
[    3.053261] Key type fscrypt-provisioning registered
[    3.060069] Key type encrypted registered
[    3.065575] AppArmor: AppArmor sha256 policy hashing enabled
[    3.073070] ima: No TPM chip found, activating TPM-bypass!
[    3.080042] Loading compiled-in module X.509 certificates
[    3.088214] Loaded X.509 cert 'Build time autogenerated kernel key: 65a2441d98c8a817e997fff77c85e3c2a2878aa1'
[    3.100821] ima: Allocated hash algorithm: sha256
[    3.106883] ima: No architecture policies found
[    3.112755] evm: Initialising EVM extended attributes:
[    3.119507] evm: security.selinux
[    3.124291] evm: security.SMACK64
[    3.128840] evm: security.SMACK64EXEC
[    3.133740] evm: security.SMACK64TRANSMUTE
[    3.139036] evm: security.SMACK64MMAP
[    3.143883] evm: security.apparmor
[    3.148290] evm: security.ima
[    3.152448] evm: security.capability
[    3.157192] evm: HMAC attrs: 0x1
[    3.161992] PM:   Magic number: 14:906:33
[    3.174532] RAS: Correctable Errors collector initialized.
[    3.181950] Unstable clock detected, switching default tracing clock to "global"
[    3.181950] If you want to keep using the local clock, then add:
[    3.181950]   "trace_clock=local"
[    3.181950] on the kernel command line
[    3.207913] clk: Disabling unused clocks
[    3.219253] Freeing unused decrypted memory: 2028K
[    3.224039] Freeing unused kernel image (initmem) memory: 4932K
[    3.228472] Write protecting the kernel read-only data: 38912k
[    3.234152] Freeing unused kernel image (rodata/data gap) memory: 1956K
[    3.310315] x86/mm: Checked W+X mappings: passed, no W+X pages found.
[    3.315918] Run /init as init process
sent guest probe arp-mac length=42
[    3.559558] ACPI: PM: Preparing to enter system sleep state S5
[    3.564706] reboot: Power down
