[    0.000000] Linux version 6.8.0-139-generic (buildd@lcy02-amd64-036) (x86_64-linux-gnu-gcc-13 (Ubuntu 13.3.0-6ubuntu2~24.04.1) 13.3.0, GNU ld (GNU Binutils for Ubuntu) 2.42) #139-Ubuntu SMP PREEMPT_DYNAMIC Sat Aug  1 03:52:05 UTC 2026 (Ubuntu 6.8.0-139.139-generic 6.8.12)
[    0.000000] Command line: console=ttyS0 rdinit=/init mode=wrong-mac
[    0.000000] KERNEL supported cpus:
[    0.000000]   Intel GenuineIntel
[    0.000000]   AMD AuthenticAMD
[    0.000000]   Hygon HygonGenuine
[    0.000000]   Centaur CentaurHauls
[    0.000000]   zhaoxin   Shanghai  
[    0.000000] BIOS-provided physical RAM map:
[    0.000000] BIOS-e820: [mem 0x0000000000000000-0x000000000009fbff] usable
[    0.000000] BIOS-e820: [mem 0x000000000009fc00-0x000000000009ffff] reserved
[    0.000000] BIOS-e820: [mem 0x00000000000f0000-0x00000000000fffff] reserved
[    0.000000] BIOS-e820: [mem 0x0000000000100000-0x0000000007fdffff] usable
[    0.000000] BIOS-e820: [mem 0x0000000007fe0000-0x0000000007ffffff] reserved
[    0.000000] BIOS-e820: [mem 0x00000000feffc000-0x00000000feffffff] reserved
[    0.000000] BIOS-e820: [mem 0x00000000fffc0000-0x00000000ffffffff] reserved
[    0.000000] BIOS-e820: [mem 0x000000fd00000000-0x000000ffffffffff] reserved
[    0.000000] NX (Execute Disable) protection: active
[    0.000000] APIC: Static calls initialized
[    0.000000] SMBIOS 3.0.0 present.
[    0.000000] DMI: QEMU Ubuntu 24.04 PC v2 (i440FX + PIIX, arch_caps fix, 1996), BIOS 1.16.3-debian-1.16.3-2 04/01/2014
[    0.000000] Hypervisor detected: KVM
[    0.000000] kvm-clock: Using msrs 4b564d01 and 4b564d00
[    0.000003] kvm-clock: using sched offset of 1359872229 cycles
[    0.000006] clocksource: kvm-clock: mask: 0xffffffffffffffff max_cycles: 0x1cd42e4dffb, max_idle_ns: 881590591483 ns
[    0.000010] tsc: Detected 1999.999 MHz processor
[    0.001800] last_pfn = 0x7fe0 max_arch_pfn = 0x400000000
[    0.003364] MTRR map: 4 entries (3 fixed + 1 variable; max 19), built from 8 variable MTRRs
[    0.003412] x86/PAT: Configuration [0-7]: WB  WC  UC- UC  WB  WP  UC- WT  
[    0.008281] found SMP MP-table at [mem 0x000f5480-0x000f548f]
[    0.008300] Using GB pages for direct mapping
[    0.008661] RAMDISK: [mem 0x07e64000-0x07fdffff]
[    0.008666] ACPI: Early table checksum verification disabled
[    0.008671] ACPI: RSDP 0x00000000000F5290 000014 (v00 BOCHS )
[    0.008676] ACPI: RSDT 0x0000000007FE1C52 000034 (v01 BOCHS  BXPC     00000001 BXPC 00000001)
[    0.008683] ACPI: FACP 0x0000000007FE1B06 000074 (v01 BOCHS  BXPC     00000001 BXPC 00000001)
[    0.008690] ACPI: DSDT 0x0000000007FE0040 001AC6 (v01 BOCHS  BXPC     00000001 BXPC 00000001)
[    0.008695] ACPI: FACS 0x0000000007FE0000 000040
[    0.008698] ACPI: APIC 0x0000000007FE1B7A 000078 (v03 BOCHS  BXPC     00000001 BXPC 00000001)
[    0.008702] ACPI: HPET 0x0000000007FE1BF2 000038 (v01 BOCHS  BXPC     00000001 BXPC 00000001)
[    0.008706] ACPI: WAET 0x0000000007FE1C2A 000028 (v01 BOCHS  BXPC     00000001 BXPC 00000001)
[    0.008709] ACPI: Reserving FACP table memory at [mem 0x7fe1b06-0x7fe1b79]
[    0.008711] ACPI: Reserving DSDT table memory at [mem 0x7fe0040-0x7fe1b05]
[    0.008712] ACPI: Reserving FACS table memory at [mem 0x7fe0000-0x7fe003f]
[    0.008714] ACPI: Reserving APIC table memory at [mem 0x7fe1b7a-0x7fe1bf1]
[    0.008715] ACPI: Reserving HPET table memory at [mem 0x7fe1bf2-0x7fe1c29]
[    0.008716] ACPI: Reserving WAET table memory at [mem 0x7fe1c2a-0x7fe1c51]
[    0.012848] No NUMA configuration found
[    0.012850] Faking a node at [mem 0x0000000000000000-0x0000000007fdffff]
[    0.012861] NODE_DATA(0) allocated [mem 0x07e39000-0x07e63fff]
[    0.013050] Zone ranges:
[    0.013051]   DMA      [mem 0x0000000000001000-0x0000000000ffffff]
[    0.013054]   DMA32    [mem 0x0000000001000000-0x0000000007fdffff]
[    0.013056]   Normal   empty
[    0.013057]   Device   empty
[    0.013058] Movable zone start for each node
[    0.013062] Early memory node ranges
[    0.013071]   node   0: [mem 0x0000000000001000-0x000000000009efff]
[    0.013073]   node   0: [mem 0x0000000000100000-0x0000000007fdffff]
[    0.013074] Initmem setup node 0 [mem 0x0000000000001000-0x0000000007fdffff]
[    0.013501] On node 0, zone DMA: 1 pages in unavailable ranges
[    0.013517] On node 0, zone DMA: 97 pages in unavailable ranges
[    0.013608] On node 0, zone DMA32: 32 pages in unavailable ranges
[    0.018552] ACPI: PM-Timer IO Port: 0x608
[    0.018643] ACPI: LAPIC_NMI (acpi_id[0xff] dfl dfl lint[0x1])
[    0.019104] IOAPIC[0]: apic_id 0, version 17, address 0xfec00000, GSI 0-23
[    0.019110] ACPI: INT_SRC_OVR (bus 0 bus_irq 0 global_irq 2 dfl dfl)
[    0.019112] ACPI: INT_SRC_OVR (bus 0 bus_irq 5 global_irq 5 high level)
[    0.019199] ACPI: INT_SRC_OVR (bus 0 bus_irq 9 global_irq 9 high level)
[    0.019202] ACPI: INT_SRC_OVR (bus 0 bus_irq 10 global_irq 10 high level)
[    0.019203] ACPI: INT_SRC_OVR (bus 0 bus_irq 11 global_irq 11 high level)
[    0.019208] ACPI: Using ACPI (MADT) for SMP configuration information
[    0.019210] ACPI: HPET id: 0x8086a201 base: 0xfed00000
[    0.019214] TSC deadline timer available
[    0.019215] smpboot: Allowing 1 CPUs, 0 hotplug CPUs
[    0.019351] kvm-guest: APIC: eoi() replaced with kvm_guest_apic_eoi_write()
[    0.019660] PM: hibernation: Registered nosave memory: [mem 0x00000000-0x00000fff]
[    0.019663] PM: hibernation: Registered nosave memory: [mem 0x0009f000-0x000fffff]
[    0.019665] [mem 0x08000000-0xfeffbfff] available for PCI devices
[    0.019667] Booting paravirtualized kernel on KVM
[    0.019669] clocksource: refined-jiffies: mask: 0xffffffff max_cycles: 0xffffffff, max_idle_ns: 1910969940391419 ns
[    0.019676] setup_percpu: NR_CPUS:8192 nr_cpumask_bits:1 nr_cpu_ids:1 nr_node_ids:1
[    0.020219] percpu: Embedded 86 pages/cpu s229376 r8192 d114688 u2097152
[    0.020588] kvm-guest: PV spinlocks disabled, single CPU
[    0.020591] Kernel command line: console=ttyS0 rdinit=/init mode=wrong-mac
[    0.020645] Unknown kernel command line parameters "mode=wrong-mac", will be passed to user space.
[    0.020662] random: crng init done
[    0.020674] Dentry cache hash table entries: 16384 (order: 5, 131072 bytes, linear)
[    0.020680] Inode-cache hash table entries: 8192 (order: 4, 65536 bytes, linear)
[    0.020900] Fallback order for Node 0: 0 
[    0.020904] Built 1 zonelists, mobility grouping on.  Total pages: 31968
[    0.020906] Policy zone: DMA32
[    0.020911] mem auto-init: stack:all(zero), heap alloc:on, heap free:off
[    0.021313] Memory: 72016K/130552K available (22528K kernel code, 4441K rwdata, 14428K rodata, 4932K init, 4776K bss, 58276K reserved, 0K cma-reserved)
[    0.022473] SLUB: HWalign=64, Order=0-3, MinObjects=0, CPUs=1, Nodes=1
[    0.022503] ftrace: allocating 58336 entries in 228 pages
[    0.035107] ftrace: allocated 228 pages with 4 groups
[    0.036219] Dynamic Preempt: voluntary
[    0.036281] rcu: Preemptible hierarchical RCU implementation.
[    0.036282] rcu: 	RCU restricting CPUs from NR_CPUS=8192 to nr_cpu_ids=1.
[    0.036285] 	Trampoline variant of Tasks RCU enabled.
[    0.036285] 	Rude variant of Tasks RCU enabled.
[    0.036286] 	Tracing variant of Tasks RCU enabled.
[    0.036287] rcu: RCU calculated value of scheduler-enlistment delay is 100 jiffies.
[    0.036288] rcu: Adjusting geometry for rcu_fanout_leaf=16, nr_cpu_ids=1
[    0.036298] RCU Tasks: Setting shift to 0 and lim to 1 rcu_task_cb_adjust=1 rcu_task_cpu_ids=1.
[    0.036300] RCU Tasks Rude: Setting shift to 0 and lim to 1 rcu_task_cb_adjust=1 rcu_task_cpu_ids=1.
[    0.036302] RCU Tasks Trace: Setting shift to 0 and lim to 1 rcu_task_cb_adjust=1 rcu_task_cpu_ids=1.
[    0.040869] NR_IRQS: 524544, nr_irqs: 256, preallocated irqs: 16
[    0.041886] rcu: srcu_init: Setting srcu_struct sizes based on contention.
[    0.146103] Console: colour VGA+ 80x25
[    0.146564] printk: legacy console [ttyS0] enabled
[    1.101721] ACPI: Core revision 20230628
[    1.108404] clocksource: hpet: mask: 0xffffffff max_cycles: 0xffffffff, max_idle_ns: 19112604467 ns
[    1.121528] APIC: Switch to symmetric I/O mode setup
[    1.136239] x2apic enabled
[    1.146434] APIC: Switched APIC routing to: physical x2apic
[    1.177922] ..TIMER: vector=0x30 apic1=0 pin1=2 apic2=-1 pin2=-1
[    1.190417] clocksource: tsc-early: mask: 0xffffffffffffffff max_cycles: 0x39a85afc727, max_idle_ns: 881590685098 ns
[    1.212435] Calibrating delay loop (skipped) preset value.. 3999.99 BogoMIPS (lpj=1999999)
[    1.217112] AMD Zen1 DIV0 bug detected. Disable SMT for full protection.
[    1.217474] AMD Zen1 FPDSS bug detected, enabling mitigation.
[    1.222071] Last level iTLB entries: 4KB 512, 2MB 255, 4MB 127
[    1.222431] Last level dTLB entries: 4KB 512, 2MB 255, 4MB 127, 1GB 0
[    1.223435] Spectre V1 : Mitigation: usercopy/swapgs barriers and __user pointer sanitization
[    1.224432] Spectre V2 : Mitigation: Retpolines
[    1.225431] Spectre V2 : Spectre v2 / SpectreRSB: Filling RSB on context switch and VMEXIT
[    1.226431] Spectre V2 : Enabling Speculation Barrier for firmware calls
[    1.227432] active return thunk: retbleed_return_thunk
[    1.228431] RETBleed: Mitigation: untrained return thunk
[    1.229434] Spectre V2 : mitigation: Enabling conditional Indirect Branch Prediction Barrier
[    1.230433] Speculative Store Bypass: Mitigation: Speculative Store Bypass disabled via prctl
[    1.232761] x86/fpu: Supporting XSAVE feature 0x001: 'x87 floating point registers'
[    1.234430] x86/fpu: Supporting XSAVE feature 0x002: 'SSE registers'
[    1.235431] x86/fpu: Supporting XSAVE feature 0x004: 'AVX registers'
[    1.236434] x86/fpu: xstate_offset[2]:  576, xstate_sizes[2]:  256
[    1.238432] x86/fpu: Enabled xstate features 0x7, context size is 832 bytes, using 'compacted' format.
[    1.283104] Freeing SMP alternatives memory: 48K
[    1.283432] pid_max: default: 32768 minimum: 301
[    1.284505] LSM: initializing lsm=lockdown,capability,landlock,yama,apparmor,integrity
[    1.285454] landlock: Up and running.
[    1.287431] Yama: becoming mindful.
[    1.288474] AppArmor: AppArmor initialized
[    1.289482] Mount-cache hash table entries: 512 (order: 0, 4096 bytes, linear)
[    1.290434] Mountpoint-cache hash table entries: 512 (order: 0, 4096 bytes, linear)
[    1.293428] smpboot: CPU0: AMD EPYC 7401P 24-Core Processor (family: 0x17, model: 0x1, stepping: 0x2)
[    1.293716] Performance Events: Fam17h+ core perfctr, AMD PMU driver.
[    1.294517] ... version:                0
[    1.295474] ... bit width:              48
[    1.296473] ... generic registers:      6
[    1.297538] ... value mask:             0000ffffffffffff
[    1.298474] ... max period:             00007fffffffffff
[    1.299574] ... fixed-purpose events:   0
[    1.300471] ... event mask:             000000000000003f
[    1.301631] signal: max sigframe size: 1776
[    1.302577] rcu: Hierarchical SRCU implementation.
[    1.303473] rcu: 	Max phase no-delay instances is 400.
[    1.309061] smp: Bringing up secondary CPUs ...
[    1.309490] smp: Brought up 1 node, 1 CPU
[    1.310476] smpboot: Max logical packages: 1
[    1.311479] smpboot: Total of 1 processors activated (3999.99 BogoMIPS)
[    1.313815] devtmpfs: initialized
[    1.314533] x86/mm: Memory block size: 128MB
[    1.315925] clocksource: jiffies: mask: 0xffffffff max_cycles: 0xffffffff, max_idle_ns: 1911260446275000 ns
[    1.316505] futex hash table entries: 256 (order: 2, 16384 bytes, linear)
[    1.317572] pinctrl core: initialized pinctrl subsystem
[    1.319484] PM: RTC time: 16:02:25, date: 2026-10-03
[    1.322117] NET: Registered PF_NETLINK/PF_ROUTE protocol family
[    1.322730] DMA: preallocated 128 KiB GFP_KERNEL pool for atomic allocations
[    1.323487] DMA: preallocated 128 KiB GFP_KERNEL|GFP_DMA pool for atomic allocations
[    1.324489] DMA: preallocated 128 KiB GFP_KERNEL|GFP_DMA32 pool for atomic allocations
[    1.325494] audit: initializing netlink subsys (disabled)
[    1.326559] audit: type=2000 audit(1791043343.829:1): state=initialized audit_enabled=0 res=1
[    1.327645] thermal_sys: Registered thermal governor 'fair_share'
[    1.327647] thermal_sys: Registered thermal governor 'bang_bang'
[    1.328477] thermal_sys: Registered thermal governor 'step_wise'
[    1.329475] thermal_sys: Registered thermal governor 'user_space'
[    1.330473] thermal_sys: Registered thermal governor 'power_allocator'
[    1.331502] cpuidle: using governor ladder
[    1.333483] cpuidle: using governor menu
[    1.347144] acpiphp: ACPI Hot Plug PCI Controller Driver version: 0.5
[    1.348640] PCI: Using configuration type 1 for base access
[    1.349473] PCI: Using configuration type 1 for extended access
[    1.350629] kprobes: kprobe jump-optimization is enabled. All kprobes are optimized if possible.
[    1.400806] HugeTLB: registered 1.00 GiB page size, pre-allocated 0 pages
[    1.401496] HugeTLB: 16380 KiB vmemmap can be freed for a 1.00 GiB page
[    1.402477] HugeTLB: registered 2.00 MiB page size, pre-allocated 0 pages
[    1.403572] HugeTLB: 28 KiB vmemmap can be freed for a 2.00 MiB page
[    1.408318] ACPI: Added _OSI(Module Device)
[    1.408566] ACPI: Added _OSI(Processor Device)
[    1.409483] ACPI: Added _OSI(Processor Aggregator Device)
[    1.411691] ACPI: 1 ACPI AML tables successfully acquired and loaded
[    1.415582] ACPI: _OSC evaluation for CPUs failed, trying _PDC
[    1.416612] ACPI: Interpreter enabled
[    1.417515] ACPI: PM: (supports S0 S3 S4 S5)
[    1.418490] ACPI: Using IOAPIC for interrupt routing
[    1.419655] PCI: Using host bridge windows from ACPI; if necessary, use "pci=nocrs" and report a bug
[    1.420474] PCI: Using E820 reservations for host bridge windows
[    1.421915] ACPI: Enabled 2 GPEs in block 00 to 0F
[    1.429609] ACPI: PCI Root Bridge [PCI0] (domain 0000 [bus 00-ff])
[    1.430481] acpi PNP0A03:00: _OSC: OS supports [ExtendedConfig ASPM ClockPM Segments MSI EDR HPX-Type3]
[    1.432729] acpiphp: Slot [3] registered
[    1.433631] acpiphp: Slot [4] registered
[    1.434630] acpiphp: Slot [5] registered
[    1.435648] acpiphp: Slot [6] registered
[    1.436671] acpiphp: Slot [7] registered
[    1.437655] acpiphp: Slot [8] registered
[    1.438654] acpiphp: Slot [9] registered
[    1.439659] acpiphp: Slot [10] registered
[    1.440629] acpiphp: Slot [11] registered
[    1.441682] acpiphp: Slot [12] registered
[    1.442697] acpiphp: Slot [13] registered
[    1.443628] acpiphp: Slot [14] registered
[    1.444629] acpiphp: Slot [15] registered
[    1.445647] acpiphp: Slot [16] registered
[    1.446655] acpiphp: Slot [17] registered
[    1.447656] acpiphp: Slot [18] registered
[    1.448631] acpiphp: Slot [19] registered
[    1.449652] acpiphp: Slot [20] registered
[    1.450632] acpiphp: Slot [21] registered
[    1.451640] acpiphp: Slot [22] registered
[    1.452634] acpiphp: Slot [23] registered
[    1.453633] acpiphp: Slot [24] registered
[    1.454643] acpiphp: Slot [25] registered
[    1.455644] acpiphp: Slot [26] registered
[    1.456637] acpiphp: Slot [27] registered
[    1.457728] acpiphp: Slot [28] registered
[    1.458703] acpiphp: Slot [29] registered
[    1.459639] acpiphp: Slot [30] registered
[    1.460741] acpiphp: Slot [31] registered
[    1.461664] PCI host bridge to bus 0000:00
[    1.462497] pci_bus 0000:00: root bus resource [io  0x0000-0x0cf7 window]
[    1.463491] pci_bus 0000:00: root bus resource [io  0x0d00-0xffff window]
[    1.464481] pci_bus 0000:00: root bus resource [mem 0x000a0000-0x000bffff window]
[    1.465476] pci_bus 0000:00: root bus resource [mem 0x08000000-0xfebfffff window]
[    1.466475] pci_bus 0000:00: root bus resource [mem 0x100000000-0x17fffffff window]
[    1.467476] pci_bus 0000:00: root bus resource [bus 00-ff]
[    1.471940] pci 0000:00:00.0: [8086:1237] type 00 class 0x060000 conventional PCI endpoint
[    1.481137] pci 0000:00:01.0: [8086:7000] type 00 class 0x060100 conventional PCI endpoint
[    1.490365] pci 0000:00:01.1: [8086:7010] type 00 class 0x010180 conventional PCI endpoint
[    1.497272] pci 0000:00:01.1: BAR 4 [io  0xc020-0xc02f]
[    1.498289] pci 0000:00:01.1: BAR 0 [io  0x01f0-0x01f7]: legacy IDE quirk
[    1.498482] pci 0000:00:01.1: BAR 1 [io  0x03f6]: legacy IDE quirk
[    1.499474] pci 0000:00:01.1: BAR 2 [io  0x0170-0x0177]: legacy IDE quirk
[    1.500576] pci 0000:00:01.1: BAR 3 [io  0x0376]: legacy IDE quirk
[    1.503818] pci 0000:00:01.3: [8086:7113] type 00 class 0x068000 conventional PCI endpoint
[    1.511474] pci 0000:00:01.3: quirk: [io  0x0600-0x063f] claimed by PIIX4 ACPI
[    1.512616] pci 0000:00:01.3: quirk: [io  0x0700-0x070f] claimed by PIIX4 SMB
[    1.516920] pci 0000:00:02.0: [1234:1111] type 00 class 0x030000 conventional PCI endpoint
[    1.524826] pci 0000:00:02.0: BAR 0 [mem 0xfd000000-0xfdffffff pref]
[    1.525756] pci 0000:00:02.0: BAR 2 [mem 0xfeb90000-0xfeb90fff]
[    1.527116] pci 0000:00:02.0: ROM [mem 0xfeb80000-0xfeb8ffff pref]
[    1.528472] pci 0000:00:02.0: Video device with shadowed ROM at [mem 0x000c0000-0x000dffff]
[    1.534085] pci 0000:00:03.0: [1af4:1000] type 00 class 0x020000 conventional PCI endpoint
[    1.541616] pci 0000:00:03.0: BAR 0 [io  0xc000-0xc01f]
[    1.542703] pci 0000:00:03.0: BAR 1 [mem 0xfeb91000-0xfeb91fff]
[    1.544116] pci 0000:00:03.0: BAR 4 [mem 0xfe000000-0xfe003fff 64bit pref]
[    1.544646] pci 0000:00:03.0: ROM [mem 0xfeb00000-0xfeb7ffff pref]
[    1.910108] ACPI: PCI: Interrupt link LNKA configured for IRQ 10
[    1.911266] ACPI: PCI: Interrupt link LNKB configured for IRQ 10
[    1.912256] ACPI: PCI: Interrupt link LNKC configured for IRQ 11
[    1.913330] ACPI: PCI: Interrupt link LNKD configured for IRQ 11
[    1.913819] ACPI: PCI: Interrupt link LNKS configured for IRQ 9
[    1.916070] iommu: Default domain type: Translated
[    1.916571] iommu: DMA domain TLB invalidation policy: lazy mode
[    1.917952] SCSI subsystem initialized
[    1.918683] ACPI: bus type USB registered
[    1.919503] usbcore: registered new interface driver usbfs
[    1.920561] usbcore: registered new interface driver hub
[    1.921502] usbcore: registered new device driver usb
[    1.922632] pps_core: LinuxPPS API ver. 1 registered
[    1.923475] pps_core: Software ver. 5.3.6 - Copyright 2005-2007 Rodolfo Giometti <giometti@linux.it>
[    1.924515] PTP clock support registered
[    1.925659] EDAC MC: Ver: 3.0.0
[    1.929763] NetLabel: Initializing
[    1.930492] NetLabel:  domain hash size = 128
[    1.931477] NetLabel:  protocols = UNLABELED CIPSOv4 CALIPSO
[    1.932515] NetLabel:  unlabeled traffic allowed by default
[    1.933612] mctp: management component transport protocol core
[    1.934477] NET: Registered PF_MCTP protocol family
[    1.935493] PCI: Using ACPI for IRQ routing
[    1.938731] pci 0000:00:02.0: vgaarb: setting as boot VGA device
[    1.939428] pci 0000:00:02.0: vgaarb: bridge control possible
[    1.939428] pci 0000:00:02.0: vgaarb: VGA device added: decodes=io+mem,owns=io+mem,locks=none
[    1.939488] vgaarb: loaded
[    1.940939] hpet0: at MMIO 0xfed00000, IRQs 2, 8, 0
[    1.941498] hpet0: 3 comparators, 64-bit 100.000000 MHz counter
[    1.946560] clocksource: Switched to clocksource kvm-clock
[    1.959933] VFS: Disk quotas dquot_6.6.0
[    1.968886] VFS: Dquot-cache hash table entries: 512 (order 0, 4096 bytes)
[    1.984035] AppArmor: AppArmor Filesystem Enabled
[    1.994285] pnp: PnP ACPI init
[    2.002707] pnp: PnP ACPI: found 6 devices
[    2.020066] clocksource: acpi_pm: mask: 0xffffff max_cycles: 0xffffff, max_idle_ns: 2085701024 ns
[    2.038905] NET: Registered PF_INET protocol family
[    2.049304] IP idents hash table entries: 2048 (order: 2, 16384 bytes, linear)
[    2.088727] tcp_listen_portaddr_hash hash table entries: 256 (order: 0, 4096 bytes, linear)
[    2.106031] Table-perturb hash table entries: 65536 (order: 6, 262144 bytes, linear)
[    2.122437] TCP established hash table entries: 1024 (order: 1, 8192 bytes, linear)
[    2.138250] TCP bind hash table entries: 1024 (order: 3, 32768 bytes, linear)
[    2.153591] TCP: Hash tables configured (established 1024 bind 1024)
[    2.167307] MPTCP token hash table entries: 256 (order: 1, 6144 bytes, linear)
[    2.182651] UDP hash table entries: 256 (order: 1, 8192 bytes, linear)
[    2.196639] UDP-Lite hash table entries: 256 (order: 1, 8192 bytes, linear)
[    2.211634] NET: Registered PF_UNIX/PF_LOCAL protocol family
[    2.223479] NET: Registered PF_XDP protocol family
[    2.233922] pci_bus 0000:00: resource 4 [io  0x0000-0x0cf7 window]
[    2.246901] pci_bus 0000:00: resource 5 [io  0x0d00-0xffff window]
[    2.260298] pci_bus 0000:00: resource 6 [mem 0x000a0000-0x000bffff window]
[    2.274879] pci_bus 0000:00: resource 7 [mem 0x08000000-0xfebfffff window]
[    2.289332] pci_bus 0000:00: resource 8 [mem 0x100000000-0x17fffffff window]
[    2.304345] pci 0000:00:01.0: PIIX3: Enabling Passive Release
[    2.317231] pci 0000:00:00.0: quirk_passive_release+0x0/0xb0 took 12734 usecs
[    2.332582] pci 0000:00:00.0: Limiting direct PCI/PCI transfers
[    2.345026] pci 0000:00:00.0: quirk_natoma+0x0/0x40 took 12152 usecs
[    2.359672] PCI: CLS 0 bytes, default 64
[    2.368979] Trying to unpack rootfs image as initramfs...
[    2.380311] clocksource: tsc: mask: 0xffffffffffffffff max_cycles: 0x39a85afc727, max_idle_ns: 881590685098 ns
[    2.417021] Initialise system trusted keyrings
[    2.437040] Key type blacklist registered
[    2.452013] Freeing initrd memory: 1520K
[    2.460236] workingset: timestamp_bits=36 max_order=15 bucket_order=0
[    2.472737] zbud: loaded
[    2.478377] squashfs: version 4.0 (2009/01/31) Phillip Lougher
[    2.490378] fuse: init (API version 7.39)
[    2.499221] integrity: Platform Keyring initialized
[    2.511074] integrity: Machine keyring initialized
[    2.542069] Key type asymmetric registered
[    2.550997] Asymmetric key parser 'x509' registered
[    2.561259] Block layer SCSI generic (bsg) driver version 0.4 loaded (major 243)
[    2.576863] io scheduler mq-deadline registered
[    2.586362] shpchp: Standard Hot Plug PCI Controller Driver version: 0.4
[    2.600015] input: Power Button as /devices/LNXSYSTM:00/LNXPWRBN:00/input/input0
[    2.615078] ACPI: button: Power Button [PWRF]
[    2.654985] ACPI: \_SB_.LNKC: Enabled at IRQ 11
[    2.681903] Serial: 8250/16550 driver, 32 ports, IRQ sharing enabled
[    2.756841] 00:04: ttyS0 at I/O 0x3f8 (irq = 4, base_baud = 115200) is a 16550A
[    2.777975] Linux agpgart interface v0.103
[    2.789927] loop: module loaded
[    2.802981] scsi host0: ata_piix
[    2.810746] scsi host1: ata_piix
[    2.818667] ata1: PATA max MWDMA2 cmd 0x1f0 ctl 0x3f6 bmdma 0xc020 irq 14 lpm-pol 0
[    2.835325] ata2: PATA max MWDMA2 cmd 0x170 ctl 0x376 bmdma 0xc028 irq 15 lpm-pol 0
[    2.860481] ACPI: bus type drm_connector registered
[    2.872489] tun: Universal TUN/TAP device driver, 1.6
[    2.902200] PPP generic driver version 2.4.2
[    2.911671] i8042: PNP: PS/2 Controller [PNP0303:KBD,PNP0f13:MOU] at 0x60,0x64 irq 1,12
[    2.940301] serio: i8042 KBD port at 0x60,0x64 irq 1
[    2.950676] serio: i8042 AUX port at 0x60,0x64 irq 12
[    2.961969] mousedev: PS/2 mouse device common for all mice
[    2.977992] rtc_cmos 00:05: RTC can wake from S4
[    2.989113] input: AT Translated Set 2 keyboard as /devices/platform/i8042/serio0/input/input1
[    3.018451] ata2: found unknown device (class 0)
[    3.037215] rtc_cmos 00:05: registered as rtc0
[    3.055674] ata2.00: ATAPI: QEMU DVD-ROM, 2.5+, max UDMA/100
[    3.070396] rtc_cmos 00:05: setting system clock to 2026-10-03T16:02:28 UTC (1791043348)
[    3.096029] rtc_cmos 00:05: alarms up to one day, y3k, 242 bytes nvram, hpet irqs
[    3.116007] scsi 1:0:0:0: CD-ROM            QEMU     QEMU DVD-ROM     2.5+ PQ: 0 ANSI: 5
[    3.132887] i2c_dev: i2c /dev entries driver
[    3.142020] device-mapper: core: CONFIG_IMA_DISABLE_HTABLE is disabled. Duplicate IMA measurements will not be recorded in the IMA log.
[    3.184287] device-mapper: uevent: version 1.0.3
[    3.201697] device-mapper: ioctl: 4.48.0-ioctl (2023-03-01) initialised: dm-devel@redhat.com
[    3.219476] amd_pstate: the _CPC object is not present in SBIOS or ACPI disabled
[    3.235088] ledtrig-cpu: registered to indicate activity on CPUs
[    3.248044] drop_monitor: Initializing network drop monitor service
[    3.266205] NET: Registered PF_INET6 protocol family
[    3.281451] Segment Routing with IPv6
[    3.289710] In-situ OAM (IOAM) with IPv6
[    3.298264] NET: Registered PF_PACKET protocol family
[    3.313922] Key type dns_resolver registered
[    3.326993] sr 1:0:0:0: [sr0] scsi3-mmc drive: 4x/4x cd/rw xa/form2 tray
[    3.342287] IPI shorthand broadcast: enabled
[    3.363270] registered taskstats version 1
[    3.375634] Loading compiled-in X.509 certificates
[    3.387301] Loaded X.509 cert 'Build time autogenerated kernel key: 65a2441d98c8a817e997fff77c85e3c2a2878aa1'
[    3.414922] Loaded X.509 cert 'Canonical Ltd. Live Patch Signing 2025 Kmod: d541cef61dc7e793b7eb7e899970a2eef0b5dc8c'
[    3.437370] cdrom: Uniform CD-ROM driver Revision: 3.20
[    3.449385] Loaded X.509 cert 'Canonical Ltd. Live Patch Signing: 14df34d1a87cf37625abec039ef2bf521249b969'
[    3.473912] Loaded X.509 cert 'Canonical Ltd. Kernel Module Signing 2025 Kmod: 4627603d2357a2a3f81006370894c221175893e9'
[    3.503159] Loaded X.509 cert 'Canonical Ltd. Kernel Module Signing: 88f752e560a1e0737e31163a466ad7b70a850c19'
[    3.524098] blacklist: Loading compiled-in revocation X.509 certificates
[    3.543161] sr 1:0:0:0: Attached scsi generic sg0 type 5
[    3.554736] Loaded X.509 cert 'Canonical Ltd. Secure Boot Signing: 61482aa2830d0ab2ad5af10b7250da9033ddcef0'
[    3.575429] Loaded X.509 cert 'Canonical Ltd. Secure Boot Signing (2017): 242ade75ac4a15e50d50c84b0d45ff3eae707a03'
[    3.597415] Loaded X.509 cert 'Canonical Ltd. Secure Boot Signing (ESM 2018): 365188c1d374d6b07c3c8f240f8ef722433d6a8b'
[    3.620251] Loaded X.509 cert 'Canonical Ltd. Secure Boot Signing (2019): c0746fd6c5da3ae827864651ad66ae47fe24b3e8'
[    3.642745] Loaded X.509 cert 'Canonical Ltd. Secure Boot Signing (2021 v1): a8d54bbb3825cfb94fa13c9f8a594a195c107b8d'
[    3.665214] Loaded X.509 cert 'Canonical Ltd. Secure Boot Signing (2021 v2): 4cf046892d6fd3c9a5b03f98d845f90851dc6a8c'
[    3.687842] Loaded X.509 cert 'Canonical Ltd. Secure Boot Signing (2021 v3): 100437bb6de6e469b581e61cd66bce3ef4ed53af'
[    3.710721] Loaded X.509 cert 'Canonical Ltd. Secure Boot Signing (Ubuntu Core 2019): c1d57b8f6b743f23ee41f4f7ee292f06eecadfb9'
[    3.740248] Key type .fscrypt registered
[    3.748846] Key type fscrypt-provisioning registered
[    3.760438] Key type encrypted registered
[    3.769375] AppArmor: AppArmor sha256 policy hashing enabled
[    3.781857] ima: No TPM chip found, activating TPM-bypass!
[    3.793668] Loading compiled-in module X.509 certificates
[    3.806092] Loaded X.509 cert 'Build time autogenerated kernel key: 65a2441d98c8a817e997fff77c85e3c2a2878aa1'
[    3.827089] ima: Allocated hash algorithm: sha256
[    3.837381] ima: No architecture policies found
[    3.847053] evm: Initialising EVM extended attributes:
[    3.858147] evm: security.selinux
[    3.865428] evm: security.SMACK64
[    3.872684] evm: security.SMACK64EXEC
[    3.880670] evm: security.SMACK64TRANSMUTE
[    3.889665] evm: security.SMACK64MMAP
[    3.897993] evm: security.apparmor
[    3.905612] evm: security.ima
[    3.912442] evm: security.capability
[    3.920413] evm: HMAC attrs: 0x1
[    3.928110] PM:   Magic number: 14:906:33
[    3.944637] RAS: Correctable Errors collector initialized.
[    3.956036] Unstable clock detected, switching default tracing clock to "global"
[    3.956036] If you want to keep using the local clock, then add:
[    3.956036]   "trace_clock=local"
[    3.956036] on the kernel command line
[    3.998727] clk: Disabling unused clocks
[    4.015924] Freeing unused decrypted memory: 2028K
[    4.023155] Freeing unused kernel image (initmem) memory: 4932K
[    4.030011] Write protecting the kernel read-only data: 38912k
[    4.037948] Freeing unused kernel image (rodata/data gap) memory: 1956K
[    4.118270] x86/mm: Checked W+X mappings: passed, no W+X pages found.
[    4.125845] Run /init as init process
sent guest probe wrong-mac length=54
[    4.376667] ACPI: PM: Preparing to enter system sleep state S5
[    4.384372] reboot: Power down
