[    0.000000] Linux version 6.8.0-139-generic (buildd@lcy02-amd64-036) (x86_64-linux-gnu-gcc-13 (Ubuntu 13.3.0-6ubuntu2~24.04.1) 13.3.0, GNU ld (GNU Binutils for Ubuntu) 2.42) #139-Ubuntu SMP PREEMPT_DYNAMIC Sat Aug  1 03:52:05 UTC 2026 (Ubuntu 6.8.0-139.139-generic 6.8.12)
[    0.000000] Command line: console=ttyS0 rdinit=/init mode=wrong-ip
[    0.000000] KERNEL supported cpus:
[    0.000000]   Intel GenuineIntel
[    0.000000]   AMD AuthenticAMD
[    0.000000]   Hygon HygonGenuine
[    0.000000]   Centaur CentaurHauls
[    0.000000]   zhaoxin   Shanghai  
[    0.000000] BIOS-provided physical RAM map:
[    0.000000] BIOS-e820: [mem 0x0000000000000000-0x000000000009fbff] usable
[    0.000000] BIOS-e820: [mem 0x000000000009fc00-0x000000000009ffff] reserved
[    0.000000] BIOS-e820: [mem 0x00000000000f0000-0x00000000000fffff] reserved
[    0.000000] BIOS-e820: [mem 0x0000000000100000-0x0000000007fdffff] usable
[    0.000000] BIOS-e820: [mem 0x0000000007fe0000-0x0000000007ffffff] reserved
[    0.000000] BIOS-e820: [mem 0x00000000feffc000-0x00000000feffffff] reserved
[    0.000000] BIOS-e820: [mem 0x00000000fffc0000-0x00000000ffffffff] reserved
[    0.000000] BIOS-e820: [mem 0x000000fd00000000-0x000000ffffffffff] reserved
[    0.000000] NX (Execute Disable) protection: active
[    0.000000] APIC: Static calls initialized
[    0.000000] SMBIOS 3.0.0 present.
[    0.000000] DMI: QEMU Ubuntu 24.04 PC v2 (i440FX + PIIX, arch_caps fix, 1996), BIOS 1.16.3-debian-1.16.3-2 04/01/2014
[    0.000000] Hypervisor detected: KVM
[    0.000000] kvm-clock: Using msrs 4b564d01 and 4b564d00
[    0.000002] kvm-clock: using sched offset of 1333204606 cycles
[    0.000006] clocksource: kvm-clock: mask: 0xffffffffffffffff max_cycles: 0x1cd42e4dffb, max_idle_ns: 881590591483 ns
[    0.000009] tsc: Detected 1999.999 MHz processor
[    0.001771] last_pfn = 0x7fe0 max_arch_pfn = 0x400000000
[    0.003292] MTRR map: 4 entries (3 fixed + 1 variable; max 19), built from 8 variable MTRRs
[    0.003336] x86/PAT: Configuration [0-7]: WB  WC  UC- UC  WB  WP  UC- WT  
[    0.008107] found SMP MP-table at [mem 0x000f5480-0x000f548f]
[    0.008210] Using GB pages for direct mapping
[    0.008567] RAMDISK: [mem 0x07e64000-0x07fdffff]
[    0.008572] ACPI: Early table checksum verification disabled
[    0.008576] ACPI: RSDP 0x00000000000F5290 000014 (v00 BOCHS )
[    0.008582] ACPI: RSDT 0x0000000007FE1C52 000034 (v01 BOCHS  BXPC     00000001 BXPC 00000001)
[    0.008590] ACPI: FACP 0x0000000007FE1B06 000074 (v01 BOCHS  BXPC     00000001 BXPC 00000001)
[    0.008597] ACPI: DSDT 0x0000000007FE0040 001AC6 (v01 BOCHS  BXPC     00000001 BXPC 00000001)
[    0.008601] ACPI: FACS 0x0000000007FE0000 000040
[    0.008605] ACPI: APIC 0x0000000007FE1B7A 000078 (v03 BOCHS  BXPC     00000001 BXPC 00000001)
[    0.008608] ACPI: HPET 0x0000000007FE1BF2 000038 (v01 BOCHS  BXPC     00000001 BXPC 00000001)
[    0.008612] ACPI: WAET 0x0000000007FE1C2A 000028 (v01 BOCHS  BXPC     00000001 BXPC 00000001)
[    0.008615] ACPI: Reserving FACP table memory at [mem 0x7fe1b06-0x7fe1b79]
[    0.008617] ACPI: Reserving DSDT table memory at [mem 0x7fe0040-0x7fe1b05]
[    0.008618] ACPI: Reserving FACS table memory at [mem 0x7fe0000-0x7fe003f]
[    0.008619] ACPI: Reserving APIC table memory at [mem 0x7fe1b7a-0x7fe1bf1]
[    0.008621] ACPI: Reserving HPET table memory at [mem 0x7fe1bf2-0x7fe1c29]
[    0.008622] ACPI: Reserving WAET table memory at [mem 0x7fe1c2a-0x7fe1c51]
[    0.014095] No NUMA configuration found
[    0.014097] Faking a node at [mem 0x0000000000000000-0x0000000007fdffff]
[    0.014108] NODE_DATA(0) allocated [mem 0x07e39000-0x07e63fff]
[    0.014391] Zone ranges:
[    0.014393]   DMA      [mem 0x0000000000001000-0x0000000000ffffff]
[    0.014396]   DMA32    [mem 0x0000000001000000-0x0000000007fdffff]
[    0.014398]   Normal   empty
[    0.014399]   Device   empty
[    0.014400] Movable zone start for each node
[    0.014404] Early memory node ranges
[    0.014404]   node   0: [mem 0x0000000000001000-0x000000000009efff]
[    0.014406]   node   0: [mem 0x0000000000100000-0x0000000007fdffff]
[    0.014408] Initmem setup node 0 [mem 0x0000000000001000-0x0000000007fdffff]
[    0.014827] On node 0, zone DMA: 1 pages in unavailable ranges
[    0.014844] On node 0, zone DMA: 97 pages in unavailable ranges
[    0.014937] On node 0, zone DMA32: 32 pages in unavailable ranges
[    0.022757] ACPI: PM-Timer IO Port: 0x608
[    0.022851] ACPI: LAPIC_NMI (acpi_id[0xff] dfl dfl lint[0x1])
[    0.023385] IOAPIC[0]: apic_id 0, version 17, address 0xfec00000, GSI 0-23
[    0.023390] ACPI: INT_SRC_OVR (bus 0 bus_irq 0 global_irq 2 dfl dfl)
[    0.023393] ACPI: INT_SRC_OVR (bus 0 bus_irq 5 global_irq 5 high level)
[    0.023394] ACPI: INT_SRC_OVR (bus 0 bus_irq 9 global_irq 9 high level)
[    0.023396] ACPI: INT_SRC_OVR (bus 0 bus_irq 10 global_irq 10 high level)
[    0.023398] ACPI: INT_SRC_OVR (bus 0 bus_irq 11 global_irq 11 high level)
[    0.023402] ACPI: Using ACPI (MADT) for SMP configuration information
[    0.023404] ACPI: HPET id: 0x8086a201 base: 0xfed00000
[    0.023409] TSC deadline timer available
[    0.023410] smpboot: Allowing 1 CPUs, 0 hotplug CPUs
[    0.023563] kvm-guest: APIC: eoi() replaced with kvm_guest_apic_eoi_write()
[    0.023858] PM: hibernation: Registered nosave memory: [mem 0x00000000-0x00000fff]
[    0.023861] PM: hibernation: Registered nosave memory: [mem 0x0009f000-0x000fffff]
[    0.023863] [mem 0x08000000-0xfeffbfff] available for PCI devices
[    0.023865] Booting paravirtualized kernel on KVM
[    0.023867] clocksource: refined-jiffies: mask: 0xffffffff max_cycles: 0xffffffff, max_idle_ns: 1910969940391419 ns
[    0.023874] setup_percpu: NR_CPUS:8192 nr_cpumask_bits:1 nr_cpu_ids:1 nr_node_ids:1
[    0.024374] percpu: Embedded 86 pages/cpu s229376 r8192 d114688 u2097152
[    0.024819] kvm-guest: PV spinlocks disabled, single CPU
[    0.024823] Kernel command line: console=ttyS0 rdinit=/init mode=wrong-ip
[    0.024884] Unknown kernel command line parameters "mode=wrong-ip", will be passed to user space.
[    0.024903] random: crng init done
[    0.024920] Dentry cache hash table entries: 16384 (order: 5, 131072 bytes, linear)
[    0.024926] Inode-cache hash table entries: 8192 (order: 4, 65536 bytes, linear)
[    0.025317] Fallback order for Node 0: 0 
[    0.025321] Built 1 zonelists, mobility grouping on.  Total pages: 31968
[    0.025323] Policy zone: DMA32
[    0.025330] mem auto-init: stack:all(zero), heap alloc:on, heap free:off
[    0.025694] Memory: 72016K/130552K available (22528K kernel code, 4441K rwdata, 14428K rodata, 4932K init, 4776K bss, 58276K reserved, 0K cma-reserved)
[    0.026850] SLUB: HWalign=64, Order=0-3, MinObjects=0, CPUs=1, Nodes=1
[    0.026881] ftrace: allocating 58336 entries in 228 pages
[    0.041057] ftrace: allocated 228 pages with 4 groups
[    0.042422] Dynamic Preempt: voluntary
[    0.042488] rcu: Preemptible hierarchical RCU implementation.
[    0.042490] rcu: 	RCU restricting CPUs from NR_CPUS=8192 to nr_cpu_ids=1.
[    0.042492] 	Trampoline variant of Tasks RCU enabled.
[    0.042492] 	Rude variant of Tasks RCU enabled.
[    0.042493] 	Tracing variant of Tasks RCU enabled.
[    0.042494] rcu: RCU calculated value of scheduler-enlistment delay is 100 jiffies.
[    0.042495] rcu: Adjusting geometry for rcu_fanout_leaf=16, nr_cpu_ids=1
[    0.042503] RCU Tasks: Setting shift to 0 and lim to 1 rcu_task_cb_adjust=1 rcu_task_cpu_ids=1.
[    0.042505] RCU Tasks Rude: Setting shift to 0 and lim to 1 rcu_task_cb_adjust=1 rcu_task_cpu_ids=1.
[    0.042506] RCU Tasks Trace: Setting shift to 0 and lim to 1 rcu_task_cb_adjust=1 rcu_task_cpu_ids=1.
[    0.046933] NR_IRQS: 524544, nr_irqs: 256, preallocated irqs: 16
[    0.048064] rcu: srcu_init: Setting srcu_struct sizes based on contention.
[    0.190087] Console: colour VGA+ 80x25
[    0.190734] printk: legacy console [ttyS0] enabled
[    1.616189] ACPI: Core revision 20230628
[    1.626200] clocksource: hpet: mask: 0xffffffff max_cycles: 0xffffffff, max_idle_ns: 19112604467 ns
[    1.646693] APIC: Switch to symmetric I/O mode setup
[    1.664957] x2apic enabled
[    1.676202] APIC: Switched APIC routing to: physical x2apic
[    1.711094] ..TIMER: vector=0x30 apic1=0 pin1=2 apic2=-1 pin2=-1
[    1.723676] clocksource: tsc-early: mask: 0xffffffffffffffff max_cycles: 0x39a85afc727, max_idle_ns: 881590685098 ns
[    1.746201] Calibrating delay loop (skipped) preset value.. 3999.99 BogoMIPS (lpj=1999999)
[    1.750907] AMD Zen1 DIV0 bug detected. Disable SMT for full protection.
[    1.752197] AMD Zen1 FPDSS bug detected, enabling mitigation.
[    1.757909] Last level iTLB entries: 4KB 512, 2MB 255, 4MB 127
[    1.758201] Last level dTLB entries: 4KB 512, 2MB 255, 4MB 127, 1GB 0
[    1.759205] Spectre V1 : Mitigation: usercopy/swapgs barriers and __user pointer sanitization
[    1.760204] Spectre V2 : Mitigation: Retpolines
[    1.762198] Spectre V2 : Spectre v2 / SpectreRSB: Filling RSB on context switch and VMEXIT
[    1.763199] Spectre V2 : Enabling Speculation Barrier for firmware calls
[    1.764199] active return thunk: retbleed_return_thunk
[    1.765201] RETBleed: Mitigation: untrained return thunk
[    1.766207] Spectre V2 : mitigation: Enabling conditional Indirect Branch Prediction Barrier
[    1.768199] Speculative Store Bypass: Mitigation: Speculative Store Bypass disabled via prctl
[    1.770594] x86/fpu: Supporting XSAVE feature 0x001: 'x87 floating point registers'
[    1.771200] x86/fpu: Supporting XSAVE feature 0x002: 'SSE registers'
[    1.773198] x86/fpu: Supporting XSAVE feature 0x004: 'AVX registers'
[    1.774205] x86/fpu: xstate_offset[2]:  576, xstate_sizes[2]:  256
[    1.775206] x86/fpu: Enabled xstate features 0x7, context size is 832 bytes, using 'compacted' format.
[    1.820456] Freeing SMP alternatives memory: 48K
[    1.821199] pid_max: default: 32768 minimum: 301
[    1.822282] LSM: initializing lsm=lockdown,capability,landlock,yama,apparmor,integrity
[    1.823235] landlock: Up and running.
[    1.824199] Yama: becoming mindful.
[    1.825265] AppArmor: AppArmor initialized
[    1.826259] Mount-cache hash table entries: 512 (order: 0, 4096 bytes, linear)
[    1.827204] Mountpoint-cache hash table entries: 512 (order: 0, 4096 bytes, linear)
[    1.830195] smpboot: CPU0: AMD EPYC 7401P 24-Core Processor (family: 0x17, model: 0x1, stepping: 0x2)
[    1.830692] Performance Events: Fam17h+ core perfctr, AMD PMU driver.
[    1.831299] ... version:                0
[    1.832242] ... bit width:              48
[    1.833244] ... generic registers:      6
[    1.834278] ... value mask:             0000ffffffffffff
[    1.835242] ... max period:             00007fffffffffff
[    1.836242] ... fixed-purpose events:   0
[    1.837271] ... event mask:             000000000000003f
[    1.838503] signal: max sigframe size: 1776
[    1.839353] rcu: Hierarchical SRCU implementation.
[    1.840254] rcu: 	Max phase no-delay instances is 400.
[    1.846508] smp: Bringing up secondary CPUs ...
[    1.847263] smp: Brought up 1 node, 1 CPU
[    1.848250] smpboot: Max logical packages: 1
[    1.849242] smpboot: Total of 1 processors activated (3999.99 BogoMIPS)
[    1.851519] devtmpfs: initialized
[    1.852390] x86/mm: Memory block size: 128MB
[    1.853681] clocksource: jiffies: mask: 0xffffffff max_cycles: 0xffffffff, max_idle_ns: 1911260446275000 ns
[    1.854294] futex hash table entries: 256 (order: 2, 16384 bytes, linear)
[    1.855376] pinctrl core: initialized pinctrl subsystem
[    1.857240] PM: RTC time: 16:02:34, date: 2026-10-03
[    1.859853] NET: Registered PF_NETLINK/PF_ROUTE protocol family
[    1.860483] DMA: preallocated 128 KiB GFP_KERNEL pool for atomic allocations
[    1.861257] DMA: preallocated 128 KiB GFP_KERNEL|GFP_DMA pool for atomic allocations
[    1.862360] DMA: preallocated 128 KiB GFP_KERNEL|GFP_DMA32 pool for atomic allocations
[    1.863359] audit: initializing netlink subsys (disabled)
[    1.864456] audit: type=2000 audit(1791043353.397:1): state=initialized audit_enabled=0 res=1
[    1.865563] thermal_sys: Registered thermal governor 'fair_share'
[    1.865565] thermal_sys: Registered thermal governor 'bang_bang'
[    1.866265] thermal_sys: Registered thermal governor 'step_wise'
[    1.867240] thermal_sys: Registered thermal governor 'user_space'
[    1.868243] thermal_sys: Registered thermal governor 'power_allocator'
[    1.869291] cpuidle: using governor ladder
[    1.871284] cpuidle: using governor menu
[    1.886057] acpiphp: ACPI Hot Plug PCI Controller Driver version: 0.5
[    1.887562] PCI: Using configuration type 1 for base access
[    1.888243] PCI: Using configuration type 1 for extended access
[    1.889456] kprobes: kprobe jump-optimization is enabled. All kprobes are optimized if possible.
[    1.939466] HugeTLB: registered 1.00 GiB page size, pre-allocated 0 pages
[    1.940248] HugeTLB: 16380 KiB vmemmap can be freed for a 1.00 GiB page
[    1.941242] HugeTLB: registered 2.00 MiB page size, pre-allocated 0 pages
[    1.942261] HugeTLB: 28 KiB vmemmap can be freed for a 2.00 MiB page
[    1.947629] ACPI: Added _OSI(Module Device)
[    1.948261] ACPI: Added _OSI(Processor Device)
[    1.949358] ACPI: Added _OSI(Processor Aggregator Device)
[    1.951709] ACPI: 1 ACPI AML tables successfully acquired and loaded
[    1.955321] ACPI: _OSC evaluation for CPUs failed, trying _PDC
[    1.956497] ACPI: Interpreter enabled
[    1.957270] ACPI: PM: (supports S0 S3 S4 S5)
[    1.958240] ACPI: Using IOAPIC for interrupt routing
[    1.959445] PCI: Using host bridge windows from ACPI; if necessary, use "pci=nocrs" and report a bug
[    1.960259] PCI: Using E820 reservations for host bridge windows
[    1.961750] ACPI: Enabled 2 GPEs in block 00 to 0F
[    1.970084] ACPI: PCI Root Bridge [PCI0] (domain 0000 [bus 00-ff])
[    1.970253] acpi PNP0A03:00: _OSC: OS supports [ExtendedConfig ASPM ClockPM Segments MSI EDR HPX-Type3]
[    1.972411] acpiphp: Slot [3] registered
[    1.973519] acpiphp: Slot [4] registered
[    1.974422] acpiphp: Slot [5] registered
[    1.975459] acpiphp: Slot [6] registered
[    1.976532] acpiphp: Slot [7] registered
[    1.977490] acpiphp: Slot [8] registered
[    1.978489] acpiphp: Slot [9] registered
[    1.979421] acpiphp: Slot [10] registered
[    1.980460] acpiphp: Slot [11] registered
[    1.981397] acpiphp: Slot [12] registered
[    1.982429] acpiphp: Slot [13] registered
[    1.983398] acpiphp: Slot [14] registered
[    1.984407] acpiphp: Slot [15] registered
[    1.985460] acpiphp: Slot [16] registered
[    1.986461] acpiphp: Slot [17] registered
[    1.987430] acpiphp: Slot [18] registered
[    1.988413] acpiphp: Slot [19] registered
[    1.989433] acpiphp: Slot [20] registered
[    1.990406] acpiphp: Slot [21] registered
[    1.991462] acpiphp: Slot [22] registered
[    1.992396] acpiphp: Slot [23] registered
[    1.993422] acpiphp: Slot [24] registered
[    1.994395] acpiphp: Slot [25] registered
[    1.995489] acpiphp: Slot [26] registered
[    1.996451] acpiphp: Slot [27] registered
[    1.997447] acpiphp: Slot [28] registered
[    1.998436] acpiphp: Slot [29] registered
[    1.999415] acpiphp: Slot [30] registered
[    2.000395] acpiphp: Slot [31] registered
[    2.001423] PCI host bridge to bus 0000:00
[    2.002242] pci_bus 0000:00: root bus resource [io  0x0000-0x0cf7 window]
[    2.003244] pci_bus 0000:00: root bus resource [io  0x0d00-0xffff window]
[    2.004241] pci_bus 0000:00: root bus resource [mem 0x000a0000-0x000bffff window]
[    2.005241] pci_bus 0000:00: root bus resource [mem 0x08000000-0xfebfffff window]
[    2.006241] pci_bus 0000:00: root bus resource [mem 0x100000000-0x17fffffff window]
[    2.007245] pci_bus 0000:00: root bus resource [bus 00-ff]
[    2.011757] pci 0000:00:00.0: [8086:1237] type 00 class 0x060000 conventional PCI endpoint
[    2.020407] pci 0000:00:01.0: [8086:7000] type 00 class 0x060100 conventional PCI endpoint
[    2.030382] pci 0000:00:01.1: [8086:7010] type 00 class 0x010180 conventional PCI endpoint
[    2.038532] pci 0000:00:01.1: BAR 4 [io  0xc020-0xc02f]
[    2.039968] pci 0000:00:01.1: BAR 0 [io  0x01f0-0x01f7]: legacy IDE quirk
[    2.040240] pci 0000:00:01.1: BAR 1 [io  0x03f6]: legacy IDE quirk
[    2.041240] pci 0000:00:01.1: BAR 2 [io  0x0170-0x0177]: legacy IDE quirk
[    2.042246] pci 0000:00:01.1: BAR 3 [io  0x0376]: legacy IDE quirk
[    2.045559] pci 0000:00:01.3: [8086:7113] type 00 class 0x068000 conventional PCI endpoint
[    2.053390] pci 0000:00:01.3: quirk: [io  0x0600-0x063f] claimed by PIIX4 ACPI
[    2.054397] pci 0000:00:01.3: quirk: [io  0x0700-0x070f] claimed by PIIX4 SMB
[    2.058682] pci 0000:00:02.0: [1234:1111] type 00 class 0x030000 conventional PCI endpoint
[    2.066687] pci 0000:00:02.0: BAR 0 [mem 0xfd000000-0xfdffffff pref]
[    2.067619] pci 0000:00:02.0: BAR 2 [mem 0xfeb90000-0xfeb90fff]
[    2.068921] pci 0000:00:02.0: ROM [mem 0xfeb80000-0xfeb8ffff pref]
[    2.070292] pci 0000:00:02.0: Video device with shadowed ROM at [mem 0x000c0000-0x000dffff]
[    2.075815] pci 0000:00:03.0: [1af4:1000] type 00 class 0x020000 conventional PCI endpoint
[    2.083392] pci 0000:00:03.0: BAR 0 [io  0xc000-0xc01f]
[    2.084382] pci 0000:00:03.0: BAR 1 [mem 0xfeb91000-0xfeb91fff]
[    2.085886] pci 0000:00:03.0: BAR 4 [mem 0xfe000000-0xfe003fff 64bit pref]
[    2.086467] pci 0000:00:03.0: ROM [mem 0xfeb00000-0xfeb7ffff pref]
[    2.434916] ACPI: PCI: Interrupt link LNKA configured for IRQ 10
[    2.436051] ACPI: PCI: Interrupt link LNKB configured for IRQ 10
[    2.437018] ACPI: PCI: Interrupt link LNKC configured for IRQ 11
[    2.437947] ACPI: PCI: Interrupt link LNKD configured for IRQ 11
[    2.438600] ACPI: PCI: Interrupt link LNKS configured for IRQ 9
[    2.440276] iommu: Default domain type: Translated
[    2.441239] iommu: DMA domain TLB invalidation policy: lazy mode
[    2.442640] SCSI subsystem initialized
[    2.443356] ACPI: bus type USB registered
[    2.444262] usbcore: registered new interface driver usbfs
[    2.445262] usbcore: registered new interface driver hub
[    2.446250] usbcore: registered new device driver usb
[    2.447279] pps_core: LinuxPPS API ver. 1 registered
[    2.448239] pps_core: Software ver. 5.3.6 - Copyright 2005-2007 Rodolfo Giometti <giometti@linux.it>
[    2.449257] PTP clock support registered
[    2.450328] EDAC MC: Ver: 3.0.0
[    2.453725] NetLabel: Initializing
[    2.454241] NetLabel:  domain hash size = 128
[    2.455240] NetLabel:  protocols = UNLABELED CIPSOv4 CALIPSO
[    2.456260] NetLabel:  unlabeled traffic allowed by default
[    2.457385] mctp: management component transport protocol core
[    2.458271] NET: Registered PF_MCTP protocol family
[    2.459269] PCI: Using ACPI for IRQ routing
[    2.462559] pci 0000:00:02.0: vgaarb: setting as boot VGA device
[    2.463195] pci 0000:00:02.0: vgaarb: bridge control possible
[    2.463195] pci 0000:00:02.0: vgaarb: VGA device added: decodes=io+mem,owns=io+mem,locks=none
[    2.463250] vgaarb: loaded
[    2.464570] hpet0: at MMIO 0xfed00000, IRQs 2, 8, 0
[    2.465239] hpet0: 3 comparators, 64-bit 100.000000 MHz counter
[    2.470284] clocksource: Switched to clocksource kvm-clock
[    2.482212] VFS: Disk quotas dquot_6.6.0
[    2.490168] VFS: Dquot-cache hash table entries: 512 (order 0, 4096 bytes)
[    2.503784] AppArmor: AppArmor Filesystem Enabled
[    2.513193] pnp: PnP ACPI init
[    2.520804] pnp: PnP ACPI: found 6 devices
[    2.537243] clocksource: acpi_pm: mask: 0xffffff max_cycles: 0xffffff, max_idle_ns: 2085701024 ns
[    2.555770] NET: Registered PF_INET protocol family
[    2.567138] IP idents hash table entries: 2048 (order: 2, 16384 bytes, linear)
[    2.603635] tcp_listen_portaddr_hash hash table entries: 256 (order: 0, 4096 bytes, linear)
[    2.621284] Table-perturb hash table entries: 65536 (order: 6, 262144 bytes, linear)
[    2.637361] TCP established hash table entries: 1024 (order: 1, 8192 bytes, linear)
[    2.652820] TCP bind hash table entries: 1024 (order: 3, 32768 bytes, linear)
[    2.667668] TCP: Hash tables configured (established 1024 bind 1024)
[    2.680350] MPTCP token hash table entries: 256 (order: 1, 6144 bytes, linear)
[    2.694251] UDP hash table entries: 256 (order: 1, 8192 bytes, linear)
[    2.707203] UDP-Lite hash table entries: 256 (order: 1, 8192 bytes, linear)
[    2.720509] NET: Registered PF_UNIX/PF_LOCAL protocol family
[    2.731673] NET: Registered PF_XDP protocol family
[    2.741531] pci_bus 0000:00: resource 4 [io  0x0000-0x0cf7 window]
[    2.753821] pci_bus 0000:00: resource 5 [io  0x0d00-0xffff window]
[    2.765908] pci_bus 0000:00: resource 6 [mem 0x000a0000-0x000bffff window]
[    2.779508] pci_bus 0000:00: resource 7 [mem 0x08000000-0xfebfffff window]
[    2.792745] pci_bus 0000:00: resource 8 [mem 0x100000000-0x17fffffff window]
[    2.806631] pci 0000:00:01.0: PIIX3: Enabling Passive Release
[    2.817850] pci 0000:00:00.0: quirk_passive_release+0x0/0xb0 took 11109 usecs
[    2.832260] pci 0000:00:00.0: Limiting direct PCI/PCI transfers
[    2.844145] pci 0000:00:00.0: quirk_natoma+0x0/0x40 took 11606 usecs
[    2.857728] PCI: CLS 0 bytes, default 64
[    2.866649] Trying to unpack rootfs image as initramfs...
[    2.877305] clocksource: tsc: mask: 0xffffffffffffffff max_cycles: 0x39a85afc727, max_idle_ns: 881590685098 ns
[    2.911711] Initialise system trusted keyrings
[    2.930441] Key type blacklist registered
[    2.944714] Freeing initrd memory: 1520K
[    2.953414] workingset: timestamp_bits=36 max_order=15 bucket_order=0
[    2.966191] zbud: loaded
[    2.972181] squashfs: version 4.0 (2009/01/31) Phillip Lougher
[    2.983845] fuse: init (API version 7.39)
[    2.992256] integrity: Platform Keyring initialized
[    3.001824] integrity: Machine keyring initialized
[    3.028191] Key type asymmetric registered
[    3.036090] Asymmetric key parser 'x509' registered
[    3.045834] Block layer SCSI generic (bsg) driver version 0.4 loaded (major 243)
[    3.060722] io scheduler mq-deadline registered
[    3.069831] shpchp: Standard Hot Plug PCI Controller Driver version: 0.4
[    3.083544] input: Power Button as /devices/LNXSYSTM:00/LNXPWRBN:00/input/input0
[    3.098473] ACPI: button: Power Button [PWRF]
[    3.134409] ACPI: \_SB_.LNKC: Enabled at IRQ 11
[    3.159580] Serial: 8250/16550 driver, 32 ports, IRQ sharing enabled
[    3.232576] 00:04: ttyS0 at I/O 0x3f8 (irq = 4, base_baud = 115200) is a 16550A
[    3.251355] Linux agpgart interface v0.103
[    3.261350] loop: module loaded
[    3.272738] scsi host0: ata_piix
[    3.279414] scsi host1: ata_piix
[    3.286220] ata1: PATA max MWDMA2 cmd 0x1f0 ctl 0x3f6 bmdma 0xc020 irq 14 lpm-pol 0
[    3.301668] ata2: PATA max MWDMA2 cmd 0x170 ctl 0x376 bmdma 0xc028 irq 15 lpm-pol 0
[    3.324633] ACPI: bus type drm_connector registered
[    3.335353] tun: Universal TUN/TAP device driver, 1.6
[    3.361649] PPP generic driver version 2.4.2
[    3.371212] i8042: PNP: PS/2 Controller [PNP0303:KBD,PNP0f13:MOU] at 0x60,0x64 irq 1,12
[    3.396923] serio: i8042 KBD port at 0x60,0x64 irq 1
[    3.407152] serio: i8042 AUX port at 0x60,0x64 irq 12
[    3.417808] mousedev: PS/2 mouse device common for all mice
[    3.432903] input: AT Translated Set 2 keyboard as /devices/platform/i8042/serio0/input/input1
[    3.449504] rtc_cmos 00:05: RTC can wake from S4
[    3.469686] rtc_cmos 00:05: registered as rtc0
[    3.482230] ata2: found unknown device (class 0)
[    3.499202] rtc_cmos 00:05: setting system clock to 2026-10-03T16:02:37 UTC (1791043357)
[    3.524158] ata2.00: ATAPI: QEMU DVD-ROM, 2.5+, max UDMA/100
[    3.539242] rtc_cmos 00:05: alarms up to one day, y3k, 242 bytes nvram, hpet irqs
[    3.566516] i2c_dev: i2c /dev entries driver
[    3.575399] scsi 1:0:0:0: CD-ROM            QEMU     QEMU DVD-ROM     2.5+ PQ: 0 ANSI: 5
[    3.591229] device-mapper: core: CONFIG_IMA_DISABLE_HTABLE is disabled. Duplicate IMA measurements will not be recorded in the IMA log.
[    3.630295] device-mapper: uevent: version 1.0.3
[    3.644721] device-mapper: ioctl: 4.48.0-ioctl (2023-03-01) initialised: dm-devel@redhat.com
[    3.661201] amd_pstate: the _CPC object is not present in SBIOS or ACPI disabled
[    3.675546] ledtrig-cpu: registered to indicate activity on CPUs
[    3.687401] drop_monitor: Initializing network drop monitor service
[    3.704187] NET: Registered PF_INET6 protocol family
[    3.717405] Segment Routing with IPv6
[    3.725191] In-situ OAM (IOAM) with IPv6
[    3.738449] NET: Registered PF_PACKET protocol family
[    3.752216] sr 1:0:0:0: [sr0] scsi3-mmc drive: 4x/4x cd/rw xa/form2 tray
[    3.765432] Key type dns_resolver registered
[    3.778459] IPI shorthand broadcast: enabled
[    3.794344] registered taskstats version 1
[    3.805591] Loading compiled-in X.509 certificates
[    3.816135] Loaded X.509 cert 'Build time autogenerated kernel key: 65a2441d98c8a817e997fff77c85e3c2a2878aa1'
[    3.840116] cdrom: Uniform CD-ROM driver Revision: 3.20
[    3.851247] Loaded X.509 cert 'Canonical Ltd. Live Patch Signing 2025 Kmod: d541cef61dc7e793b7eb7e899970a2eef0b5dc8c'
[    3.875505] Loaded X.509 cert 'Canonical Ltd. Live Patch Signing: 14df34d1a87cf37625abec039ef2bf521249b969'
[    3.899657] Loaded X.509 cert 'Canonical Ltd. Kernel Module Signing 2025 Kmod: 4627603d2357a2a3f81006370894c221175893e9'
[    3.924726] sr 1:0:0:0: Attached scsi generic sg0 type 5
[    3.936292] Loaded X.509 cert 'Canonical Ltd. Kernel Module Signing: 88f752e560a1e0737e31163a466ad7b70a850c19'
[    3.955589] blacklist: Loading compiled-in revocation X.509 certificates
[    3.969169] Loaded X.509 cert 'Canonical Ltd. Secure Boot Signing: 61482aa2830d0ab2ad5af10b7250da9033ddcef0'
[    3.988720] Loaded X.509 cert 'Canonical Ltd. Secure Boot Signing (2017): 242ade75ac4a15e50d50c84b0d45ff3eae707a03'
[    4.009175] Loaded X.509 cert 'Canonical Ltd. Secure Boot Signing (ESM 2018): 365188c1d374d6b07c3c8f240f8ef722433d6a8b'
[    4.030257] Loaded X.509 cert 'Canonical Ltd. Secure Boot Signing (2019): c0746fd6c5da3ae827864651ad66ae47fe24b3e8'
[    4.051194] Loaded X.509 cert 'Canonical Ltd. Secure Boot Signing (2021 v1): a8d54bbb3825cfb94fa13c9f8a594a195c107b8d'
[    4.073468] Loaded X.509 cert 'Canonical Ltd. Secure Boot Signing (2021 v2): 4cf046892d6fd3c9a5b03f98d845f90851dc6a8c'
[    4.094141] Loaded X.509 cert 'Canonical Ltd. Secure Boot Signing (2021 v3): 100437bb6de6e469b581e61cd66bce3ef4ed53af'
[    4.114839] Loaded X.509 cert 'Canonical Ltd. Secure Boot Signing (Ubuntu Core 2019): c1d57b8f6b743f23ee41f4f7ee292f06eecadfb9'
[    4.142250] Key type .fscrypt registered
[    4.150142] Key type fscrypt-provisioning registered
[    4.160319] Key type encrypted registered
[    4.168399] AppArmor: AppArmor sha256 policy hashing enabled
[    4.179891] ima: No TPM chip found, activating TPM-bypass!
[    4.190814] Loading compiled-in module X.509 certificates
[    4.202540] Loaded X.509 cert 'Build time autogenerated kernel key: 65a2441d98c8a817e997fff77c85e3c2a2878aa1'
[    4.222117] ima: Allocated hash algorithm: sha256
[    4.231339] ima: No architecture policies found
[    4.240844] evm: Initialising EVM extended attributes:
[    4.250838] evm: security.selinux
[    4.257514] evm: security.SMACK64
[    4.264115] evm: security.SMACK64EXEC
[    4.271761] evm: security.SMACK64TRANSMUTE
[    4.280148] evm: security.SMACK64MMAP
[    4.287297] evm: security.apparmor
[    4.294165] evm: security.ima
[    4.300540] evm: security.capability
[    4.307883] evm: HMAC attrs: 0x1
[    4.314892] PM:   Magic number: 14:906:33
[    4.330315] RAS: Correctable Errors collector initialized.
[    4.341227] Unstable clock detected, switching default tracing clock to "global"
[    4.341227] If you want to keep using the local clock, then add:
[    4.341227]   "trace_clock=local"
[    4.341227] on the kernel command line
[    4.383860] clk: Disabling unused clocks
[    4.399212] Freeing unused decrypted memory: 2028K
[    4.405804] Freeing unused kernel image (initmem) memory: 4932K
[    4.412830] Write protecting the kernel read-only data: 38912k
[    4.420482] Freeing unused kernel image (rodata/data gap) memory: 1956K
[    4.501898] x86/mm: Checked W+X mappings: passed, no W+X pages found.
[    4.509280] Run /init as init process
sent guest probe wrong-ip length=54
[    4.759560] ACPI: PM: Preparing to enter system sleep state S5
[    4.767536] reboot: Power down
