[    0.000000] Linux version 6.8.0-139-generic (buildd@lcy02-amd64-036) (x86_64-linux-gnu-gcc-13 (Ubuntu 13.3.0-6ubuntu2~24.04.1) 13.3.0, GNU ld (GNU Binutils for Ubuntu) 2.42) #139-Ubuntu SMP PREEMPT_DYNAMIC Sat Aug  1 03:52:05 UTC 2026 (Ubuntu 6.8.0-139.139-generic 6.8.12)
[    0.000000] Command line: console=ttyS0 rdinit=/init mode=wrong-ip
[    0.000000] KERNEL supported cpus:
[    0.000000]   Intel GenuineIntel
[    0.000000]   AMD AuthenticAMD
[    0.000000]   Hygon HygonGenuine
[    0.000000]   Centaur CentaurHauls
[    0.000000]   zhaoxin   Shanghai  
[    0.000000] BIOS-provided physical RAM map:
[    0.000000] BIOS-e820: [mem 0x0000000000000000-0x000000000009fbff] usable
[    0.000000] BIOS-e820: [mem 0x000000000009fc00-0x000000000009ffff] reserved
[    0.000000] BIOS-e820: [mem 0x00000000000f0000-0x00000000000fffff] reserved
[    0.000000] BIOS-e820: [mem 0x0000000000100000-0x0000000007fdffff] usable
[    0.000000] BIOS-e820: [mem 0x0000000007fe0000-0x0000000007ffffff] reserved
[    0.000000] BIOS-e820: [mem 0x00000000feffc000-0x00000000feffffff] reserved
[    0.000000] BIOS-e820: [mem 0x00000000fffc0000-0x00000000ffffffff] reserved
[    0.000000] BIOS-e820: [mem 0x000000fd00000000-0x000000ffffffffff] reserved
[    0.000000] NX (Execute Disable) protection: active
[    0.000000] APIC: Static calls initialized
[    0.000000] SMBIOS 3.0.0 present.
[    0.000000] DMI: QEMU Ubuntu 24.04 PC v2 (i440FX + PIIX, arch_caps fix, 1996), BIOS 1.16.3-debian-1.16.3-2 04/01/2014
[    0.000000] Hypervisor detected: KVM
[    0.000000] kvm-clock: Using msrs 4b564d01 and 4b564d00
[    0.000003] kvm-clock: using sched offset of 1300826801 cycles
[    0.000008] clocksource: kvm-clock: mask: 0xffffffffffffffff max_cycles: 0x1cd42e4dffb, max_idle_ns: 881590591483 ns
[    0.000011] tsc: Detected 1999.999 MHz processor
[    0.001707] last_pfn = 0x7fe0 max_arch_pfn = 0x400000000
[    0.003093] MTRR map: 4 entries (3 fixed + 1 variable; max 19), built from 8 variable MTRRs
[    0.003137] x86/PAT: Configuration [0-7]: WB  WC  UC- UC  WB  WP  UC- WT  
[    0.008133] found SMP MP-table at [mem 0x000f5480-0x000f548f]
[    0.008156] Using GB pages for direct mapping
[    0.008466] RAMDISK: [mem 0x07e64000-0x07fdffff]
[    0.008471] ACPI: Early table checksum verification disabled
[    0.008477] ACPI: RSDP 0x00000000000F5290 000014 (v00 BOCHS )
[    0.008482] ACPI: RSDT 0x0000000007FE1C52 000034 (v01 BOCHS  BXPC     00000001 BXPC 00000001)
[    0.008490] ACPI: FACP 0x0000000007FE1B06 000074 (v01 BOCHS  BXPC     00000001 BXPC 00000001)
[    0.008497] ACPI: DSDT 0x0000000007FE0040 001AC6 (v01 BOCHS  BXPC     00000001 BXPC 00000001)
[    0.008501] ACPI: FACS 0x0000000007FE0000 000040
[    0.008505] ACPI: APIC 0x0000000007FE1B7A 000078 (v03 BOCHS  BXPC     00000001 BXPC 00000001)
[    0.008509] ACPI: HPET 0x0000000007FE1BF2 000038 (v01 BOCHS  BXPC     00000001 BXPC 00000001)
[    0.008512] ACPI: WAET 0x0000000007FE1C2A 000028 (v01 BOCHS  BXPC     00000001 BXPC 00000001)
[    0.008516] ACPI: Reserving FACP table memory at [mem 0x7fe1b06-0x7fe1b79]
[    0.008517] ACPI: Reserving DSDT table memory at [mem 0x7fe0040-0x7fe1b05]
[    0.008519] ACPI: Reserving FACS table memory at [mem 0x7fe0000-0x7fe003f]
[    0.008520] ACPI: Reserving APIC table memory at [mem 0x7fe1b7a-0x7fe1bf1]
[    0.008521] ACPI: Reserving HPET table memory at [mem 0x7fe1bf2-0x7fe1c29]
[    0.008522] ACPI: Reserving WAET table memory at [mem 0x7fe1c2a-0x7fe1c51]
[    0.014169] No NUMA configuration found
[    0.014171] Faking a node at [mem 0x0000000000000000-0x0000000007fdffff]
[    0.014183] NODE_DATA(0) allocated [mem 0x07e39000-0x07e63fff]
[    0.014415] Zone ranges:
[    0.014417]   DMA      [mem 0x0000000000001000-0x0000000000ffffff]
[    0.014419]   DMA32    [mem 0x0000000001000000-0x0000000007fdffff]
[    0.014421]   Normal   empty
[    0.014422]   Device   empty
[    0.014424] Movable zone start for each node
[    0.014427] Early memory node ranges
[    0.014428]   node   0: [mem 0x0000000000001000-0x000000000009efff]
[    0.014430]   node   0: [mem 0x0000000000100000-0x0000000007fdffff]
[    0.014431] Initmem setup node 0 [mem 0x0000000000001000-0x0000000007fdffff]
[    0.014810] On node 0, zone DMA: 1 pages in unavailable ranges
[    0.014827] On node 0, zone DMA: 97 pages in unavailable ranges
[    0.014918] On node 0, zone DMA32: 32 pages in unavailable ranges
[    0.022921] ACPI: PM-Timer IO Port: 0x608
[    0.023022] ACPI: LAPIC_NMI (acpi_id[0xff] dfl dfl lint[0x1])
[    0.023544] IOAPIC[0]: apic_id 0, version 17, address 0xfec00000, GSI 0-23
[    0.023549] ACPI: INT_SRC_OVR (bus 0 bus_irq 0 global_irq 2 dfl dfl)
[    0.023552] ACPI: INT_SRC_OVR (bus 0 bus_irq 5 global_irq 5 high level)
[    0.023554] ACPI: INT_SRC_OVR (bus 0 bus_irq 9 global_irq 9 high level)
[    0.023555] ACPI: INT_SRC_OVR (bus 0 bus_irq 10 global_irq 10 high level)
[    0.023557] ACPI: INT_SRC_OVR (bus 0 bus_irq 11 global_irq 11 high level)
[    0.023561] ACPI: Using ACPI (MADT) for SMP configuration information
[    0.023563] ACPI: HPET id: 0x8086a201 base: 0xfed00000
[    0.023568] TSC deadline timer available
[    0.023569] smpboot: Allowing 1 CPUs, 0 hotplug CPUs
[    0.023751] kvm-guest: APIC: eoi() replaced with kvm_guest_apic_eoi_write()
[    0.024048] PM: hibernation: Registered nosave memory: [mem 0x00000000-0x00000fff]
[    0.024051] PM: hibernation: Registered nosave memory: [mem 0x0009f000-0x000fffff]
[    0.024053] [mem 0x08000000-0xfeffbfff] available for PCI devices
[    0.024055] Booting paravirtualized kernel on KVM
[    0.024057] clocksource: refined-jiffies: mask: 0xffffffff max_cycles: 0xffffffff, max_idle_ns: 1910969940391419 ns
[    0.024064] setup_percpu: NR_CPUS:8192 nr_cpumask_bits:1 nr_cpu_ids:1 nr_node_ids:1
[    0.024742] percpu: Embedded 86 pages/cpu s229376 r8192 d114688 u2097152
[    0.025170] kvm-guest: PV spinlocks disabled, single CPU
[    0.025173] Kernel command line: console=ttyS0 rdinit=/init mode=wrong-ip
[    0.025264] Unknown kernel command line parameters "mode=wrong-ip", will be passed to user space.
[    0.025282] random: crng init done
[    0.025300] Dentry cache hash table entries: 16384 (order: 5, 131072 bytes, linear)
[    0.025306] Inode-cache hash table entries: 8192 (order: 4, 65536 bytes, linear)
[    0.025544] Fallback order for Node 0: 0 
[    0.025548] Built 1 zonelists, mobility grouping on.  Total pages: 31968
[    0.025550] Policy zone: DMA32
[    0.025556] mem auto-init: stack:all(zero), heap alloc:on, heap free:off
[    0.025998] Memory: 72016K/130552K available (22528K kernel code, 4441K rwdata, 14428K rodata, 4932K init, 4776K bss, 58276K reserved, 0K cma-reserved)
[    0.027270] SLUB: HWalign=64, Order=0-3, MinObjects=0, CPUs=1, Nodes=1
[    0.027302] ftrace: allocating 58336 entries in 228 pages
[    0.042506] ftrace: allocated 228 pages with 4 groups
[    0.043797] Dynamic Preempt: voluntary
[    0.043862] rcu: Preemptible hierarchical RCU implementation.
[    0.043863] rcu: 	RCU restricting CPUs from NR_CPUS=8192 to nr_cpu_ids=1.
[    0.043865] 	Trampoline variant of Tasks RCU enabled.
[    0.043865] 	Rude variant of Tasks RCU enabled.
[    0.043866] 	Tracing variant of Tasks RCU enabled.
[    0.043867] rcu: RCU calculated value of scheduler-enlistment delay is 100 jiffies.
[    0.043868] rcu: Adjusting geometry for rcu_fanout_leaf=16, nr_cpu_ids=1
[    0.043879] RCU Tasks: Setting shift to 0 and lim to 1 rcu_task_cb_adjust=1 rcu_task_cpu_ids=1.
[    0.043881] RCU Tasks Rude: Setting shift to 0 and lim to 1 rcu_task_cb_adjust=1 rcu_task_cpu_ids=1.
[    0.043883] RCU Tasks Trace: Setting shift to 0 and lim to 1 rcu_task_cb_adjust=1 rcu_task_cpu_ids=1.
[    0.048262] NR_IRQS: 524544, nr_irqs: 256, preallocated irqs: 16
[    0.049520] rcu: srcu_init: Setting srcu_struct sizes based on contention.
[    0.192037] Console: colour VGA+ 80x25
[    0.192679] printk: legacy console [ttyS0] enabled
[    1.629981] ACPI: Core revision 20230628
[    1.639901] clocksource: hpet: mask: 0xffffffff max_cycles: 0xffffffff, max_idle_ns: 19112604467 ns
[    1.659339] APIC: Switch to symmetric I/O mode setup
[    1.679799] x2apic enabled
[    1.692827] APIC: Switched APIC routing to: physical x2apic
[    1.733042] ..TIMER: vector=0x30 apic1=0 pin1=2 apic2=-1 pin2=-1
[    1.747274] clocksource: tsc-early: mask: 0xffffffffffffffff max_cycles: 0x39a85afc727, max_idle_ns: 881590685098 ns
[    1.772432] Calibrating delay loop (skipped) preset value.. 3999.99 BogoMIPS (lpj=1999999)
[    1.777804] AMD Zen1 DIV0 bug detected. Disable SMT for full protection.
[    1.778476] AMD Zen1 FPDSS bug detected, enabling mitigation.
[    1.783989] Last level iTLB entries: 4KB 512, 2MB 255, 4MB 127
[    1.784431] Last level dTLB entries: 4KB 512, 2MB 255, 4MB 127, 1GB 0
[    1.785437] Spectre V1 : Mitigation: usercopy/swapgs barriers and __user pointer sanitization
[    1.786432] Spectre V2 : Mitigation: Retpolines
[    1.787429] Spectre V2 : Spectre v2 / SpectreRSB: Filling RSB on context switch and VMEXIT
[    1.788429] Spectre V2 : Enabling Speculation Barrier for firmware calls
[    1.789430] active return thunk: retbleed_return_thunk
[    1.790428] RETBleed: Mitigation: untrained return thunk
[    1.792432] Spectre V2 : mitigation: Enabling conditional Indirect Branch Prediction Barrier
[    1.793430] Speculative Store Bypass: Mitigation: Speculative Store Bypass disabled via prctl
[    1.795637] x86/fpu: Supporting XSAVE feature 0x001: 'x87 floating point registers'
[    1.796429] x86/fpu: Supporting XSAVE feature 0x002: 'SSE registers'
[    1.797428] x86/fpu: Supporting XSAVE feature 0x004: 'AVX registers'
[    1.798429] x86/fpu: xstate_offset[2]:  576, xstate_sizes[2]:  256
[    1.799429] x86/fpu: Enabled xstate features 0x7, context size is 832 bytes, using 'compacted' format.
[    1.846216] Freeing SMP alternatives memory: 48K
[    1.846431] pid_max: default: 32768 minimum: 301
[    1.847511] LSM: initializing lsm=lockdown,capability,landlock,yama,apparmor,integrity
[    1.848452] landlock: Up and running.
[    1.849429] Yama: becoming mindful.
[    1.850481] AppArmor: AppArmor initialized
[    1.852509] Mount-cache hash table entries: 512 (order: 0, 4096 bytes, linear)
[    1.853430] Mountpoint-cache hash table entries: 512 (order: 0, 4096 bytes, linear)
[    1.856250] smpboot: CPU0: AMD EPYC 7401P 24-Core Processor (family: 0x17, model: 0x1, stepping: 0x2)
[    1.856675] Performance Events: Fam17h+ core perfctr, AMD PMU driver.
[    1.857510] ... version:                0
[    1.858471] ... bit width:              48
[    1.859478] ... generic registers:      6
[    1.860471] ... value mask:             0000ffffffffffff
[    1.861472] ... max period:             00007fffffffffff
[    1.862486] ... fixed-purpose events:   0
[    1.863480] ... event mask:             000000000000003f
[    1.864684] signal: max sigframe size: 1776
[    1.865572] rcu: Hierarchical SRCU implementation.
[    1.866482] rcu: 	Max phase no-delay instances is 400.
[    1.871949] smp: Bringing up secondary CPUs ...
[    1.872492] smp: Brought up 1 node, 1 CPU
[    1.873474] smpboot: Max logical packages: 1
[    1.874480] smpboot: Total of 1 processors activated (3999.99 BogoMIPS)
[    1.876750] devtmpfs: initialized
[    1.877523] x86/mm: Memory block size: 128MB
[    1.878878] clocksource: jiffies: mask: 0xffffffff max_cycles: 0xffffffff, max_idle_ns: 1911260446275000 ns
[    1.879488] futex hash table entries: 256 (order: 2, 16384 bytes, linear)
[    1.880586] pinctrl core: initialized pinctrl subsystem
[    1.882470] PM: RTC time: 15:42:19, date: 2026-10-03
[    1.885048] NET: Registered PF_NETLINK/PF_ROUTE protocol family
[    1.885649] DMA: preallocated 128 KiB GFP_KERNEL pool for atomic allocations
[    1.886487] DMA: preallocated 128 KiB GFP_KERNEL|GFP_DMA pool for atomic allocations
[    1.887483] DMA: preallocated 128 KiB GFP_KERNEL|GFP_DMA32 pool for atomic allocations
[    1.888497] audit: initializing netlink subsys (disabled)
[    1.889564] audit: type=2000 audit(1791042137.685:1): state=initialized audit_enabled=0 res=1
[    1.890651] thermal_sys: Registered thermal governor 'fair_share'
[    1.890653] thermal_sys: Registered thermal governor 'bang_bang'
[    1.891475] thermal_sys: Registered thermal governor 'step_wise'
[    1.892489] thermal_sys: Registered thermal governor 'user_space'
[    1.893472] thermal_sys: Registered thermal governor 'power_allocator'
[    1.894498] cpuidle: using governor ladder
[    1.896484] cpuidle: using governor menu
[    1.909915] acpiphp: ACPI Hot Plug PCI Controller Driver version: 0.5
[    1.911777] PCI: Using configuration type 1 for base access
[    1.912470] PCI: Using configuration type 1 for extended access
[    1.913602] kprobes: kprobe jump-optimization is enabled. All kprobes are optimized if possible.
[    1.960692] HugeTLB: registered 1.00 GiB page size, pre-allocated 0 pages
[    1.961470] HugeTLB: 16380 KiB vmemmap can be freed for a 1.00 GiB page
[    1.962470] HugeTLB: registered 2.00 MiB page size, pre-allocated 0 pages
[    1.963473] HugeTLB: 28 KiB vmemmap can be freed for a 2.00 MiB page
[    1.968961] ACPI: Added _OSI(Module Device)
[    1.970194] ACPI: Added _OSI(Processor Device)
[    1.970486] ACPI: Added _OSI(Processor Aggregator Device)
[    1.972700] ACPI: 1 ACPI AML tables successfully acquired and loaded
[    1.976535] ACPI: _OSC evaluation for CPUs failed, trying _PDC
[    1.977614] ACPI: Interpreter enabled
[    1.978513] ACPI: PM: (supports S0 S3 S4 S5)
[    1.979471] ACPI: Using IOAPIC for interrupt routing
[    1.980710] PCI: Using host bridge windows from ACPI; if necessary, use "pci=nocrs" and report a bug
[    1.981475] PCI: Using E820 reservations for host bridge windows
[    1.982949] ACPI: Enabled 2 GPEs in block 00 to 0F
[    1.990353] ACPI: PCI Root Bridge [PCI0] (domain 0000 [bus 00-ff])
[    1.990564] acpi PNP0A03:00: _OSC: OS supports [ExtendedConfig ASPM ClockPM Segments MSI EDR HPX-Type3]
[    1.992659] acpiphp: Slot [3] registered
[    1.993638] acpiphp: Slot [4] registered
[    1.994708] acpiphp: Slot [5] registered
[    1.995646] acpiphp: Slot [6] registered
[    1.996666] acpiphp: Slot [7] registered
[    1.997646] acpiphp: Slot [8] registered
[    1.998629] acpiphp: Slot [9] registered
[    1.999625] acpiphp: Slot [10] registered
[    2.000650] acpiphp: Slot [11] registered
[    2.001641] acpiphp: Slot [12] registered
[    2.002634] acpiphp: Slot [13] registered
[    2.003623] acpiphp: Slot [14] registered
[    2.004640] acpiphp: Slot [15] registered
[    2.005662] acpiphp: Slot [16] registered
[    2.006710] acpiphp: Slot [17] registered
[    2.007626] acpiphp: Slot [18] registered
[    2.008624] acpiphp: Slot [19] registered
[    2.009642] acpiphp: Slot [20] registered
[    2.010635] acpiphp: Slot [21] registered
[    2.011728] acpiphp: Slot [22] registered
[    2.012625] acpiphp: Slot [23] registered
[    2.013625] acpiphp: Slot [24] registered
[    2.014635] acpiphp: Slot [25] registered
[    2.015712] acpiphp: Slot [26] registered
[    2.016631] acpiphp: Slot [27] registered
[    2.017649] acpiphp: Slot [28] registered
[    2.018660] acpiphp: Slot [29] registered
[    2.019642] acpiphp: Slot [30] registered
[    2.020645] acpiphp: Slot [31] registered
[    2.021620] PCI host bridge to bus 0000:00
[    2.022472] pci_bus 0000:00: root bus resource [io  0x0000-0x0cf7 window]
[    2.023471] pci_bus 0000:00: root bus resource [io  0x0d00-0xffff window]
[    2.024471] pci_bus 0000:00: root bus resource [mem 0x000a0000-0x000bffff window]
[    2.025471] pci_bus 0000:00: root bus resource [mem 0x08000000-0xfebfffff window]
[    2.026476] pci_bus 0000:00: root bus resource [mem 0x100000000-0x17fffffff window]
[    2.027472] pci_bus 0000:00: root bus resource [bus 00-ff]
[    2.031750] pci 0000:00:00.0: [8086:1237] type 00 class 0x060000 conventional PCI endpoint
[    2.041351] pci 0000:00:01.0: [8086:7000] type 00 class 0x060100 conventional PCI endpoint
[    2.050365] pci 0000:00:01.1: [8086:7010] type 00 class 0x010180 conventional PCI endpoint
[    2.057203] pci 0000:00:01.1: BAR 4 [io  0xc020-0xc02f]
[    2.058290] pci 0000:00:01.1: BAR 0 [io  0x01f0-0x01f7]: legacy IDE quirk
[    2.058474] pci 0000:00:01.1: BAR 1 [io  0x03f6]: legacy IDE quirk
[    2.059471] pci 0000:00:01.1: BAR 2 [io  0x0170-0x0177]: legacy IDE quirk
[    2.060472] pci 0000:00:01.1: BAR 3 [io  0x0376]: legacy IDE quirk
[    2.063762] pci 0000:00:01.3: [8086:7113] type 00 class 0x068000 conventional PCI endpoint
[    2.071805] pci 0000:00:01.3: quirk: [io  0x0600-0x063f] claimed by PIIX4 ACPI
[    2.072701] pci 0000:00:01.3: quirk: [io  0x0700-0x070f] claimed by PIIX4 SMB
[    2.077030] pci 0000:00:02.0: [1234:1111] type 00 class 0x030000 conventional PCI endpoint
[    2.084817] pci 0000:00:02.0: BAR 0 [mem 0xfd000000-0xfdffffff pref]
[    2.085753] pci 0000:00:02.0: BAR 2 [mem 0xfeb90000-0xfeb90fff]
[    2.087065] pci 0000:00:02.0: ROM [mem 0xfeb80000-0xfeb8ffff pref]
[    2.088470] pci 0000:00:02.0: Video device with shadowed ROM at [mem 0x000c0000-0x000dffff]
[    2.094334] pci 0000:00:03.0: [1af4:1000] type 00 class 0x020000 conventional PCI endpoint
[    2.101363] pci 0000:00:03.0: BAR 0 [io  0xc000-0xc01f]
[    2.101617] pci 0000:00:03.0: BAR 1 [mem 0xfeb91000-0xfeb91fff]
[    2.103078] pci 0000:00:03.0: BAR 4 [mem 0xfe000000-0xfe003fff 64bit pref]
[    2.103615] pci 0000:00:03.0: ROM [mem 0xfeb00000-0xfeb7ffff pref]
[    2.454929] ACPI: PCI: Interrupt link LNKA configured for IRQ 10
[    2.456269] ACPI: PCI: Interrupt link LNKB configured for IRQ 10
[    2.457287] ACPI: PCI: Interrupt link LNKC configured for IRQ 11
[    2.458190] ACPI: PCI: Interrupt link LNKD configured for IRQ 11
[    2.458925] ACPI: PCI: Interrupt link LNKS configured for IRQ 9
[    2.460578] iommu: Default domain type: Translated
[    2.461470] iommu: DMA domain TLB invalidation policy: lazy mode
[    2.462840] SCSI subsystem initialized
[    2.463592] ACPI: bus type USB registered
[    2.464509] usbcore: registered new interface driver usbfs
[    2.465483] usbcore: registered new interface driver hub
[    2.466481] usbcore: registered new device driver usb
[    2.467517] pps_core: LinuxPPS API ver. 1 registered
[    2.468470] pps_core: Software ver. 5.3.6 - Copyright 2005-2007 Rodolfo Giometti <giometti@linux.it>
[    2.469493] PTP clock support registered
[    2.470563] EDAC MC: Ver: 3.0.0
[    2.474487] NetLabel: Initializing
[    2.475481] NetLabel:  domain hash size = 128
[    2.476470] NetLabel:  protocols = UNLABELED CIPSOv4 CALIPSO
[    2.477503] NetLabel:  unlabeled traffic allowed by default
[    2.478573] mctp: management component transport protocol core
[    2.479472] NET: Registered PF_MCTP protocol family
[    2.480505] PCI: Using ACPI for IRQ routing
[    2.483646] pci 0000:00:02.0: vgaarb: setting as boot VGA device
[    2.484425] pci 0000:00:02.0: vgaarb: bridge control possible
[    2.484425] pci 0000:00:02.0: vgaarb: VGA device added: decodes=io+mem,owns=io+mem,locks=none
[    2.484475] vgaarb: loaded
[    2.485831] hpet0: at MMIO 0xfed00000, IRQs 2, 8, 0
[    2.486476] hpet0: 3 comparators, 64-bit 100.000000 MHz counter
[    2.491527] clocksource: Switched to clocksource kvm-clock
[    2.502696] VFS: Disk quotas dquot_6.6.0
[    2.511575] VFS: Dquot-cache hash table entries: 512 (order 0, 4096 bytes)
[    2.525323] AppArmor: AppArmor Filesystem Enabled
[    2.534728] pnp: PnP ACPI init
[    2.542492] pnp: PnP ACPI: found 6 devices
[    2.559266] clocksource: acpi_pm: mask: 0xffffff max_cycles: 0xffffff, max_idle_ns: 2085701024 ns
[    2.576604] NET: Registered PF_INET protocol family
[    2.586521] IP idents hash table entries: 2048 (order: 2, 16384 bytes, linear)
[    2.623633] tcp_listen_portaddr_hash hash table entries: 256 (order: 0, 4096 bytes, linear)
[    2.640216] Table-perturb hash table entries: 65536 (order: 6, 262144 bytes, linear)
[    2.655725] TCP established hash table entries: 1024 (order: 1, 8192 bytes, linear)
[    2.671017] TCP bind hash table entries: 1024 (order: 3, 32768 bytes, linear)
[    2.685124] TCP: Hash tables configured (established 1024 bind 1024)
[    2.697845] MPTCP token hash table entries: 256 (order: 1, 6144 bytes, linear)
[    2.711821] UDP hash table entries: 256 (order: 1, 8192 bytes, linear)
[    2.724556] UDP-Lite hash table entries: 256 (order: 1, 8192 bytes, linear)
[    2.738396] NET: Registered PF_UNIX/PF_LOCAL protocol family
[    2.749689] NET: Registered PF_XDP protocol family
[    2.759612] pci_bus 0000:00: resource 4 [io  0x0000-0x0cf7 window]
[    2.771783] pci_bus 0000:00: resource 5 [io  0x0d00-0xffff window]
[    2.784249] pci_bus 0000:00: resource 6 [mem 0x000a0000-0x000bffff window]
[    2.797936] pci_bus 0000:00: resource 7 [mem 0x08000000-0xfebfffff window]
[    2.812265] pci_bus 0000:00: resource 8 [mem 0x100000000-0x17fffffff window]
[    2.826731] pci 0000:00:01.0: PIIX3: Enabling Passive Release
[    2.838154] pci 0000:00:00.0: quirk_passive_release+0x0/0xb0 took 11325 usecs
[    2.852192] pci 0000:00:00.0: Limiting direct PCI/PCI transfers
[    2.863935] pci 0000:00:00.0: quirk_natoma+0x0/0x40 took 11467 usecs
[    2.877544] PCI: CLS 0 bytes, default 64
[    2.886366] Trying to unpack rootfs image as initramfs...
[    2.897135] clocksource: tsc: mask: 0xffffffffffffffff max_cycles: 0x39a85afc727, max_idle_ns: 881590685098 ns
[    2.931408] Initialise system trusted keyrings
[    2.950239] Key type blacklist registered
[    2.963439] Freeing initrd memory: 1520K
[    2.971568] workingset: timestamp_bits=36 max_order=15 bucket_order=0
[    2.984344] zbud: loaded
[    2.989997] squashfs: version 4.0 (2009/01/31) Phillip Lougher
[    3.001735] fuse: init (API version 7.39)
[    3.010199] integrity: Platform Keyring initialized
[    3.020005] integrity: Machine keyring initialized
[    3.047608] Key type asymmetric registered
[    3.056003] Asymmetric key parser 'x509' registered
[    3.065990] Block layer SCSI generic (bsg) driver version 0.4 loaded (major 243)
[    3.080690] io scheduler mq-deadline registered
[    3.090268] shpchp: Standard Hot Plug PCI Controller Driver version: 0.4
[    3.103569] input: Power Button as /devices/LNXSYSTM:00/LNXPWRBN:00/input/input0
[    3.119367] ACPI: button: Power Button [PWRF]
[    3.157310] ACPI: \_SB_.LNKC: Enabled at IRQ 11
[    3.183230] Serial: 8250/16550 driver, 32 ports, IRQ sharing enabled
[    3.256846] 00:04: ttyS0 at I/O 0x3f8 (irq = 4, base_baud = 115200) is a 16550A
[    3.277605] Linux agpgart interface v0.103
[    3.288347] loop: module loaded
[    3.299720] scsi host0: ata_piix
[    3.306346] scsi host1: ata_piix
[    3.312962] ata1: PATA max MWDMA2 cmd 0x1f0 ctl 0x3f6 bmdma 0xc020 irq 14 lpm-pol 0
[    3.327837] ata2: PATA max MWDMA2 cmd 0x170 ctl 0x376 bmdma 0xc028 irq 15 lpm-pol 0
[    3.350992] ACPI: bus type drm_connector registered
[    3.361997] tun: Universal TUN/TAP device driver, 1.6
[    3.389275] PPP generic driver version 2.4.2
[    3.398223] i8042: PNP: PS/2 Controller [PNP0303:KBD,PNP0f13:MOU] at 0x60,0x64 irq 1,12
[    3.424659] serio: i8042 KBD port at 0x60,0x64 irq 1
[    3.434394] serio: i8042 AUX port at 0x60,0x64 irq 12
[    3.445029] mousedev: PS/2 mouse device common for all mice
[    3.459437] rtc_cmos 00:05: RTC can wake from S4
[    3.470335] input: AT Translated Set 2 keyboard as /devices/platform/i8042/serio0/input/input1
[    3.496364] rtc_cmos 00:05: registered as rtc0
[    3.510646] ata2: found unknown device (class 0)
[    3.528392] rtc_cmos 00:05: setting system clock to 2026-10-03T15:42:22 UTC (1791042142)
[    3.551588] ata2.00: ATAPI: QEMU DVD-ROM, 2.5+, max UDMA/100
[    3.565827] rtc_cmos 00:05: alarms up to one day, y3k, 242 bytes nvram, hpet irqs
[    3.591525] i2c_dev: i2c /dev entries driver
[    3.600483] scsi 1:0:0:0: CD-ROM            QEMU     QEMU DVD-ROM     2.5+ PQ: 0 ANSI: 5
[    3.616407] device-mapper: core: CONFIG_IMA_DISABLE_HTABLE is disabled. Duplicate IMA measurements will not be recorded in the IMA log.
[    3.655788] device-mapper: uevent: version 1.0.3
[    3.671795] device-mapper: ioctl: 4.48.0-ioctl (2023-03-01) initialised: dm-devel@redhat.com
[    3.688499] amd_pstate: the _CPC object is not present in SBIOS or ACPI disabled
[    3.703264] ledtrig-cpu: registered to indicate activity on CPUs
[    3.715191] drop_monitor: Initializing network drop monitor service
[    3.732715] NET: Registered PF_INET6 protocol family
[    3.746609] Segment Routing with IPv6
[    3.754008] In-situ OAM (IOAM) with IPv6
[    3.761851] NET: Registered PF_PACKET protocol family
[    3.780708] sr 1:0:0:0: [sr0] scsi3-mmc drive: 4x/4x cd/rw xa/form2 tray
[    3.794314] Key type dns_resolver registered
[    3.807691] IPI shorthand broadcast: enabled
[    3.823532] registered taskstats version 1
[    3.834993] Loading compiled-in X.509 certificates
[    3.845484] Loaded X.509 cert 'Build time autogenerated kernel key: 65a2441d98c8a817e997fff77c85e3c2a2878aa1'
[    3.869326] cdrom: Uniform CD-ROM driver Revision: 3.20
[    3.880566] Loaded X.509 cert 'Canonical Ltd. Live Patch Signing 2025 Kmod: d541cef61dc7e793b7eb7e899970a2eef0b5dc8c'
[    3.905297] Loaded X.509 cert 'Canonical Ltd. Live Patch Signing: 14df34d1a87cf37625abec039ef2bf521249b969'
[    3.924651] Loaded X.509 cert 'Canonical Ltd. Kernel Module Signing 2025 Kmod: 4627603d2357a2a3f81006370894c221175893e9'
[    3.951419] Loaded X.509 cert 'Canonical Ltd. Kernel Module Signing: 88f752e560a1e0737e31163a466ad7b70a850c19'
[    3.970765] blacklist: Loading compiled-in revocation X.509 certificates
[    3.988495] sr 1:0:0:0: Attached scsi generic sg0 type 5
[    3.999512] Loaded X.509 cert 'Canonical Ltd. Secure Boot Signing: 61482aa2830d0ab2ad5af10b7250da9033ddcef0'
[    4.018953] Loaded X.509 cert 'Canonical Ltd. Secure Boot Signing (2017): 242ade75ac4a15e50d50c84b0d45ff3eae707a03'
[    4.039610] Loaded X.509 cert 'Canonical Ltd. Secure Boot Signing (ESM 2018): 365188c1d374d6b07c3c8f240f8ef722433d6a8b'
[    4.061001] Loaded X.509 cert 'Canonical Ltd. Secure Boot Signing (2019): c0746fd6c5da3ae827864651ad66ae47fe24b3e8'
[    4.080952] Loaded X.509 cert 'Canonical Ltd. Secure Boot Signing (2021 v1): a8d54bbb3825cfb94fa13c9f8a594a195c107b8d'
[    4.102295] Loaded X.509 cert 'Canonical Ltd. Secure Boot Signing (2021 v2): 4cf046892d6fd3c9a5b03f98d845f90851dc6a8c'
[    4.123144] Loaded X.509 cert 'Canonical Ltd. Secure Boot Signing (2021 v3): 100437bb6de6e469b581e61cd66bce3ef4ed53af'
[    4.144425] Loaded X.509 cert 'Canonical Ltd. Secure Boot Signing (Ubuntu Core 2019): c1d57b8f6b743f23ee41f4f7ee292f06eecadfb9'
[    4.172133] Key type .fscrypt registered
[    4.179946] Key type fscrypt-provisioning registered
[    4.190354] Key type encrypted registered
[    4.198526] AppArmor: AppArmor sha256 policy hashing enabled
[    4.209710] ima: No TPM chip found, activating TPM-bypass!
[    4.220560] Loading compiled-in module X.509 certificates
[    4.232009] Loaded X.509 cert 'Build time autogenerated kernel key: 65a2441d98c8a817e997fff77c85e3c2a2878aa1'
[    4.251462] ima: Allocated hash algorithm: sha256
[    4.260993] ima: No architecture policies found
[    4.270256] evm: Initialising EVM extended attributes:
[    4.280534] evm: security.selinux
[    4.287355] evm: security.SMACK64
[    4.294233] evm: security.SMACK64EXEC
[    4.301787] evm: security.SMACK64TRANSMUTE
[    4.310368] evm: security.SMACK64MMAP
[    4.318177] evm: security.apparmor
[    4.325244] evm: security.ima
[    4.331451] evm: security.capability
[    4.338700] evm: HMAC attrs: 0x1
[    4.345552] PM:   Magic number: 14:524:739
[    4.361184] RAS: Correctable Errors collector initialized.
[    4.372220] Unstable clock detected, switching default tracing clock to "global"
[    4.372220] If you want to keep using the local clock, then add:
[    4.372220]   "trace_clock=local"
[    4.372220] on the kernel command line
[    4.411417] clk: Disabling unused clocks
[    4.426376] Freeing unused decrypted memory: 2028K
[    4.433270] Freeing unused kernel image (initmem) memory: 4932K
[    4.440510] Write protecting the kernel read-only data: 38912k
[    4.449381] Freeing unused kernel image (rodata/data gap) memory: 1956K
[    4.528435] x86/mm: Checked W+X mappings: passed, no W+X pages found.
[    4.536005] Run /init as init process
sent guest probe wrong-ip length=54
[    4.784567] ACPI: PM: Preparing to enter system sleep state S5
[    4.791465] reboot: Power down
