[    0.000000] Linux version 6.8.0-139-generic (buildd@lcy02-amd64-036) (x86_64-linux-gnu-gcc-13 (Ubuntu 13.3.0-6ubuntu2~24.04.1) 13.3.0, GNU ld (GNU Binutils for Ubuntu) 2.42) #139-Ubuntu SMP PREEMPT_DYNAMIC Sat Aug  1 03:52:05 UTC 2026 (Ubuntu 6.8.0-139.139-generic 6.8.12)
[    0.000000] Command line: console=ttyS0 rdinit=/init mode=arp-mac
[    0.000000] KERNEL supported cpus:
[    0.000000]   Intel GenuineIntel
[    0.000000]   AMD AuthenticAMD
[    0.000000]   Hygon HygonGenuine
[    0.000000]   Centaur CentaurHauls
[    0.000000]   zhaoxin   Shanghai  
[    0.000000] BIOS-provided physical RAM map:
[    0.000000] BIOS-e820: [mem 0x0000000000000000-0x000000000009fbff] usable
[    0.000000] BIOS-e820: [mem 0x000000000009fc00-0x000000000009ffff] reserved
[    0.000000] BIOS-e820: [mem 0x00000000000f0000-0x00000000000fffff] reserved
[    0.000000] BIOS-e820: [mem 0x0000000000100000-0x0000000007fdffff] usable
[    0.000000] BIOS-e820: [mem 0x0000000007fe0000-0x0000000007ffffff] reserved
[    0.000000] BIOS-e820: [mem 0x00000000feffc000-0x00000000feffffff] reserved
[    0.000000] BIOS-e820: [mem 0x00000000fffc0000-0x00000000ffffffff] reserved
[    0.000000] BIOS-e820: [mem 0x000000fd00000000-0x000000ffffffffff] reserved
[    0.000000] NX (Execute Disable) protection: active
[    0.000000] APIC: Static calls initialized
[    0.000000] SMBIOS 3.0.0 present.
[    0.000000] DMI: QEMU Ubuntu 24.04 PC v2 (i440FX + PIIX, arch_caps fix, 1996), BIOS 1.16.3-debian-1.16.3-2 04/01/2014
[    0.000000] Hypervisor detected: KVM
[    0.000000] kvm-clock: Using msrs 4b564d01 and 4b564d00
[    0.000002] kvm-clock: using sched offset of 1463255910 cycles
[    0.000006] clocksource: kvm-clock: mask: 0xffffffffffffffff max_cycles: 0x1cd42e4dffb, max_idle_ns: 881590591483 ns
[    0.000010] tsc: Detected 1999.999 MHz processor
[    0.001781] last_pfn = 0x7fe0 max_arch_pfn = 0x400000000
[    0.003182] MTRR map: 4 entries (3 fixed + 1 variable; max 19), built from 8 variable MTRRs
[    0.003227] x86/PAT: Configuration [0-7]: WB  WC  UC- UC  WB  WP  UC- WT  
[    0.008010] found SMP MP-table at [mem 0x000f5480-0x000f548f]
[    0.008032] Using GB pages for direct mapping
[    0.008516] RAMDISK: [mem 0x07e64000-0x07fdffff]
[    0.008572] ACPI: Early table checksum verification disabled
[    0.008577] ACPI: RSDP 0x00000000000F5290 000014 (v00 BOCHS )
[    0.008583] ACPI: RSDT 0x0000000007FE1C52 000034 (v01 BOCHS  BXPC     00000001 BXPC 00000001)
[    0.008590] ACPI: FACP 0x0000000007FE1B06 000074 (v01 BOCHS  BXPC     00000001 BXPC 00000001)
[    0.008603] ACPI: DSDT 0x0000000007FE0040 001AC6 (v01 BOCHS  BXPC     00000001 BXPC 00000001)
[    0.008607] ACPI: FACS 0x0000000007FE0000 000040
[    0.008610] ACPI: APIC 0x0000000007FE1B7A 000078 (v03 BOCHS  BXPC     00000001 BXPC 00000001)
[    0.008614] ACPI: HPET 0x0000000007FE1BF2 000038 (v01 BOCHS  BXPC     00000001 BXPC 00000001)
[    0.008618] ACPI: WAET 0x0000000007FE1C2A 000028 (v01 BOCHS  BXPC     00000001 BXPC 00000001)
[    0.008621] ACPI: Reserving FACP table memory at [mem 0x7fe1b06-0x7fe1b79]
[    0.008623] ACPI: Reserving DSDT table memory at [mem 0x7fe0040-0x7fe1b05]
[    0.008624] ACPI: Reserving FACS table memory at [mem 0x7fe0000-0x7fe003f]
[    0.008626] ACPI: Reserving APIC table memory at [mem 0x7fe1b7a-0x7fe1bf1]
[    0.008627] ACPI: Reserving HPET table memory at [mem 0x7fe1bf2-0x7fe1c29]
[    0.008628] ACPI: Reserving WAET table memory at [mem 0x7fe1c2a-0x7fe1c51]
[    0.014231] No NUMA configuration found
[    0.014234] Faking a node at [mem 0x0000000000000000-0x0000000007fdffff]
[    0.014343] NODE_DATA(0) allocated [mem 0x07e39000-0x07e63fff]
[    0.015058] Zone ranges:
[    0.015060]   DMA      [mem 0x0000000000001000-0x0000000000ffffff]
[    0.015063]   DMA32    [mem 0x0000000001000000-0x0000000007fdffff]
[    0.015066]   Normal   empty
[    0.015067]   Device   empty
[    0.015069] Movable zone start for each node
[    0.015073] Early memory node ranges
[    0.015073]   node   0: [mem 0x0000000000001000-0x000000000009efff]
[    0.015076]   node   0: [mem 0x0000000000100000-0x0000000007fdffff]
[    0.015078] Initmem setup node 0 [mem 0x0000000000001000-0x0000000007fdffff]
[    0.015628] On node 0, zone DMA: 1 pages in unavailable ranges
[    0.015646] On node 0, zone DMA: 97 pages in unavailable ranges
[    0.015746] On node 0, zone DMA32: 32 pages in unavailable ranges
[    0.023405] ACPI: PM-Timer IO Port: 0x608
[    0.023523] ACPI: LAPIC_NMI (acpi_id[0xff] dfl dfl lint[0x1])
[    0.023990] IOAPIC[0]: apic_id 0, version 17, address 0xfec00000, GSI 0-23
[    0.023995] ACPI: INT_SRC_OVR (bus 0 bus_irq 0 global_irq 2 dfl dfl)
[    0.023997] ACPI: INT_SRC_OVR (bus 0 bus_irq 5 global_irq 5 high level)
[    0.023999] ACPI: INT_SRC_OVR (bus 0 bus_irq 9 global_irq 9 high level)
[    0.024001] ACPI: INT_SRC_OVR (bus 0 bus_irq 10 global_irq 10 high level)
[    0.024002] ACPI: INT_SRC_OVR (bus 0 bus_irq 11 global_irq 11 high level)
[    0.024006] ACPI: Using ACPI (MADT) for SMP configuration information
[    0.024008] ACPI: HPET id: 0x8086a201 base: 0xfed00000
[    0.024012] TSC deadline timer available
[    0.024013] smpboot: Allowing 1 CPUs, 0 hotplug CPUs
[    0.024150] kvm-guest: APIC: eoi() replaced with kvm_guest_apic_eoi_write()
[    0.024566] PM: hibernation: Registered nosave memory: [mem 0x00000000-0x00000fff]
[    0.024570] PM: hibernation: Registered nosave memory: [mem 0x0009f000-0x000fffff]
[    0.024572] [mem 0x08000000-0xfeffbfff] available for PCI devices
[    0.024573] Booting paravirtualized kernel on KVM
[    0.024576] clocksource: refined-jiffies: mask: 0xffffffff max_cycles: 0xffffffff, max_idle_ns: 1910969940391419 ns
[    0.024628] setup_percpu: NR_CPUS:8192 nr_cpumask_bits:1 nr_cpu_ids:1 nr_node_ids:1
[    0.025235] percpu: Embedded 86 pages/cpu s229376 r8192 d114688 u2097152
[    0.025765] kvm-guest: PV spinlocks disabled, single CPU
[    0.025769] Kernel command line: console=ttyS0 rdinit=/init mode=arp-mac
[    0.025831] Unknown kernel command line parameters "mode=arp-mac", will be passed to user space.
[    0.025849] random: crng init done
[    0.026164] Dentry cache hash table entries: 16384 (order: 5, 131072 bytes, linear)
[    0.026171] Inode-cache hash table entries: 8192 (order: 4, 65536 bytes, linear)
[    0.026484] Fallback order for Node 0: 0 
[    0.026489] Built 1 zonelists, mobility grouping on.  Total pages: 31968
[    0.026491] Policy zone: DMA32
[    0.026498] mem auto-init: stack:all(zero), heap alloc:on, heap free:off
[    0.026806] Memory: 72016K/130552K available (22528K kernel code, 4441K rwdata, 14428K rodata, 4932K init, 4776K bss, 58276K reserved, 0K cma-reserved)
[    0.028491] SLUB: HWalign=64, Order=0-3, MinObjects=0, CPUs=1, Nodes=1
[    0.028538] ftrace: allocating 58336 entries in 228 pages
[    0.042746] ftrace: allocated 228 pages with 4 groups
[    0.043867] Dynamic Preempt: voluntary
[    0.043932] rcu: Preemptible hierarchical RCU implementation.
[    0.043933] rcu: 	RCU restricting CPUs from NR_CPUS=8192 to nr_cpu_ids=1.
[    0.043935] 	Trampoline variant of Tasks RCU enabled.
[    0.043936] 	Rude variant of Tasks RCU enabled.
[    0.043936] 	Tracing variant of Tasks RCU enabled.
[    0.043937] rcu: RCU calculated value of scheduler-enlistment delay is 100 jiffies.
[    0.043938] rcu: Adjusting geometry for rcu_fanout_leaf=16, nr_cpu_ids=1
[    0.043945] RCU Tasks: Setting shift to 0 and lim to 1 rcu_task_cb_adjust=1 rcu_task_cpu_ids=1.
[    0.043947] RCU Tasks Rude: Setting shift to 0 and lim to 1 rcu_task_cb_adjust=1 rcu_task_cpu_ids=1.
[    0.043949] RCU Tasks Trace: Setting shift to 0 and lim to 1 rcu_task_cb_adjust=1 rcu_task_cpu_ids=1.
[    0.048473] NR_IRQS: 524544, nr_irqs: 256, preallocated irqs: 16
[    0.049731] rcu: srcu_init: Setting srcu_struct sizes based on contention.
[    0.193216] Console: colour VGA+ 80x25
[    0.193856] printk: legacy console [ttyS0] enabled
[    1.681609] ACPI: Core revision 20230628
[    1.691745] clocksource: hpet: mask: 0xffffffff max_cycles: 0xffffffff, max_idle_ns: 19112604467 ns
[    1.712698] APIC: Switch to symmetric I/O mode setup
[    1.731628] x2apic enabled
[    1.743838] APIC: Switched APIC routing to: physical x2apic
[    1.780438] ..TIMER: vector=0x30 apic1=0 pin1=2 apic2=-1 pin2=-1
[    1.793654] clocksource: tsc-early: mask: 0xffffffffffffffff max_cycles: 0x39a85afc727, max_idle_ns: 881590685098 ns
[    1.816116] Calibrating delay loop (skipped) preset value.. 3999.99 BogoMIPS (lpj=1999999)
[    1.820742] AMD Zen1 DIV0 bug detected. Disable SMT for full protection.
[    1.821161] AMD Zen1 FPDSS bug detected, enabling mitigation.
[    1.826755] Last level iTLB entries: 4KB 512, 2MB 255, 4MB 127
[    1.827116] Last level dTLB entries: 4KB 512, 2MB 255, 4MB 127, 1GB 0
[    1.828211] Spectre V1 : Mitigation: usercopy/swapgs barriers and __user pointer sanitization
[    1.829121] Spectre V2 : Mitigation: Retpolines
[    1.831114] Spectre V2 : Spectre v2 / SpectreRSB: Filling RSB on context switch and VMEXIT
[    1.832114] Spectre V2 : Enabling Speculation Barrier for firmware calls
[    1.833115] active return thunk: retbleed_return_thunk
[    1.834113] RETBleed: Mitigation: untrained return thunk
[    1.835121] Spectre V2 : mitigation: Enabling conditional Indirect Branch Prediction Barrier
[    1.837112] Speculative Store Bypass: Mitigation: Speculative Store Bypass disabled via prctl
[    1.839418] x86/fpu: Supporting XSAVE feature 0x001: 'x87 floating point registers'
[    1.840114] x86/fpu: Supporting XSAVE feature 0x002: 'SSE registers'
[    1.841119] x86/fpu: Supporting XSAVE feature 0x004: 'AVX registers'
[    1.842114] x86/fpu: xstate_offset[2]:  576, xstate_sizes[2]:  256
[    1.843114] x86/fpu: Enabled xstate features 0x7, context size is 832 bytes, using 'compacted' format.
[    1.888379] Freeing SMP alternatives memory: 48K
[    1.889114] pid_max: default: 32768 minimum: 301
[    1.890191] LSM: initializing lsm=lockdown,capability,landlock,yama,apparmor,integrity
[    1.891134] landlock: Up and running.
[    1.892114] Yama: becoming mindful.
[    1.893174] AppArmor: AppArmor initialized
[    1.894172] Mount-cache hash table entries: 512 (order: 0, 4096 bytes, linear)
[    1.895119] Mountpoint-cache hash table entries: 512 (order: 0, 4096 bytes, linear)
[    1.898724] smpboot: CPU0: AMD EPYC 7401P 24-Core Processor (family: 0x17, model: 0x1, stepping: 0x2)
[    1.899462] Performance Events: Fam17h+ core perfctr, AMD PMU driver.
[    1.900201] ... version:                0
[    1.901158] ... bit width:              48
[    1.902162] ... generic registers:      6
[    1.903166] ... value mask:             0000ffffffffffff
[    1.904182] ... max period:             00007fffffffffff
[    1.905156] ... fixed-purpose events:   0
[    1.906163] ... event mask:             000000000000003f
[    1.907327] signal: max sigframe size: 1776
[    1.908341] rcu: Hierarchical SRCU implementation.
[    1.909156] rcu: 	Max phase no-delay instances is 400.
[    1.915360] smp: Bringing up secondary CPUs ...
[    1.916176] smp: Brought up 1 node, 1 CPU
[    1.917165] smpboot: Max logical packages: 1
[    1.918162] smpboot: Total of 1 processors activated (3999.99 BogoMIPS)
[    1.920525] devtmpfs: initialized
[    1.921303] x86/mm: Memory block size: 128MB
[    1.922634] clocksource: jiffies: mask: 0xffffffff max_cycles: 0xffffffff, max_idle_ns: 1911260446275000 ns
[    1.923379] futex hash table entries: 256 (order: 2, 16384 bytes, linear)
[    1.924265] pinctrl core: initialized pinctrl subsystem
[    1.926157] PM: RTC time: 15:13:51, date: 2026-10-03
[    1.935450] NET: Registered PF_NETLINK/PF_ROUTE protocol family
[    1.936845] DMA: preallocated 128 KiB GFP_KERNEL pool for atomic allocations
[    1.937179] DMA: preallocated 128 KiB GFP_KERNEL|GFP_DMA pool for atomic allocations
[    1.938495] DMA: preallocated 128 KiB GFP_KERNEL|GFP_DMA32 pool for atomic allocations
[    1.939261] audit: initializing netlink subsys (disabled)
[    1.940446] audit: type=2000 audit(1791040430.135:1): state=initialized audit_enabled=0 res=1
[    1.941701] thermal_sys: Registered thermal governor 'fair_share'
[    1.941703] thermal_sys: Registered thermal governor 'bang_bang'
[    1.942156] thermal_sys: Registered thermal governor 'step_wise'
[    1.943155] thermal_sys: Registered thermal governor 'user_space'
[    1.944155] thermal_sys: Registered thermal governor 'power_allocator'
[    1.945181] cpuidle: using governor ladder
[    1.947164] cpuidle: using governor menu
[    1.956035] acpiphp: ACPI Hot Plug PCI Controller Driver version: 0.5
[    1.957244] PCI: Using configuration type 1 for base access
[    1.958155] PCI: Using configuration type 1 for extended access
[    1.959479] kprobes: kprobe jump-optimization is enabled. All kprobes are optimized if possible.
[    2.006633] HugeTLB: registered 1.00 GiB page size, pre-allocated 0 pages
[    2.007261] HugeTLB: 16380 KiB vmemmap can be freed for a 1.00 GiB page
[    2.008156] HugeTLB: registered 2.00 MiB page size, pre-allocated 0 pages
[    2.009159] HugeTLB: 28 KiB vmemmap can be freed for a 2.00 MiB page
[    2.015712] ACPI: Added _OSI(Module Device)
[    2.016601] ACPI: Added _OSI(Processor Device)
[    2.017155] ACPI: Added _OSI(Processor Aggregator Device)
[    2.019778] ACPI: 1 ACPI AML tables successfully acquired and loaded
[    2.023190] ACPI: _OSC evaluation for CPUs failed, trying _PDC
[    2.024416] ACPI: Interpreter enabled
[    2.025187] ACPI: PM: (supports S0 S3 S4 S5)
[    2.026156] ACPI: Using IOAPIC for interrupt routing
[    2.027308] PCI: Using host bridge windows from ACPI; if necessary, use "pci=nocrs" and report a bug
[    2.028155] PCI: Using E820 reservations for host bridge windows
[    2.029472] ACPI: Enabled 2 GPEs in block 00 to 0F
[    2.037797] ACPI: PCI Root Bridge [PCI0] (domain 0000 [bus 00-ff])
[    2.038190] acpi PNP0A03:00: _OSC: OS supports [ExtendedConfig ASPM ClockPM Segments MSI EDR HPX-Type3]
[    2.040735] acpiphp: Slot [3] registered
[    2.041284] acpiphp: Slot [4] registered
[    2.042269] acpiphp: Slot [5] registered
[    2.043293] acpiphp: Slot [6] registered
[    2.044286] acpiphp: Slot [7] registered
[    2.045286] acpiphp: Slot [8] registered
[    2.046285] acpiphp: Slot [9] registered
[    2.047268] acpiphp: Slot [10] registered
[    2.048270] acpiphp: Slot [11] registered
[    2.049269] acpiphp: Slot [12] registered
[    2.050283] acpiphp: Slot [13] registered
[    2.051286] acpiphp: Slot [14] registered
[    2.052311] acpiphp: Slot [15] registered
[    2.053294] acpiphp: Slot [16] registered
[    2.054279] acpiphp: Slot [17] registered
[    2.055269] acpiphp: Slot [18] registered
[    2.056270] acpiphp: Slot [19] registered
[    2.057349] acpiphp: Slot [20] registered
[    2.058329] acpiphp: Slot [21] registered
[    2.059282] acpiphp: Slot [22] registered
[    2.060269] acpiphp: Slot [23] registered
[    2.061269] acpiphp: Slot [24] registered
[    2.062269] acpiphp: Slot [25] registered
[    2.063271] acpiphp: Slot [26] registered
[    2.064431] acpiphp: Slot [27] registered
[    2.065272] acpiphp: Slot [28] registered
[    2.066269] acpiphp: Slot [29] registered
[    2.067268] acpiphp: Slot [30] registered
[    2.068267] acpiphp: Slot [31] registered
[    2.069264] PCI host bridge to bus 0000:00
[    2.070161] pci_bus 0000:00: root bus resource [io  0x0000-0x0cf7 window]
[    2.071159] pci_bus 0000:00: root bus resource [io  0x0d00-0xffff window]
[    2.072160] pci_bus 0000:00: root bus resource [mem 0x000a0000-0x000bffff window]
[    2.073158] pci_bus 0000:00: root bus resource [mem 0x08000000-0xfebfffff window]
[    2.074159] pci_bus 0000:00: root bus resource [mem 0x100000000-0x17fffffff window]
[    2.075159] pci_bus 0000:00: root bus resource [bus 00-ff]
[    2.078711] pci 0000:00:00.0: [8086:1237] type 00 class 0x060000 conventional PCI endpoint
[    2.085088] pci 0000:00:01.0: [8086:7000] type 00 class 0x060100 conventional PCI endpoint
[    2.091670] pci 0000:00:01.1: [8086:7010] type 00 class 0x010180 conventional PCI endpoint
[    2.097085] pci 0000:00:01.1: BAR 4 [io  0xc020-0xc02f]
[    2.097711] pci 0000:00:01.1: BAR 0 [io  0x01f0-0x01f7]: legacy IDE quirk
[    2.098158] pci 0000:00:01.1: BAR 1 [io  0x03f6]: legacy IDE quirk
[    2.099158] pci 0000:00:01.1: BAR 2 [io  0x0170-0x0177]: legacy IDE quirk
[    2.100158] pci 0000:00:01.1: BAR 3 [io  0x0376]: legacy IDE quirk
[    2.102808] pci 0000:00:01.3: [8086:7113] type 00 class 0x068000 conventional PCI endpoint
[    2.109158] pci 0000:00:01.3: quirk: [io  0x0600-0x063f] claimed by PIIX4 ACPI
[    2.110254] pci 0000:00:01.3: quirk: [io  0x0700-0x070f] claimed by PIIX4 SMB
[    2.113816] pci 0000:00:02.0: [1234:1111] type 00 class 0x030000 conventional PCI endpoint
[    2.119677] pci 0000:00:02.0: BAR 0 [mem 0xfd000000-0xfdffffff pref]
[    2.120470] pci 0000:00:02.0: BAR 2 [mem 0xfeb90000-0xfeb90fff]
[    2.121531] pci 0000:00:02.0: ROM [mem 0xfeb80000-0xfeb8ffff pref]
[    2.123874] pci 0000:00:02.0: Video device with shadowed ROM at [mem 0x000c0000-0x000dffff]
[    2.131628] pci 0000:00:03.0: [1af4:1000] type 00 class 0x020000 conventional PCI endpoint
[    2.136276] pci 0000:00:03.0: BAR 0 [io  0xc000-0xc01f]
[    2.137257] pci 0000:00:03.0: BAR 1 [mem 0xfeb91000-0xfeb91fff]
[    2.138534] pci 0000:00:03.0: BAR 4 [mem 0xfe000000-0xfe003fff 64bit pref]
[    2.139261] pci 0000:00:03.0: ROM [mem 0xfeb00000-0xfeb7ffff pref]
[    2.527052] ACPI: PCI: Interrupt link LNKA configured for IRQ 10
[    2.527835] ACPI: PCI: Interrupt link LNKB configured for IRQ 10
[    2.528746] ACPI: PCI: Interrupt link LNKC configured for IRQ 11
[    2.529826] ACPI: PCI: Interrupt link LNKD configured for IRQ 11
[    2.530563] ACPI: PCI: Interrupt link LNKS configured for IRQ 9
[    2.535434] iommu: Default domain type: Translated
[    2.536162] iommu: DMA domain TLB invalidation policy: lazy mode
[    2.538729] SCSI subsystem initialized
[    2.539535] ACPI: bus type USB registered
[    2.540281] usbcore: registered new interface driver usbfs
[    2.541245] usbcore: registered new interface driver hub
[    2.542171] usbcore: registered new device driver usb
[    2.543309] pps_core: LinuxPPS API ver. 1 registered
[    2.544157] pps_core: Software ver. 5.3.6 - Copyright 2005-2007 Rodolfo Giometti <giometti@linux.it>
[    2.545174] PTP clock support registered
[    2.546779] EDAC MC: Ver: 3.0.0
[    2.550565] NetLabel: Initializing
[    2.551158] NetLabel:  domain hash size = 128
[    2.552173] NetLabel:  protocols = UNLABELED CIPSOv4 CALIPSO
[    2.553236] NetLabel:  unlabeled traffic allowed by default
[    2.555214] mctp: management component transport protocol core
[    2.556162] NET: Registered PF_MCTP protocol family
[    2.557291] PCI: Using ACPI for IRQ routing
[    2.560016] pci 0000:00:02.0: vgaarb: setting as boot VGA device
[    2.560110] pci 0000:00:02.0: vgaarb: bridge control possible
[    2.560110] pci 0000:00:02.0: vgaarb: VGA device added: decodes=io+mem,owns=io+mem,locks=none
[    2.560168] vgaarb: loaded
[    2.561809] hpet0: at MMIO 0xfed00000, IRQs 2, 8, 0
[    2.562158] hpet0: 3 comparators, 64-bit 100.000000 MHz counter
[    2.565322] clocksource: Switched to clocksource kvm-clock
[    2.577101] VFS: Disk quotas dquot_6.6.0
[    2.584025] VFS: Dquot-cache hash table entries: 512 (order 0, 4096 bytes)
[    2.594188] AppArmor: AppArmor Filesystem Enabled
[    2.601142] pnp: PnP ACPI init
[    2.607131] pnp: PnP ACPI: found 6 devices
[    2.621728] clocksource: acpi_pm: mask: 0xffffff max_cycles: 0xffffff, max_idle_ns: 2085701024 ns
[    2.633106] NET: Registered PF_INET protocol family
[    2.639604] IP idents hash table entries: 2048 (order: 2, 16384 bytes, linear)
[    2.672114] tcp_listen_portaddr_hash hash table entries: 256 (order: 0, 4096 bytes, linear)
[    2.683222] Table-perturb hash table entries: 65536 (order: 6, 262144 bytes, linear)
[    2.693520] TCP established hash table entries: 1024 (order: 1, 8192 bytes, linear)
[    2.703272] TCP bind hash table entries: 1024 (order: 3, 32768 bytes, linear)
[    2.712730] TCP: Hash tables configured (established 1024 bind 1024)
[    2.721734] MPTCP token hash table entries: 256 (order: 1, 6144 bytes, linear)
[    2.730982] UDP hash table entries: 256 (order: 1, 8192 bytes, linear)
[    2.739518] UDP-Lite hash table entries: 256 (order: 1, 8192 bytes, linear)
[    2.748809] NET: Registered PF_UNIX/PF_LOCAL protocol family
[    2.756655] NET: Registered PF_XDP protocol family
[    2.762994] pci_bus 0000:00: resource 4 [io  0x0000-0x0cf7 window]
[    2.771043] pci_bus 0000:00: resource 5 [io  0x0d00-0xffff window]
[    2.779156] pci_bus 0000:00: resource 6 [mem 0x000a0000-0x000bffff window]
[    2.788279] pci_bus 0000:00: resource 7 [mem 0x08000000-0xfebfffff window]
[    2.797246] pci_bus 0000:00: resource 8 [mem 0x100000000-0x17fffffff window]
[    2.806721] pci 0000:00:01.0: PIIX3: Enabling Passive Release
[    2.814307] pci 0000:00:00.0: Limiting direct PCI/PCI transfers
[    2.823019] PCI: CLS 0 bytes, default 64
[    2.829904] Trying to unpack rootfs image as initramfs...
[    2.837155] clocksource: tsc: mask: 0xffffffffffffffff max_cycles: 0x39a85afc727, max_idle_ns: 881590685098 ns
[    2.861994] Initialise system trusted keyrings
[    2.874945] Key type blacklist registered
[    2.885685] workingset: timestamp_bits=36 max_order=15 bucket_order=0
[    2.902643] zbud: loaded
[    2.911000] squashfs: version 4.0 (2009/01/31) Phillip Lougher
[    2.923947] Freeing initrd memory: 1520K
[    2.929887] fuse: init (API version 7.39)
[    2.935674] integrity: Platform Keyring initialized
[    2.942159] integrity: Machine keyring initialized
[    2.966124] Key type asymmetric registered
[    2.971688] Asymmetric key parser 'x509' registered
[    2.978025] Block layer SCSI generic (bsg) driver version 0.4 loaded (major 243)
[    2.988911] io scheduler mq-deadline registered
[    2.995751] shpchp: Standard Hot Plug PCI Controller Driver version: 0.4
[    3.005790] input: Power Button as /devices/LNXSYSTM:00/LNXPWRBN:00/input/input0
[    3.016689] ACPI: button: Power Button [PWRF]
[    3.058753] ACPI: \_SB_.LNKC: Enabled at IRQ 11
[    3.077900] Serial: 8250/16550 driver, 32 ports, IRQ sharing enabled
[    3.139224] 00:04: ttyS0 at I/O 0x3f8 (irq = 4, base_baud = 115200) is a 16550A
[    3.153064] Linux agpgart interface v0.103
[    3.163155] loop: module loaded
[    3.172123] scsi host0: ata_piix
[    3.176830] scsi host1: ata_piix
[    3.181645] ata1: PATA max MWDMA2 cmd 0x1f0 ctl 0x3f6 bmdma 0xc020 irq 14 lpm-pol 0
[    3.191384] ata2: PATA max MWDMA2 cmd 0x170 ctl 0x376 bmdma 0xc028 irq 15 lpm-pol 0
[    3.207274] ACPI: bus type drm_connector registered
[    3.214761] tun: Universal TUN/TAP device driver, 1.6
[    3.235004] PPP generic driver version 2.4.2
[    3.241224] i8042: PNP: PS/2 Controller [PNP0303:KBD,PNP0f13:MOU] at 0x60,0x64 irq 1,12
[    3.259245] serio: i8042 KBD port at 0x60,0x64 irq 1
[    3.266085] serio: i8042 AUX port at 0x60,0x64 irq 12
[    3.273040] mousedev: PS/2 mouse device common for all mice
[    3.283642] rtc_cmos 00:05: RTC can wake from S4
[    3.289951] input: AT Translated Set 2 keyboard as /devices/platform/i8042/serio0/input/input1
[    3.310706] rtc_cmos 00:05: registered as rtc0
[    3.317888] rtc_cmos 00:05: setting system clock to 2026-10-03T15:13:54 UTC (1791040434)
[    3.329288] rtc_cmos 00:05: alarms up to one day, y3k, 242 bytes nvram, hpet irqs
[    3.339232] i2c_dev: i2c /dev entries driver
[    3.344950] device-mapper: core: CONFIG_IMA_DISABLE_HTABLE is disabled. Duplicate IMA measurements will not be recorded in the IMA log.
[    3.360533] device-mapper: uevent: version 1.0.3
[    3.367098] device-mapper: ioctl: 4.48.0-ioctl (2023-03-01) initialised: dm-devel@redhat.com
[    3.378182] amd_pstate: the _CPC object is not present in SBIOS or ACPI disabled
[    3.389320] ata2: found unknown device (class 0)
[    3.402918] ata2.00: ATAPI: QEMU DVD-ROM, 2.5+, max UDMA/100
[    3.413053] ledtrig-cpu: registered to indicate activity on CPUs
[    3.428731] scsi 1:0:0:0: CD-ROM            QEMU     QEMU DVD-ROM     2.5+ PQ: 0 ANSI: 5
[    3.439771] drop_monitor: Initializing network drop monitor service
[    3.448781] NET: Registered PF_INET6 protocol family
[    3.466191] Segment Routing with IPv6
[    3.478015] In-situ OAM (IOAM) with IPv6
[    3.483673] NET: Registered PF_PACKET protocol family
[    3.490281] Key type dns_resolver registered
[    3.500638] IPI shorthand broadcast: enabled
[    3.517139] sr 1:0:0:0: [sr0] scsi3-mmc drive: 4x/4x cd/rw xa/form2 tray
[    3.526643] registered taskstats version 1
[    3.535173] Loading compiled-in X.509 certificates
[    3.542990] Loaded X.509 cert 'Build time autogenerated kernel key: 65a2441d98c8a817e997fff77c85e3c2a2878aa1'
[    3.560240] Loaded X.509 cert 'Canonical Ltd. Live Patch Signing 2025 Kmod: d541cef61dc7e793b7eb7e899970a2eef0b5dc8c'
[    3.577242] Loaded X.509 cert 'Canonical Ltd. Live Patch Signing: 14df34d1a87cf37625abec039ef2bf521249b969'
[    3.590803] Loaded X.509 cert 'Canonical Ltd. Kernel Module Signing 2025 Kmod: 4627603d2357a2a3f81006370894c221175893e9'
[    3.608217] cdrom: Uniform CD-ROM driver Revision: 3.20
[    3.616189] Loaded X.509 cert 'Canonical Ltd. Kernel Module Signing: 88f752e560a1e0737e31163a466ad7b70a850c19'
[    3.629623] blacklist: Loading compiled-in revocation X.509 certificates
[    3.641299] Loaded X.509 cert 'Canonical Ltd. Secure Boot Signing: 61482aa2830d0ab2ad5af10b7250da9033ddcef0'
[    3.654885] Loaded X.509 cert 'Canonical Ltd. Secure Boot Signing (2017): 242ade75ac4a15e50d50c84b0d45ff3eae707a03'
[    3.669006] Loaded X.509 cert 'Canonical Ltd. Secure Boot Signing (ESM 2018): 365188c1d374d6b07c3c8f240f8ef722433d6a8b'
[    3.687677] Loaded X.509 cert 'Canonical Ltd. Secure Boot Signing (2019): c0746fd6c5da3ae827864651ad66ae47fe24b3e8'
[    3.706065] sr 1:0:0:0: Attached scsi generic sg0 type 5
[    3.713664] Loaded X.509 cert 'Canonical Ltd. Secure Boot Signing (2021 v1): a8d54bbb3825cfb94fa13c9f8a594a195c107b8d'
[    3.728638] Loaded X.509 cert 'Canonical Ltd. Secure Boot Signing (2021 v2): 4cf046892d6fd3c9a5b03f98d845f90851dc6a8c'
[    3.743155] Loaded X.509 cert 'Canonical Ltd. Secure Boot Signing (2021 v3): 100437bb6de6e469b581e61cd66bce3ef4ed53af'
[    3.759734] Loaded X.509 cert 'Canonical Ltd. Secure Boot Signing (Ubuntu Core 2019): c1d57b8f6b743f23ee41f4f7ee292f06eecadfb9'
[    3.783702] Key type .fscrypt registered
[    3.789927] Key type fscrypt-provisioning registered
[    3.798166] Key type encrypted registered
[    3.804531] AppArmor: AppArmor sha256 policy hashing enabled
[    3.812933] ima: No TPM chip found, activating TPM-bypass!
[    3.820719] Loading compiled-in module X.509 certificates
[    3.829239] Loaded X.509 cert 'Build time autogenerated kernel key: 65a2441d98c8a817e997fff77c85e3c2a2878aa1'
[    3.844689] ima: Allocated hash algorithm: sha256
[    3.851955] ima: No architecture policies found
[    3.858913] evm: Initialising EVM extended attributes:
[    3.866237] evm: security.selinux
[    3.871036] evm: security.SMACK64
[    3.875844] evm: security.SMACK64EXEC
[    3.881054] evm: security.SMACK64TRANSMUTE
[    3.886734] evm: security.SMACK64MMAP
[    3.891947] evm: security.apparmor
[    3.896793] evm: security.ima
[    3.901184] evm: security.capability
[    3.906676] evm: HMAC attrs: 0x1
[    3.912120] PM:   Magic number: 14:9:234
[    3.928127] RAS: Correctable Errors collector initialized.
[    3.935983] Unstable clock detected, switching default tracing clock to "global"
[    3.935983] If you want to keep using the local clock, then add:
[    3.935983]   "trace_clock=local"
[    3.935983] on the kernel command line
[    3.965769] clk: Disabling unused clocks
[    3.993063] Freeing unused decrypted memory: 2028K
[    3.999985] Freeing unused kernel image (initmem) memory: 4932K
[    4.006575] Write protecting the kernel read-only data: 38912k
[    4.014960] Freeing unused kernel image (rodata/data gap) memory: 1956K
[    4.106160] x86/mm: Checked W+X mappings: passed, no W+X pages found.
[    4.112202] Run /init as init process
sent guest probe arp-mac length=42
[    4.361695] ACPI: PM: Preparing to enter system sleep state S5
[    4.366768] reboot: Power down
