[    0.000000] Linux version 6.8.0-139-generic (buildd@lcy02-amd64-036) (x86_64-linux-gnu-gcc-13 (Ubuntu 13.3.0-6ubuntu2~24.04.1) 13.3.0, GNU ld (GNU Binutils for Ubuntu) 2.42) #139-Ubuntu SMP PREEMPT_DYNAMIC Sat Aug  1 03:52:05 UTC 2026 (Ubuntu 6.8.0-139.139-generic 6.8.12)
[    0.000000] Command line: console=ttyS0 rdinit=/init mode=wrong-ip
[    0.000000] KERNEL supported cpus:
[    0.000000]   Intel GenuineIntel
[    0.000000]   AMD AuthenticAMD
[    0.000000]   Hygon HygonGenuine
[    0.000000]   Centaur CentaurHauls
[    0.000000]   zhaoxin   Shanghai  
[    0.000000] BIOS-provided physical RAM map:
[    0.000000] BIOS-e820: [mem 0x0000000000000000-0x000000000009fbff] usable
[    0.000000] BIOS-e820: [mem 0x000000000009fc00-0x000000000009ffff] reserved
[    0.000000] BIOS-e820: [mem 0x00000000000f0000-0x00000000000fffff] reserved
[    0.000000] BIOS-e820: [mem 0x0000000000100000-0x0000000007fdffff] usable
[    0.000000] BIOS-e820: [mem 0x0000000007fe0000-0x0000000007ffffff] reserved
[    0.000000] BIOS-e820: [mem 0x00000000feffc000-0x00000000feffffff] reserved
[    0.000000] BIOS-e820: [mem 0x00000000fffc0000-0x00000000ffffffff] reserved
[    0.000000] BIOS-e820: [mem 0x000000fd00000000-0x000000ffffffffff] reserved
[    0.000000] NX (Execute Disable) protection: active
[    0.000000] APIC: Static calls initialized
[    0.000000] SMBIOS 3.0.0 present.
[    0.000000] DMI: QEMU Ubuntu 24.04 PC v2 (i440FX + PIIX, arch_caps fix, 1996), BIOS 1.16.3-debian-1.16.3-2 04/01/2014
[    0.000000] Hypervisor detected: KVM
[    0.000000] kvm-clock: Using msrs 4b564d01 and 4b564d00
[    0.000003] kvm-clock: using sched offset of 1347242392 cycles
[    0.000007] clocksource: kvm-clock: mask: 0xffffffffffffffff max_cycles: 0x1cd42e4dffb, max_idle_ns: 881590591483 ns
[    0.000011] tsc: Detected 1999.999 MHz processor
[    0.001628] last_pfn = 0x7fe0 max_arch_pfn = 0x400000000
[    0.003148] MTRR map: 4 entries (3 fixed + 1 variable; max 19), built from 8 variable MTRRs
[    0.003196] x86/PAT: Configuration [0-7]: WB  WC  UC- UC  WB  WP  UC- WT  
[    0.008201] found SMP MP-table at [mem 0x000f5480-0x000f548f]
[    0.008221] Using GB pages for direct mapping
[    0.008580] RAMDISK: [mem 0x07e64000-0x07fdffff]
[    0.008729] ACPI: Early table checksum verification disabled
[    0.008735] ACPI: RSDP 0x00000000000F5290 000014 (v00 BOCHS )
[    0.008740] ACPI: RSDT 0x0000000007FE1C52 000034 (v01 BOCHS  BXPC     00000001 BXPC 00000001)
[    0.008747] ACPI: FACP 0x0000000007FE1B06 000074 (v01 BOCHS  BXPC     00000001 BXPC 00000001)
[    0.008760] ACPI: DSDT 0x0000000007FE0040 001AC6 (v01 BOCHS  BXPC     00000001 BXPC 00000001)
[    0.008765] ACPI: FACS 0x0000000007FE0000 000040
[    0.008768] ACPI: APIC 0x0000000007FE1B7A 000078 (v03 BOCHS  BXPC     00000001 BXPC 00000001)
[    0.008772] ACPI: HPET 0x0000000007FE1BF2 000038 (v01 BOCHS  BXPC     00000001 BXPC 00000001)
[    0.008776] ACPI: WAET 0x0000000007FE1C2A 000028 (v01 BOCHS  BXPC     00000001 BXPC 00000001)
[    0.008779] ACPI: Reserving FACP table memory at [mem 0x7fe1b06-0x7fe1b79]
[    0.008780] ACPI: Reserving DSDT table memory at [mem 0x7fe0040-0x7fe1b05]
[    0.008782] ACPI: Reserving FACS table memory at [mem 0x7fe0000-0x7fe003f]
[    0.008783] ACPI: Reserving APIC table memory at [mem 0x7fe1b7a-0x7fe1bf1]
[    0.008784] ACPI: Reserving HPET table memory at [mem 0x7fe1bf2-0x7fe1c29]
[    0.008786] ACPI: Reserving WAET table memory at [mem 0x7fe1c2a-0x7fe1c51]
[    0.014388] No NUMA configuration found
[    0.014390] Faking a node at [mem 0x0000000000000000-0x0000000007fdffff]
[    0.014403] NODE_DATA(0) allocated [mem 0x07e39000-0x07e63fff]
[    0.015185] Zone ranges:
[    0.015187]   DMA      [mem 0x0000000000001000-0x0000000000ffffff]
[    0.015190]   DMA32    [mem 0x0000000001000000-0x0000000007fdffff]
[    0.015192]   Normal   empty
[    0.015194]   Device   empty
[    0.015195] Movable zone start for each node
[    0.015199] Early memory node ranges
[    0.015199]   node   0: [mem 0x0000000000001000-0x000000000009efff]
[    0.015201]   node   0: [mem 0x0000000000100000-0x0000000007fdffff]
[    0.015203] Initmem setup node 0 [mem 0x0000000000001000-0x0000000007fdffff]
[    0.015627] On node 0, zone DMA: 1 pages in unavailable ranges
[    0.016252] On node 0, zone DMA: 97 pages in unavailable ranges
[    0.023419] On node 0, zone DMA32: 32 pages in unavailable ranges
[    0.031044] ACPI: PM-Timer IO Port: 0x608
[    0.031137] ACPI: LAPIC_NMI (acpi_id[0xff] dfl dfl lint[0x1])
[    0.031595] IOAPIC[0]: apic_id 0, version 17, address 0xfec00000, GSI 0-23
[    0.031600] ACPI: INT_SRC_OVR (bus 0 bus_irq 0 global_irq 2 dfl dfl)
[    0.031603] ACPI: INT_SRC_OVR (bus 0 bus_irq 5 global_irq 5 high level)
[    0.031604] ACPI: INT_SRC_OVR (bus 0 bus_irq 9 global_irq 9 high level)
[    0.031606] ACPI: INT_SRC_OVR (bus 0 bus_irq 10 global_irq 10 high level)
[    0.031608] ACPI: INT_SRC_OVR (bus 0 bus_irq 11 global_irq 11 high level)
[    0.031612] ACPI: Using ACPI (MADT) for SMP configuration information
[    0.031613] ACPI: HPET id: 0x8086a201 base: 0xfed00000
[    0.031618] TSC deadline timer available
[    0.031619] smpboot: Allowing 1 CPUs, 0 hotplug CPUs
[    0.031834] kvm-guest: APIC: eoi() replaced with kvm_guest_apic_eoi_write()
[    0.032130] PM: hibernation: Registered nosave memory: [mem 0x00000000-0x00000fff]
[    0.032133] PM: hibernation: Registered nosave memory: [mem 0x0009f000-0x000fffff]
[    0.032135] [mem 0x08000000-0xfeffbfff] available for PCI devices
[    0.032137] Booting paravirtualized kernel on KVM
[    0.032140] clocksource: refined-jiffies: mask: 0xffffffff max_cycles: 0xffffffff, max_idle_ns: 1910969940391419 ns
[    0.032192] setup_percpu: NR_CPUS:8192 nr_cpumask_bits:1 nr_cpu_ids:1 nr_node_ids:1
[    0.040032] percpu: Embedded 86 pages/cpu s229376 r8192 d114688 u2097152
[    0.040467] kvm-guest: PV spinlocks disabled, single CPU
[    0.040470] Kernel command line: console=ttyS0 rdinit=/init mode=wrong-ip
[    0.040533] Unknown kernel command line parameters "mode=wrong-ip", will be passed to user space.
[    0.040551] random: crng init done
[    0.040959] Dentry cache hash table entries: 16384 (order: 5, 131072 bytes, linear)
[    0.040967] Inode-cache hash table entries: 8192 (order: 4, 65536 bytes, linear)
[    0.041198] Fallback order for Node 0: 0 
[    0.041203] Built 1 zonelists, mobility grouping on.  Total pages: 31968
[    0.041204] Policy zone: DMA32
[    0.041211] mem auto-init: stack:all(zero), heap alloc:on, heap free:off
[    0.041562] Memory: 72016K/130552K available (22528K kernel code, 4441K rwdata, 14428K rodata, 4932K init, 4776K bss, 58276K reserved, 0K cma-reserved)
[    0.042871] SLUB: HWalign=64, Order=0-3, MinObjects=0, CPUs=1, Nodes=1
[    0.042903] ftrace: allocating 58336 entries in 228 pages
[    0.058138] ftrace: allocated 228 pages with 4 groups
[    0.059431] Dynamic Preempt: voluntary
[    0.059495] rcu: Preemptible hierarchical RCU implementation.
[    0.059496] rcu: 	RCU restricting CPUs from NR_CPUS=8192 to nr_cpu_ids=1.
[    0.059498] 	Trampoline variant of Tasks RCU enabled.
[    0.059498] 	Rude variant of Tasks RCU enabled.
[    0.059499] 	Tracing variant of Tasks RCU enabled.
[    0.059500] rcu: RCU calculated value of scheduler-enlistment delay is 100 jiffies.
[    0.059501] rcu: Adjusting geometry for rcu_fanout_leaf=16, nr_cpu_ids=1
[    0.059513] RCU Tasks: Setting shift to 0 and lim to 1 rcu_task_cb_adjust=1 rcu_task_cpu_ids=1.
[    0.059515] RCU Tasks Rude: Setting shift to 0 and lim to 1 rcu_task_cb_adjust=1 rcu_task_cpu_ids=1.
[    0.059517] RCU Tasks Trace: Setting shift to 0 and lim to 1 rcu_task_cb_adjust=1 rcu_task_cpu_ids=1.
[    0.063958] NR_IRQS: 524544, nr_irqs: 256, preallocated irqs: 16
[    0.065084] rcu: srcu_init: Setting srcu_struct sizes based on contention.
[    0.208069] Console: colour VGA+ 80x25
[    0.208754] printk: legacy console [ttyS0] enabled
[    1.602039] ACPI: Core revision 20230628
[    1.611813] clocksource: hpet: mask: 0xffffffff max_cycles: 0xffffffff, max_idle_ns: 19112604467 ns
[    1.631429] APIC: Switch to symmetric I/O mode setup
[    1.648892] x2apic enabled
[    1.660528] APIC: Switched APIC routing to: physical x2apic
[    1.694882] ..TIMER: vector=0x30 apic1=0 pin1=2 apic2=-1 pin2=-1
[    1.707826] clocksource: tsc-early: mask: 0xffffffffffffffff max_cycles: 0x39a85afc727, max_idle_ns: 881590685098 ns
[    1.729317] Calibrating delay loop (skipped) preset value.. 3999.99 BogoMIPS (lpj=1999999)
[    1.733900] AMD Zen1 DIV0 bug detected. Disable SMT for full protection.
[    1.734357] AMD Zen1 FPDSS bug detected, enabling mitigation.
[    1.739156] Last level iTLB entries: 4KB 512, 2MB 255, 4MB 127
[    1.739315] Last level dTLB entries: 4KB 512, 2MB 255, 4MB 127, 1GB 0
[    1.740322] Spectre V1 : Mitigation: usercopy/swapgs barriers and __user pointer sanitization
[    1.741316] Spectre V2 : Mitigation: Retpolines
[    1.742313] Spectre V2 : Spectre v2 / SpectreRSB: Filling RSB on context switch and VMEXIT
[    1.743314] Spectre V2 : Enabling Speculation Barrier for firmware calls
[    1.744316] active return thunk: retbleed_return_thunk
[    1.745315] RETBleed: Mitigation: untrained return thunk
[    1.746320] Spectre V2 : mitigation: Enabling conditional Indirect Branch Prediction Barrier
[    1.747319] Speculative Store Bypass: Mitigation: Speculative Store Bypass disabled via prctl
[    1.749651] x86/fpu: Supporting XSAVE feature 0x001: 'x87 floating point registers'
[    1.750314] x86/fpu: Supporting XSAVE feature 0x002: 'SSE registers'
[    1.751313] x86/fpu: Supporting XSAVE feature 0x004: 'AVX registers'
[    1.753314] x86/fpu: xstate_offset[2]:  576, xstate_sizes[2]:  256
[    1.754315] x86/fpu: Enabled xstate features 0x7, context size is 832 bytes, using 'compacted' format.
[    1.799973] Freeing SMP alternatives memory: 48K
[    1.800316] pid_max: default: 32768 minimum: 301
[    1.802314] LSM: initializing lsm=lockdown,capability,landlock,yama,apparmor,integrity
[    1.803337] landlock: Up and running.
[    1.804314] Yama: becoming mindful.
[    1.805367] AppArmor: AppArmor initialized
[    1.806362] Mount-cache hash table entries: 512 (order: 0, 4096 bytes, linear)
[    1.807316] Mountpoint-cache hash table entries: 512 (order: 0, 4096 bytes, linear)
[    1.810310] smpboot: CPU0: AMD EPYC 7401P 24-Core Processor (family: 0x17, model: 0x1, stepping: 0x2)
[    1.810582] Performance Events: Fam17h+ core perfctr, AMD PMU driver.
[    1.811397] ... version:                0
[    1.812370] ... bit width:              48
[    1.813356] ... generic registers:      6
[    1.814356] ... value mask:             0000ffffffffffff
[    1.815362] ... max period:             00007fffffffffff
[    1.816359] ... fixed-purpose events:   0
[    1.817357] ... event mask:             000000000000003f
[    1.818509] signal: max sigframe size: 1776
[    1.819431] rcu: Hierarchical SRCU implementation.
[    1.820356] rcu: 	Max phase no-delay instances is 400.
[    1.825937] smp: Bringing up secondary CPUs ...
[    1.826375] smp: Brought up 1 node, 1 CPU
[    1.827359] smpboot: Max logical packages: 1
[    1.828358] smpboot: Total of 1 processors activated (3999.99 BogoMIPS)
[    1.830728] devtmpfs: initialized
[    1.831526] x86/mm: Memory block size: 128MB
[    1.832715] clocksource: jiffies: mask: 0xffffffff max_cycles: 0xffffffff, max_idle_ns: 1911260446275000 ns
[    1.833374] futex hash table entries: 256 (order: 2, 16384 bytes, linear)
[    1.834443] pinctrl core: initialized pinctrl subsystem
[    1.836355] PM: RTC time: 15:13:41, date: 2026-10-03
[    1.839795] NET: Registered PF_NETLINK/PF_ROUTE protocol family
[    1.840885] DMA: preallocated 128 KiB GFP_KERNEL pool for atomic allocations
[    1.841391] DMA: preallocated 128 KiB GFP_KERNEL|GFP_DMA pool for atomic allocations
[    1.842727] DMA: preallocated 128 KiB GFP_KERNEL|GFP_DMA32 pool for atomic allocations
[    1.843382] audit: initializing netlink subsys (disabled)
[    1.844606] audit: type=2000 audit(1791040419.608:1): state=initialized audit_enabled=0 res=1
[    1.845807] thermal_sys: Registered thermal governor 'fair_share'
[    1.845810] thermal_sys: Registered thermal governor 'bang_bang'
[    1.846363] thermal_sys: Registered thermal governor 'step_wise'
[    1.847357] thermal_sys: Registered thermal governor 'user_space'
[    1.848356] thermal_sys: Registered thermal governor 'power_allocator'
[    1.849399] cpuidle: using governor ladder
[    1.851365] cpuidle: using governor menu
[    1.864570] acpiphp: ACPI Hot Plug PCI Controller Driver version: 0.5
[    1.866948] PCI: Using configuration type 1 for base access
[    1.867358] PCI: Using configuration type 1 for extended access
[    1.868693] kprobes: kprobe jump-optimization is enabled. All kprobes are optimized if possible.
[    1.921924] HugeTLB: registered 1.00 GiB page size, pre-allocated 0 pages
[    1.922356] HugeTLB: 16380 KiB vmemmap can be freed for a 1.00 GiB page
[    1.923456] HugeTLB: registered 2.00 MiB page size, pre-allocated 0 pages
[    1.924380] HugeTLB: 28 KiB vmemmap can be freed for a 2.00 MiB page
[    1.926979] ACPI: Added _OSI(Module Device)
[    1.927372] ACPI: Added _OSI(Processor Device)
[    1.928356] ACPI: Added _OSI(Processor Aggregator Device)
[    1.930929] ACPI: 1 ACPI AML tables successfully acquired and loaded
[    1.934524] ACPI: _OSC evaluation for CPUs failed, trying _PDC
[    1.935652] ACPI: Interpreter enabled
[    1.936375] ACPI: PM: (supports S0 S3 S4 S5)
[    1.937357] ACPI: Using IOAPIC for interrupt routing
[    1.938509] PCI: Using host bridge windows from ACPI; if necessary, use "pci=nocrs" and report a bug
[    1.939356] PCI: Using E820 reservations for host bridge windows
[    1.940767] ACPI: Enabled 2 GPEs in block 00 to 0F
[    1.950562] ACPI: PCI Root Bridge [PCI0] (domain 0000 [bus 00-ff])
[    1.951363] acpi PNP0A03:00: _OSC: OS supports [ExtendedConfig ASPM ClockPM Segments MSI EDR HPX-Type3]
[    1.953694] acpiphp: Slot [3] registered
[    1.954531] acpiphp: Slot [4] registered
[    1.955511] acpiphp: Slot [5] registered
[    1.956520] acpiphp: Slot [6] registered
[    1.957548] acpiphp: Slot [7] registered
[    1.958511] acpiphp: Slot [8] registered
[    1.959509] acpiphp: Slot [9] registered
[    1.960510] acpiphp: Slot [10] registered
[    1.961537] acpiphp: Slot [11] registered
[    1.962510] acpiphp: Slot [12] registered
[    1.963521] acpiphp: Slot [13] registered
[    1.964590] acpiphp: Slot [14] registered
[    1.965540] acpiphp: Slot [15] registered
[    1.966552] acpiphp: Slot [16] registered
[    1.967536] acpiphp: Slot [17] registered
[    1.968534] acpiphp: Slot [18] registered
[    1.969512] acpiphp: Slot [19] registered
[    1.970558] acpiphp: Slot [20] registered
[    1.971511] acpiphp: Slot [21] registered
[    1.972513] acpiphp: Slot [22] registered
[    1.973602] acpiphp: Slot [23] registered
[    1.974551] acpiphp: Slot [24] registered
[    1.975649] acpiphp: Slot [25] registered
[    1.976626] acpiphp: Slot [26] registered
[    1.977726] acpiphp: Slot [27] registered
[    1.978589] acpiphp: Slot [28] registered
[    1.979621] acpiphp: Slot [29] registered
[    1.980532] acpiphp: Slot [30] registered
[    1.981559] acpiphp: Slot [31] registered
[    1.982509] PCI host bridge to bus 0000:00
[    1.983359] pci_bus 0000:00: root bus resource [io  0x0000-0x0cf7 window]
[    1.984357] pci_bus 0000:00: root bus resource [io  0x0d00-0xffff window]
[    1.985358] pci_bus 0000:00: root bus resource [mem 0x000a0000-0x000bffff window]
[    1.986358] pci_bus 0000:00: root bus resource [mem 0x08000000-0xfebfffff window]
[    1.987368] pci_bus 0000:00: root bus resource [mem 0x100000000-0x17fffffff window]
[    1.988358] pci_bus 0000:00: root bus resource [bus 00-ff]
[    1.992887] pci 0000:00:00.0: [8086:1237] type 00 class 0x060000 conventional PCI endpoint
[    2.001645] pci 0000:00:01.0: [8086:7000] type 00 class 0x060100 conventional PCI endpoint
[    2.011226] pci 0000:00:01.1: [8086:7010] type 00 class 0x010180 conventional PCI endpoint
[    2.018175] pci 0000:00:01.1: BAR 4 [io  0xc020-0xc02f]
[    2.019145] pci 0000:00:01.1: BAR 0 [io  0x01f0-0x01f7]: legacy IDE quirk
[    2.019357] pci 0000:00:01.1: BAR 1 [io  0x03f6]: legacy IDE quirk
[    2.020358] pci 0000:00:01.1: BAR 2 [io  0x0170-0x0177]: legacy IDE quirk
[    2.021361] pci 0000:00:01.1: BAR 3 [io  0x0376]: legacy IDE quirk
[    2.024792] pci 0000:00:01.3: [8086:7113] type 00 class 0x068000 conventional PCI endpoint
[    2.032361] pci 0000:00:01.3: quirk: [io  0x0600-0x063f] claimed by PIIX4 ACPI
[    2.033500] pci 0000:00:01.3: quirk: [io  0x0700-0x070f] claimed by PIIX4 SMB
[    2.038215] pci 0000:00:02.0: [1234:1111] type 00 class 0x030000 conventional PCI endpoint
[    2.044977] pci 0000:00:02.0: BAR 0 [mem 0xfd000000-0xfdffffff pref]
[    2.045733] pci 0000:00:02.0: BAR 2 [mem 0xfeb90000-0xfeb90fff]
[    2.046982] pci 0000:00:02.0: ROM [mem 0xfeb80000-0xfeb8ffff pref]
[    2.049077] pci 0000:00:02.0: Video device with shadowed ROM at [mem 0x000c0000-0x000dffff]
[    2.056001] pci 0000:00:03.0: [1af4:1000] type 00 class 0x020000 conventional PCI endpoint
[    2.063242] pci 0000:00:03.0: BAR 0 [io  0xc000-0xc01f]
[    2.063502] pci 0000:00:03.0: BAR 1 [mem 0xfeb91000-0xfeb91fff]
[    2.065072] pci 0000:00:03.0: BAR 4 [mem 0xfe000000-0xfe003fff 64bit pref]
[    2.065556] pci 0000:00:03.0: ROM [mem 0xfeb00000-0xfeb7ffff pref]
[    2.425197] ACPI: PCI: Interrupt link LNKA configured for IRQ 10
[    2.426215] ACPI: PCI: Interrupt link LNKB configured for IRQ 10
[    2.427148] ACPI: PCI: Interrupt link LNKC configured for IRQ 11
[    2.428390] ACPI: PCI: Interrupt link LNKD configured for IRQ 11
[    2.429709] ACPI: PCI: Interrupt link LNKS configured for IRQ 9
[    2.432568] iommu: Default domain type: Translated
[    2.433356] iommu: DMA domain TLB invalidation policy: lazy mode
[    2.435207] SCSI subsystem initialized
[    2.435672] ACPI: bus type USB registered
[    2.436473] usbcore: registered new interface driver usbfs
[    2.437387] usbcore: registered new interface driver hub
[    2.438384] usbcore: registered new device driver usb
[    2.439400] pps_core: LinuxPPS API ver. 1 registered
[    2.440356] pps_core: Software ver. 5.3.6 - Copyright 2005-2007 Rodolfo Giometti <giometti@linux.it>
[    2.441363] PTP clock support registered
[    2.442986] EDAC MC: Ver: 3.0.0
[    2.447215] NetLabel: Initializing
[    2.447355] NetLabel:  domain hash size = 128
[    2.448356] NetLabel:  protocols = UNLABELED CIPSOv4 CALIPSO
[    2.449453] NetLabel:  unlabeled traffic allowed by default
[    2.450804] mctp: management component transport protocol core
[    2.451360] NET: Registered PF_MCTP protocol family
[    2.452388] PCI: Using ACPI for IRQ routing
[    2.455613] pci 0000:00:02.0: vgaarb: setting as boot VGA device
[    2.456310] pci 0000:00:02.0: vgaarb: bridge control possible
[    2.456310] pci 0000:00:02.0: vgaarb: VGA device added: decodes=io+mem,owns=io+mem,locks=none
[    2.456363] vgaarb: loaded
[    2.457823] hpet0: at MMIO 0xfed00000, IRQs 2, 8, 0
[    2.458356] hpet0: 3 comparators, 64-bit 100.000000 MHz counter
[    2.461536] clocksource: Switched to clocksource kvm-clock
[    2.477306] VFS: Disk quotas dquot_6.6.0
[    2.485770] VFS: Dquot-cache hash table entries: 512 (order 0, 4096 bytes)
[    2.500407] AppArmor: AppArmor Filesystem Enabled
[    2.509591] pnp: PnP ACPI init
[    2.517574] pnp: PnP ACPI: found 6 devices
[    2.539455] clocksource: acpi_pm: mask: 0xffffff max_cycles: 0xffffff, max_idle_ns: 2085701024 ns
[    2.558831] NET: Registered PF_INET protocol family
[    2.568775] IP idents hash table entries: 2048 (order: 2, 16384 bytes, linear)
[    2.621540] tcp_listen_portaddr_hash hash table entries: 256 (order: 0, 4096 bytes, linear)
[    2.638147] Table-perturb hash table entries: 65536 (order: 6, 262144 bytes, linear)
[    2.653345] TCP established hash table entries: 1024 (order: 1, 8192 bytes, linear)
[    2.668355] TCP bind hash table entries: 1024 (order: 3, 32768 bytes, linear)
[    2.682509] TCP: Hash tables configured (established 1024 bind 1024)
[    2.695161] MPTCP token hash table entries: 256 (order: 1, 6144 bytes, linear)
[    2.709317] UDP hash table entries: 256 (order: 1, 8192 bytes, linear)
[    2.722327] UDP-Lite hash table entries: 256 (order: 1, 8192 bytes, linear)
[    2.736389] NET: Registered PF_UNIX/PF_LOCAL protocol family
[    2.747745] NET: Registered PF_XDP protocol family
[    2.757435] pci_bus 0000:00: resource 4 [io  0x0000-0x0cf7 window]
[    2.769562] pci_bus 0000:00: resource 5 [io  0x0d00-0xffff window]
[    2.782265] pci_bus 0000:00: resource 6 [mem 0x000a0000-0x000bffff window]
[    2.795760] pci_bus 0000:00: resource 7 [mem 0x08000000-0xfebfffff window]
[    2.809435] pci_bus 0000:00: resource 8 [mem 0x100000000-0x17fffffff window]
[    2.823617] pci 0000:00:01.0: PIIX3: Enabling Passive Release
[    2.835138] pci 0000:00:00.0: quirk_passive_release+0x0/0xb0 took 11397 usecs
[    2.849577] pci 0000:00:00.0: Limiting direct PCI/PCI transfers
[    2.861321] pci 0000:00:00.0: quirk_natoma+0x0/0x40 took 11469 usecs
[    2.874793] PCI: CLS 0 bytes, default 64
[    2.883804] Trying to unpack rootfs image as initramfs...
[    2.894590] clocksource: tsc: mask: 0xffffffffffffffff max_cycles: 0x39a85afc727, max_idle_ns: 881590685098 ns
[    2.928467] Initialise system trusted keyrings
[    2.945504] Key type blacklist registered
[    2.961417] workingset: timestamp_bits=36 max_order=15 bucket_order=0
[    2.987373] zbud: loaded
[    2.997775] squashfs: version 4.0 (2009/01/31) Phillip Lougher
[    3.010760] Freeing initrd memory: 1520K
[    3.018831] fuse: init (API version 7.39)
[    3.027099] integrity: Platform Keyring initialized
[    3.037102] integrity: Machine keyring initialized
[    3.065652] Key type asymmetric registered
[    3.074331] Asymmetric key parser 'x509' registered
[    3.084350] Block layer SCSI generic (bsg) driver version 0.4 loaded (major 243)
[    3.098876] io scheduler mq-deadline registered
[    3.108645] shpchp: Standard Hot Plug PCI Controller Driver version: 0.4
[    3.122460] input: Power Button as /devices/LNXSYSTM:00/LNXPWRBN:00/input/input0
[    3.137472] ACPI: button: Power Button [PWRF]
[    3.177379] ACPI: \_SB_.LNKC: Enabled at IRQ 11
[    3.203381] Serial: 8250/16550 driver, 32 ports, IRQ sharing enabled
[    3.275404] 00:04: ttyS0 at I/O 0x3f8 (irq = 4, base_baud = 115200) is a 16550A
[    3.294760] Linux agpgart interface v0.103
[    3.306799] loop: module loaded
[    3.317920] scsi host0: ata_piix
[    3.324930] scsi host1: ata_piix
[    3.331704] ata1: PATA max MWDMA2 cmd 0x1f0 ctl 0x3f6 bmdma 0xc020 irq 14 lpm-pol 0
[    3.346415] ata2: PATA max MWDMA2 cmd 0x170 ctl 0x376 bmdma 0xc028 irq 15 lpm-pol 0
[    3.369782] ACPI: bus type drm_connector registered
[    3.380638] tun: Universal TUN/TAP device driver, 1.6
[    3.408699] PPP generic driver version 2.4.2
[    3.417896] i8042: PNP: PS/2 Controller [PNP0303:KBD,PNP0f13:MOU] at 0x60,0x64 irq 1,12
[    3.444675] serio: i8042 KBD port at 0x60,0x64 irq 1
[    3.454684] serio: i8042 AUX port at 0x60,0x64 irq 12
[    3.465409] mousedev: PS/2 mouse device common for all mice
[    3.479605] rtc_cmos 00:05: RTC can wake from S4
[    3.490046] input: AT Translated Set 2 keyboard as /devices/platform/i8042/serio0/input/input1
[    3.516069] rtc_cmos 00:05: registered as rtc0
[    3.530492] ata2: found unknown device (class 0)
[    3.547494] rtc_cmos 00:05: setting system clock to 2026-10-03T15:13:44 UTC (1791040424)
[    3.567448] ata2.00: ATAPI: QEMU DVD-ROM, 2.5+, max UDMA/100
[    3.582140] rtc_cmos 00:05: alarms up to one day, y3k, 242 bytes nvram, hpet irqs
[    3.609602] scsi 1:0:0:0: CD-ROM            QEMU     QEMU DVD-ROM     2.5+ PQ: 0 ANSI: 5
[    3.625544] i2c_dev: i2c /dev entries driver
[    3.634420] device-mapper: core: CONFIG_IMA_DISABLE_HTABLE is disabled. Duplicate IMA measurements will not be recorded in the IMA log.
[    3.673866] device-mapper: uevent: version 1.0.3
[    3.688829] device-mapper: ioctl: 4.48.0-ioctl (2023-03-01) initialised: dm-devel@redhat.com
[    3.705443] amd_pstate: the _CPC object is not present in SBIOS or ACPI disabled
[    3.719761] ledtrig-cpu: registered to indicate activity on CPUs
[    3.736621] drop_monitor: Initializing network drop monitor service
[    3.752552] NET: Registered PF_INET6 protocol family
[    3.762874] Segment Routing with IPv6
[    3.770292] In-situ OAM (IOAM) with IPv6
[    3.782908] NET: Registered PF_PACKET protocol family
[    3.797641] sr 1:0:0:0: [sr0] scsi3-mmc drive: 4x/4x cd/rw xa/form2 tray
[    3.813072] Key type dns_resolver registered
[    3.827083] IPI shorthand broadcast: enabled
[    3.846320] registered taskstats version 1
[    3.858878] Loading compiled-in X.509 certificates
[    3.869450] Loaded X.509 cert 'Build time autogenerated kernel key: 65a2441d98c8a817e997fff77c85e3c2a2878aa1'
[    3.895361] cdrom: Uniform CD-ROM driver Revision: 3.20
[    3.906785] Loaded X.509 cert 'Canonical Ltd. Live Patch Signing 2025 Kmod: d541cef61dc7e793b7eb7e899970a2eef0b5dc8c'
[    3.931476] Loaded X.509 cert 'Canonical Ltd. Live Patch Signing: 14df34d1a87cf37625abec039ef2bf521249b969'
[    3.955574] Loaded X.509 cert 'Canonical Ltd. Kernel Module Signing 2025 Kmod: 4627603d2357a2a3f81006370894c221175893e9'
[    3.980730] sr 1:0:0:0: Attached scsi generic sg0 type 5
[    3.992085] Loaded X.509 cert 'Canonical Ltd. Kernel Module Signing: 88f752e560a1e0737e31163a466ad7b70a850c19'
[    4.011480] blacklist: Loading compiled-in revocation X.509 certificates
[    4.024726] Loaded X.509 cert 'Canonical Ltd. Secure Boot Signing: 61482aa2830d0ab2ad5af10b7250da9033ddcef0'
[    4.044375] Loaded X.509 cert 'Canonical Ltd. Secure Boot Signing (2017): 242ade75ac4a15e50d50c84b0d45ff3eae707a03'
[    4.064518] Loaded X.509 cert 'Canonical Ltd. Secure Boot Signing (ESM 2018): 365188c1d374d6b07c3c8f240f8ef722433d6a8b'
[    4.085343] Loaded X.509 cert 'Canonical Ltd. Secure Boot Signing (2019): c0746fd6c5da3ae827864651ad66ae47fe24b3e8'
[    4.105761] Loaded X.509 cert 'Canonical Ltd. Secure Boot Signing (2021 v1): a8d54bbb3825cfb94fa13c9f8a594a195c107b8d'
[    4.127703] Loaded X.509 cert 'Canonical Ltd. Secure Boot Signing (2021 v2): 4cf046892d6fd3c9a5b03f98d845f90851dc6a8c'
[    4.148836] Loaded X.509 cert 'Canonical Ltd. Secure Boot Signing (2021 v3): 100437bb6de6e469b581e61cd66bce3ef4ed53af'
[    4.169743] Loaded X.509 cert 'Canonical Ltd. Secure Boot Signing (Ubuntu Core 2019): c1d57b8f6b743f23ee41f4f7ee292f06eecadfb9'
[    4.197407] Key type .fscrypt registered
[    4.205287] Key type fscrypt-provisioning registered
[    4.215872] Key type encrypted registered
[    4.224240] AppArmor: AppArmor sha256 policy hashing enabled
[    4.235602] ima: No TPM chip found, activating TPM-bypass!
[    4.246378] Loading compiled-in module X.509 certificates
[    4.258075] Loaded X.509 cert 'Build time autogenerated kernel key: 65a2441d98c8a817e997fff77c85e3c2a2878aa1'
[    4.277627] ima: Allocated hash algorithm: sha256
[    4.287357] ima: No architecture policies found
[    4.296416] evm: Initialising EVM extended attributes:
[    4.306512] evm: security.selinux
[    4.313406] evm: security.SMACK64
[    4.320231] evm: security.SMACK64EXEC
[    4.327622] evm: security.SMACK64TRANSMUTE
[    4.335830] evm: security.SMACK64MMAP
[    4.343300] evm: security.apparmor
[    4.350243] evm: security.ima
[    4.356301] evm: security.capability
[    4.363432] evm: HMAC attrs: 0x1
[    4.370677] PM:   Magic number: 14:9:234
[    4.389624] RAS: Correctable Errors collector initialized.
[    4.400569] Unstable clock detected, switching default tracing clock to "global"
[    4.400569] If you want to keep using the local clock, then add:
[    4.400569]   "trace_clock=local"
[    4.400569] on the kernel command line
[    4.440437] clk: Disabling unused clocks
[    4.463863] Freeing unused decrypted memory: 2028K
[    4.475542] Freeing unused kernel image (initmem) memory: 4932K
[    4.482485] Write protecting the kernel read-only data: 38912k
[    4.490537] Freeing unused kernel image (rodata/data gap) memory: 1956K
[    4.570714] x86/mm: Checked W+X mappings: passed, no W+X pages found.
[    4.578319] Run /init as init process
sent guest probe wrong-ip length=54
[    4.827825] ACPI: PM: Preparing to enter system sleep state S5
[    4.834677] reboot: Power down
