[    0.000000] Linux version 6.8.0-139-generic (buildd@lcy02-amd64-036) (x86_64-linux-gnu-gcc-13 (Ubuntu 13.3.0-6ubuntu2~24.04.1) 13.3.0, GNU ld (GNU Binutils for Ubuntu) 2.42) #139-Ubuntu SMP PREEMPT_DYNAMIC Sat Aug  1 03:52:05 UTC 2026 (Ubuntu 6.8.0-139.139-generic 6.8.12)
[    0.000000] Command line: console=ttyS0 rdinit=/init mode=wrong-mac
[    0.000000] KERNEL supported cpus:
[    0.000000]   Intel GenuineIntel
[    0.000000]   AMD AuthenticAMD
[    0.000000]   Hygon HygonGenuine
[    0.000000]   Centaur CentaurHauls
[    0.000000]   zhaoxin   Shanghai  
[    0.000000] BIOS-provided physical RAM map:
[    0.000000] BIOS-e820: [mem 0x0000000000000000-0x000000000009fbff] usable
[    0.000000] BIOS-e820: [mem 0x000000000009fc00-0x000000000009ffff] reserved
[    0.000000] BIOS-e820: [mem 0x00000000000f0000-0x00000000000fffff] reserved
[    0.000000] BIOS-e820: [mem 0x0000000000100000-0x0000000007fdffff] usable
[    0.000000] BIOS-e820: [mem 0x0000000007fe0000-0x0000000007ffffff] reserved
[    0.000000] BIOS-e820: [mem 0x00000000feffc000-0x00000000feffffff] reserved
[    0.000000] BIOS-e820: [mem 0x00000000fffc0000-0x00000000ffffffff] reserved
[    0.000000] BIOS-e820: [mem 0x000000fd00000000-0x000000ffffffffff] reserved
[    0.000000] NX (Execute Disable) protection: active
[    0.000000] APIC: Static calls initialized
[    0.000000] SMBIOS 3.0.0 present.
[    0.000000] DMI: QEMU Ubuntu 24.04 PC v2 (i440FX + PIIX, arch_caps fix, 1996), BIOS 1.16.3-debian-1.16.3-2 04/01/2014
[    0.000000] Hypervisor detected: KVM
[    0.000000] kvm-clock: Using msrs 4b564d01 and 4b564d00
[    0.000003] kvm-clock: using sched offset of 1449266344 cycles
[    0.000007] clocksource: kvm-clock: mask: 0xffffffffffffffff max_cycles: 0x1cd42e4dffb, max_idle_ns: 881590591483 ns
[    0.000011] tsc: Detected 1999.999 MHz processor
[    0.001628] last_pfn = 0x7fe0 max_arch_pfn = 0x400000000
[    0.003086] MTRR map: 4 entries (3 fixed + 1 variable; max 19), built from 8 variable MTRRs
[    0.003129] x86/PAT: Configuration [0-7]: WB  WC  UC- UC  WB  WP  UC- WT  
[    0.008024] found SMP MP-table at [mem 0x000f5480-0x000f548f]
[    0.008044] Using GB pages for direct mapping
[    0.008418] RAMDISK: [mem 0x07e64000-0x07fdffff]
[    0.008481] ACPI: Early table checksum verification disabled
[    0.008486] ACPI: RSDP 0x00000000000F5290 000014 (v00 BOCHS )
[    0.008492] ACPI: RSDT 0x0000000007FE1C52 000034 (v01 BOCHS  BXPC     00000001 BXPC 00000001)
[    0.008500] ACPI: FACP 0x0000000007FE1B06 000074 (v01 BOCHS  BXPC     00000001 BXPC 00000001)
[    0.008513] ACPI: DSDT 0x0000000007FE0040 001AC6 (v01 BOCHS  BXPC     00000001 BXPC 00000001)
[    0.008518] ACPI: FACS 0x0000000007FE0000 000040
[    0.008522] ACPI: APIC 0x0000000007FE1B7A 000078 (v03 BOCHS  BXPC     00000001 BXPC 00000001)
[    0.008526] ACPI: HPET 0x0000000007FE1BF2 000038 (v01 BOCHS  BXPC     00000001 BXPC 00000001)
[    0.008530] ACPI: WAET 0x0000000007FE1C2A 000028 (v01 BOCHS  BXPC     00000001 BXPC 00000001)
[    0.008533] ACPI: Reserving FACP table memory at [mem 0x7fe1b06-0x7fe1b79]
[    0.008535] ACPI: Reserving DSDT table memory at [mem 0x7fe0040-0x7fe1b05]
[    0.008536] ACPI: Reserving FACS table memory at [mem 0x7fe0000-0x7fe003f]
[    0.008538] ACPI: Reserving APIC table memory at [mem 0x7fe1b7a-0x7fe1bf1]
[    0.008539] ACPI: Reserving HPET table memory at [mem 0x7fe1bf2-0x7fe1c29]
[    0.008540] ACPI: Reserving WAET table memory at [mem 0x7fe1c2a-0x7fe1c51]
[    0.014360] No NUMA configuration found
[    0.014363] Faking a node at [mem 0x0000000000000000-0x0000000007fdffff]
[    0.014374] NODE_DATA(0) allocated [mem 0x07e39000-0x07e63fff]
[    0.015103] Zone ranges:
[    0.015105]   DMA      [mem 0x0000000000001000-0x0000000000ffffff]
[    0.015107]   DMA32    [mem 0x0000000001000000-0x0000000007fdffff]
[    0.015109]   Normal   empty
[    0.015111]   Device   empty
[    0.015112] Movable zone start for each node
[    0.015116] Early memory node ranges
[    0.015116]   node   0: [mem 0x0000000000001000-0x000000000009efff]
[    0.015118]   node   0: [mem 0x0000000000100000-0x0000000007fdffff]
[    0.015120] Initmem setup node 0 [mem 0x0000000000001000-0x0000000007fdffff]
[    0.015537] On node 0, zone DMA: 1 pages in unavailable ranges
[    0.015554] On node 0, zone DMA: 97 pages in unavailable ranges
[    0.015675] On node 0, zone DMA32: 32 pages in unavailable ranges
[    0.023290] ACPI: PM-Timer IO Port: 0x608
[    0.023383] ACPI: LAPIC_NMI (acpi_id[0xff] dfl dfl lint[0x1])
[    0.023934] IOAPIC[0]: apic_id 0, version 17, address 0xfec00000, GSI 0-23
[    0.023940] ACPI: INT_SRC_OVR (bus 0 bus_irq 0 global_irq 2 dfl dfl)
[    0.023942] ACPI: INT_SRC_OVR (bus 0 bus_irq 5 global_irq 5 high level)
[    0.023944] ACPI: INT_SRC_OVR (bus 0 bus_irq 9 global_irq 9 high level)
[    0.023946] ACPI: INT_SRC_OVR (bus 0 bus_irq 10 global_irq 10 high level)
[    0.023947] ACPI: INT_SRC_OVR (bus 0 bus_irq 11 global_irq 11 high level)
[    0.023952] ACPI: Using ACPI (MADT) for SMP configuration information
[    0.023953] ACPI: HPET id: 0x8086a201 base: 0xfed00000
[    0.023958] TSC deadline timer available
[    0.023959] smpboot: Allowing 1 CPUs, 0 hotplug CPUs
[    0.024096] kvm-guest: APIC: eoi() replaced with kvm_guest_apic_eoi_write()
[    0.024395] PM: hibernation: Registered nosave memory: [mem 0x00000000-0x00000fff]
[    0.024398] PM: hibernation: Registered nosave memory: [mem 0x0009f000-0x000fffff]
[    0.024400] [mem 0x08000000-0xfeffbfff] available for PCI devices
[    0.024403] Booting paravirtualized kernel on KVM
[    0.024405] clocksource: refined-jiffies: mask: 0xffffffff max_cycles: 0xffffffff, max_idle_ns: 1910969940391419 ns
[    0.024463] setup_percpu: NR_CPUS:8192 nr_cpumask_bits:1 nr_cpu_ids:1 nr_node_ids:1
[    0.025018] percpu: Embedded 86 pages/cpu s229376 r8192 d114688 u2097152
[    0.025403] kvm-guest: PV spinlocks disabled, single CPU
[    0.025407] Kernel command line: console=ttyS0 rdinit=/init mode=wrong-mac
[    0.025469] Unknown kernel command line parameters "mode=wrong-mac", will be passed to user space.
[    0.025488] random: crng init done
[    0.025919] Dentry cache hash table entries: 16384 (order: 5, 131072 bytes, linear)
[    0.025927] Inode-cache hash table entries: 8192 (order: 4, 65536 bytes, linear)
[    0.026154] Fallback order for Node 0: 0 
[    0.026159] Built 1 zonelists, mobility grouping on.  Total pages: 31968
[    0.026161] Policy zone: DMA32
[    0.026167] mem auto-init: stack:all(zero), heap alloc:on, heap free:off
[    0.026503] Memory: 72016K/130552K available (22528K kernel code, 4441K rwdata, 14428K rodata, 4932K init, 4776K bss, 58276K reserved, 0K cma-reserved)
[    0.027706] SLUB: HWalign=64, Order=0-3, MinObjects=0, CPUs=1, Nodes=1
[    0.027740] ftrace: allocating 58336 entries in 228 pages
[    0.044377] ftrace: allocated 228 pages with 4 groups
[    0.045783] Dynamic Preempt: voluntary
[    0.045951] rcu: Preemptible hierarchical RCU implementation.
[    0.045953] rcu: 	RCU restricting CPUs from NR_CPUS=8192 to nr_cpu_ids=1.
[    0.045955] 	Trampoline variant of Tasks RCU enabled.
[    0.045956] 	Rude variant of Tasks RCU enabled.
[    0.045956] 	Tracing variant of Tasks RCU enabled.
[    0.045958] rcu: RCU calculated value of scheduler-enlistment delay is 100 jiffies.
[    0.045959] rcu: Adjusting geometry for rcu_fanout_leaf=16, nr_cpu_ids=1
[    0.045971] RCU Tasks: Setting shift to 0 and lim to 1 rcu_task_cb_adjust=1 rcu_task_cpu_ids=1.
[    0.045973] RCU Tasks Rude: Setting shift to 0 and lim to 1 rcu_task_cb_adjust=1 rcu_task_cpu_ids=1.
[    0.045975] RCU Tasks Trace: Setting shift to 0 and lim to 1 rcu_task_cb_adjust=1 rcu_task_cpu_ids=1.
[    0.050587] NR_IRQS: 524544, nr_irqs: 256, preallocated irqs: 16
[    0.051702] rcu: srcu_init: Setting srcu_struct sizes based on contention.
[    0.205923] Console: colour VGA+ 80x25
[    0.206464] printk: legacy console [ttyS0] enabled
[    1.750708] ACPI: Core revision 20230628
[    1.761125] clocksource: hpet: mask: 0xffffffff max_cycles: 0xffffffff, max_idle_ns: 19112604467 ns
[    1.782314] APIC: Switch to symmetric I/O mode setup
[    1.801689] x2apic enabled
[    1.813307] APIC: Switched APIC routing to: physical x2apic
[    1.851673] ..TIMER: vector=0x30 apic1=0 pin1=2 apic2=-1 pin2=-1
[    1.864098] clocksource: tsc-early: mask: 0xffffffffffffffff max_cycles: 0x39a85afc727, max_idle_ns: 881590685098 ns
[    1.888182] Calibrating delay loop (skipped) preset value.. 3999.99 BogoMIPS (lpj=1999999)
[    1.893359] AMD Zen1 DIV0 bug detected. Disable SMT for full protection.
[    1.894223] AMD Zen1 FPDSS bug detected, enabling mitigation.
[    1.898966] Last level iTLB entries: 4KB 512, 2MB 255, 4MB 127
[    1.899179] Last level dTLB entries: 4KB 512, 2MB 255, 4MB 127, 1GB 0
[    1.900184] Spectre V1 : Mitigation: usercopy/swapgs barriers and __user pointer sanitization
[    1.901184] Spectre V2 : Mitigation: Retpolines
[    1.902179] Spectre V2 : Spectre v2 / SpectreRSB: Filling RSB on context switch and VMEXIT
[    1.903181] Spectre V2 : Enabling Speculation Barrier for firmware calls
[    1.904181] active return thunk: retbleed_return_thunk
[    1.905181] RETBleed: Mitigation: untrained return thunk
[    1.906184] Spectre V2 : mitigation: Enabling conditional Indirect Branch Prediction Barrier
[    1.907181] Speculative Store Bypass: Mitigation: Speculative Store Bypass disabled via prctl
[    1.908668] x86/fpu: Supporting XSAVE feature 0x001: 'x87 floating point registers'
[    1.909186] x86/fpu: Supporting XSAVE feature 0x002: 'SSE registers'
[    1.910178] x86/fpu: Supporting XSAVE feature 0x004: 'AVX registers'
[    1.911181] x86/fpu: xstate_offset[2]:  576, xstate_sizes[2]:  256
[    1.912186] x86/fpu: Enabled xstate features 0x7, context size is 832 bytes, using 'compacted' format.
[    1.958968] Freeing SMP alternatives memory: 48K
[    1.959179] pid_max: default: 32768 minimum: 301
[    1.960252] LSM: initializing lsm=lockdown,capability,landlock,yama,apparmor,integrity
[    1.961224] landlock: Up and running.
[    1.962178] Yama: becoming mindful.
[    1.963231] AppArmor: AppArmor initialized
[    1.965252] Mount-cache hash table entries: 512 (order: 0, 4096 bytes, linear)
[    1.966181] Mountpoint-cache hash table entries: 512 (order: 0, 4096 bytes, linear)
[    1.969174] smpboot: CPU0: AMD EPYC 7401P 24-Core Processor (family: 0x17, model: 0x1, stepping: 0x2)
[    1.969506] Performance Events: Fam17h+ core perfctr, AMD PMU driver.
[    1.970265] ... version:                0
[    1.971259] ... bit width:              48
[    1.972232] ... generic registers:      6
[    1.973221] ... value mask:             0000ffffffffffff
[    1.974251] ... max period:             00007fffffffffff
[    1.975291] ... fixed-purpose events:   0
[    1.976220] ... event mask:             000000000000003f
[    1.977468] signal: max sigframe size: 1776
[    1.978321] rcu: Hierarchical SRCU implementation.
[    1.979220] rcu: 	Max phase no-delay instances is 400.
[    1.985121] smp: Bringing up secondary CPUs ...
[    1.985249] smp: Brought up 1 node, 1 CPU
[    1.986222] smpboot: Max logical packages: 1
[    1.987223] smpboot: Total of 1 processors activated (3999.99 BogoMIPS)
[    1.989573] devtmpfs: initialized
[    1.990277] x86/mm: Memory block size: 128MB
[    1.991714] clocksource: jiffies: mask: 0xffffffff max_cycles: 0xffffffff, max_idle_ns: 1911260446275000 ns
[    1.992319] futex hash table entries: 256 (order: 2, 16384 bytes, linear)
[    1.993412] pinctrl core: initialized pinctrl subsystem
[    1.995222] PM: RTC time: 15:21:53, date: 2026-10-03
[    2.004316] NET: Registered PF_NETLINK/PF_ROUTE protocol family
[    2.005994] DMA: preallocated 128 KiB GFP_KERNEL pool for atomic allocations
[    2.006251] DMA: preallocated 128 KiB GFP_KERNEL|GFP_DMA pool for atomic allocations
[    2.007571] DMA: preallocated 128 KiB GFP_KERNEL|GFP_DMA32 pool for atomic allocations
[    2.008254] audit: initializing netlink subsys (disabled)
[    2.010008] thermal_sys: Registered thermal governor 'fair_share'
[    2.010011] thermal_sys: Registered thermal governor 'bang_bang'
[    2.010319] audit: type=2000 audit(1791040911.072:1): state=initialized audit_enabled=0 res=1
[    2.012255] thermal_sys: Registered thermal governor 'step_wise'
[    2.012259] thermal_sys: Registered thermal governor 'user_space'
[    2.013233] thermal_sys: Registered thermal governor 'power_allocator'
[    2.014325] cpuidle: using governor ladder
[    2.016244] cpuidle: using governor menu
[    2.031801] acpiphp: ACPI Hot Plug PCI Controller Driver version: 0.5
[    2.033823] PCI: Using configuration type 1 for base access
[    2.034222] PCI: Using configuration type 1 for extended access
[    2.035582] kprobes: kprobe jump-optimization is enabled. All kprobes are optimized if possible.
[    2.089318] HugeTLB: registered 1.00 GiB page size, pre-allocated 0 pages
[    2.090325] HugeTLB: 16380 KiB vmemmap can be freed for a 1.00 GiB page
[    2.091224] HugeTLB: registered 2.00 MiB page size, pre-allocated 0 pages
[    2.092223] HugeTLB: 28 KiB vmemmap can be freed for a 2.00 MiB page
[    2.095012] ACPI: Added _OSI(Module Device)
[    2.095225] ACPI: Added _OSI(Processor Device)
[    2.096223] ACPI: Added _OSI(Processor Aggregator Device)
[    2.099005] ACPI: 1 ACPI AML tables successfully acquired and loaded
[    2.103318] ACPI: _OSC evaluation for CPUs failed, trying _PDC
[    2.104541] ACPI: Interpreter enabled
[    2.105279] ACPI: PM: (supports S0 S3 S4 S5)
[    2.106229] ACPI: Using IOAPIC for interrupt routing
[    2.107561] PCI: Using host bridge windows from ACPI; if necessary, use "pci=nocrs" and report a bug
[    2.108265] PCI: Using E820 reservations for host bridge windows
[    2.109812] ACPI: Enabled 2 GPEs in block 00 to 0F
[    2.119946] ACPI: PCI Root Bridge [PCI0] (domain 0000 [bus 00-ff])
[    2.120229] acpi PNP0A03:00: _OSC: OS supports [ExtendedConfig ASPM ClockPM Segments MSI EDR HPX-Type3]
[    2.122855] acpiphp: Slot [3] registered
[    2.123439] acpiphp: Slot [4] registered
[    2.124397] acpiphp: Slot [5] registered
[    2.125598] acpiphp: Slot [6] registered
[    2.126493] acpiphp: Slot [7] registered
[    2.127466] acpiphp: Slot [8] registered
[    2.128441] acpiphp: Slot [9] registered
[    2.129471] acpiphp: Slot [10] registered
[    2.130488] acpiphp: Slot [11] registered
[    2.131565] acpiphp: Slot [12] registered
[    2.132565] acpiphp: Slot [13] registered
[    2.133465] acpiphp: Slot [14] registered
[    2.134396] acpiphp: Slot [15] registered
[    2.135533] acpiphp: Slot [16] registered
[    2.136430] acpiphp: Slot [17] registered
[    2.137432] acpiphp: Slot [18] registered
[    2.138435] acpiphp: Slot [19] registered
[    2.139425] acpiphp: Slot [20] registered
[    2.140535] acpiphp: Slot [21] registered
[    2.141488] acpiphp: Slot [22] registered
[    2.142443] acpiphp: Slot [23] registered
[    2.143391] acpiphp: Slot [24] registered
[    2.144415] acpiphp: Slot [25] registered
[    2.145405] acpiphp: Slot [26] registered
[    2.146430] acpiphp: Slot [27] registered
[    2.147437] acpiphp: Slot [28] registered
[    2.148410] acpiphp: Slot [29] registered
[    2.149466] acpiphp: Slot [30] registered
[    2.150442] acpiphp: Slot [31] registered
[    2.151389] PCI host bridge to bus 0000:00
[    2.152360] pci_bus 0000:00: root bus resource [io  0x0000-0x0cf7 window]
[    2.153235] pci_bus 0000:00: root bus resource [io  0x0d00-0xffff window]
[    2.154245] pci_bus 0000:00: root bus resource [mem 0x000a0000-0x000bffff window]
[    2.155244] pci_bus 0000:00: root bus resource [mem 0x08000000-0xfebfffff window]
[    2.156375] pci_bus 0000:00: root bus resource [mem 0x100000000-0x17fffffff window]
[    2.157234] pci_bus 0000:00: root bus resource [bus 00-ff]
[    2.162093] pci 0000:00:00.0: [8086:1237] type 00 class 0x060000 conventional PCI endpoint
[    2.171931] pci 0000:00:01.0: [8086:7000] type 00 class 0x060100 conventional PCI endpoint
[    2.182231] pci 0000:00:01.1: [8086:7010] type 00 class 0x010180 conventional PCI endpoint
[    2.190898] pci 0000:00:01.1: BAR 4 [io  0xc020-0xc02f]
[    2.192167] pci 0000:00:01.1: BAR 0 [io  0x01f0-0x01f7]: legacy IDE quirk
[    2.192230] pci 0000:00:01.1: BAR 1 [io  0x03f6]: legacy IDE quirk
[    2.193243] pci 0000:00:01.1: BAR 2 [io  0x0170-0x0177]: legacy IDE quirk
[    2.194235] pci 0000:00:01.1: BAR 3 [io  0x0376]: legacy IDE quirk
[    2.197759] pci 0000:00:01.3: [8086:7113] type 00 class 0x068000 conventional PCI endpoint
[    2.206098] pci 0000:00:01.3: quirk: [io  0x0600-0x063f] claimed by PIIX4 ACPI
[    2.206577] pci 0000:00:01.3: quirk: [io  0x0700-0x070f] claimed by PIIX4 SMB
[    2.211407] pci 0000:00:02.0: [1234:1111] type 00 class 0x030000 conventional PCI endpoint
[    2.220960] pci 0000:00:02.0: BAR 0 [mem 0xfd000000-0xfdffffff pref]
[    2.221572] pci 0000:00:02.0: BAR 2 [mem 0xfeb90000-0xfeb90fff]
[    2.222901] pci 0000:00:02.0: ROM [mem 0xfeb80000-0xfeb8ffff pref]
[    2.225227] pci 0000:00:02.0: Video device with shadowed ROM at [mem 0x000c0000-0x000dffff]
[    2.233371] pci 0000:00:03.0: [1af4:1000] type 00 class 0x020000 conventional PCI endpoint
[    2.241388] pci 0000:00:03.0: BAR 0 [io  0xc000-0xc01f]
[    2.242505] pci 0000:00:03.0: BAR 1 [mem 0xfeb91000-0xfeb91fff]
[    2.243914] pci 0000:00:03.0: BAR 4 [mem 0xfe000000-0xfe003fff 64bit pref]
[    2.244397] pci 0000:00:03.0: ROM [mem 0xfeb00000-0xfeb7ffff pref]
[    2.632966] ACPI: PCI: Interrupt link LNKA configured for IRQ 10
[    2.634270] ACPI: PCI: Interrupt link LNKB configured for IRQ 10
[    2.636079] ACPI: PCI: Interrupt link LNKC configured for IRQ 11
[    2.637259] ACPI: PCI: Interrupt link LNKD configured for IRQ 11
[    2.638642] ACPI: PCI: Interrupt link LNKS configured for IRQ 9
[    2.642265] iommu: Default domain type: Translated
[    2.643274] iommu: DMA domain TLB invalidation policy: lazy mode
[    2.645401] SCSI subsystem initialized
[    2.646601] ACPI: bus type USB registered
[    2.647355] usbcore: registered new interface driver usbfs
[    2.648264] usbcore: registered new interface driver hub
[    2.649249] usbcore: registered new device driver usb
[    2.650300] pps_core: LinuxPPS API ver. 1 registered
[    2.651223] pps_core: Software ver. 5.3.6 - Copyright 2005-2007 Rodolfo Giometti <giometti@linux.it>
[    2.652391] PTP clock support registered
[    2.653894] EDAC MC: Ver: 3.0.0
[    2.659304] NetLabel: Initializing
[    2.660223] NetLabel:  domain hash size = 128
[    2.661220] NetLabel:  protocols = UNLABELED CIPSOv4 CALIPSO
[    2.662389] NetLabel:  unlabeled traffic allowed by default
[    2.664044] mctp: management component transport protocol core
[    2.664224] NET: Registered PF_MCTP protocol family
[    2.665354] PCI: Using ACPI for IRQ routing
[    2.668547] pci 0000:00:02.0: vgaarb: setting as boot VGA device
[    2.669174] pci 0000:00:02.0: vgaarb: bridge control possible
[    2.669174] pci 0000:00:02.0: vgaarb: VGA device added: decodes=io+mem,owns=io+mem,locks=none
[    2.669239] vgaarb: loaded
[    2.670871] hpet0: at MMIO 0xfed00000, IRQs 2, 8, 0
[    2.671226] hpet0: 3 comparators, 64-bit 100.000000 MHz counter
[    2.674408] clocksource: Switched to clocksource kvm-clock
[    2.692065] VFS: Disk quotas dquot_6.6.0
[    2.700898] VFS: Dquot-cache hash table entries: 512 (order 0, 4096 bytes)
[    2.718215] AppArmor: AppArmor Filesystem Enabled
[    2.729170] pnp: PnP ACPI init
[    2.738401] pnp: PnP ACPI: found 6 devices
[    2.759855] clocksource: acpi_pm: mask: 0xffffff max_cycles: 0xffffff, max_idle_ns: 2085701024 ns
[    2.778781] NET: Registered PF_INET protocol family
[    2.790922] IP idents hash table entries: 2048 (order: 2, 16384 bytes, linear)
[    2.849211] tcp_listen_portaddr_hash hash table entries: 256 (order: 0, 4096 bytes, linear)
[    2.867000] Table-perturb hash table entries: 65536 (order: 6, 262144 bytes, linear)
[    2.884287] TCP established hash table entries: 1024 (order: 1, 8192 bytes, linear)
[    2.901326] TCP bind hash table entries: 1024 (order: 3, 32768 bytes, linear)
[    2.917009] TCP: Hash tables configured (established 1024 bind 1024)
[    2.931200] MPTCP token hash table entries: 256 (order: 1, 6144 bytes, linear)
[    2.948379] UDP hash table entries: 256 (order: 1, 8192 bytes, linear)
[    2.962925] UDP-Lite hash table entries: 256 (order: 1, 8192 bytes, linear)
[    2.979008] NET: Registered PF_UNIX/PF_LOCAL protocol family
[    2.992015] NET: Registered PF_XDP protocol family
[    3.003010] pci_bus 0000:00: resource 4 [io  0x0000-0x0cf7 window]
[    3.016938] pci_bus 0000:00: resource 5 [io  0x0d00-0xffff window]
[    3.030771] pci_bus 0000:00: resource 6 [mem 0x000a0000-0x000bffff window]
[    3.046079] pci_bus 0000:00: resource 7 [mem 0x08000000-0xfebfffff window]
[    3.061243] pci_bus 0000:00: resource 8 [mem 0x100000000-0x17fffffff window]
[    3.076812] pci 0000:00:01.0: PIIX3: Enabling Passive Release
[    3.089877] pci 0000:00:00.0: quirk_passive_release+0x0/0xb0 took 12924 usecs
[    3.105093] pci 0000:00:00.0: Limiting direct PCI/PCI transfers
[    3.118025] pci 0000:00:00.0: quirk_natoma+0x0/0x40 took 12628 usecs
[    3.133737] PCI: CLS 0 bytes, default 64
[    3.144008] Trying to unpack rootfs image as initramfs...
[    3.158209] clocksource: tsc: mask: 0xffffffffffffffff max_cycles: 0x39a85afc727, max_idle_ns: 881590685098 ns
[    3.194774] Initialise system trusted keyrings
[    3.214648] Key type blacklist registered
[    3.232037] workingset: timestamp_bits=36 max_order=15 bucket_order=0
[    3.263025] zbud: loaded
[    3.273290] Freeing initrd memory: 1520K
[    3.283415] squashfs: version 4.0 (2009/01/31) Phillip Lougher
[    3.298025] fuse: init (API version 7.39)
[    3.310007] integrity: Platform Keyring initialized
[    3.323514] integrity: Machine keyring initialized
[    3.354894] Key type asymmetric registered
[    3.364846] Asymmetric key parser 'x509' registered
[    3.375909] Block layer SCSI generic (bsg) driver version 0.4 loaded (major 243)
[    3.392842] io scheduler mq-deadline registered
[    3.403862] shpchp: Standard Hot Plug PCI Controller Driver version: 0.4
[    3.418855] input: Power Button as /devices/LNXSYSTM:00/LNXPWRBN:00/input/input0
[    3.436071] ACPI: button: Power Button [PWRF]
[    3.480113] ACPI: \_SB_.LNKC: Enabled at IRQ 11
[    3.512896] Serial: 8250/16550 driver, 32 ports, IRQ sharing enabled
[    3.592638] 00:04: ttyS0 at I/O 0x3f8 (irq = 4, base_baud = 115200) is a 16550A
[    3.613714] Linux agpgart interface v0.103
[    3.624942] loop: module loaded
[    3.637193] scsi host0: ata_piix
[    3.644054] scsi host1: ata_piix
[    3.650783] ata1: PATA max MWDMA2 cmd 0x1f0 ctl 0x3f6 bmdma 0xc020 irq 14 lpm-pol 0
[    3.665664] ata2: PATA max MWDMA2 cmd 0x170 ctl 0x376 bmdma 0xc028 irq 15 lpm-pol 0
[    3.689938] ACPI: bus type drm_connector registered
[    3.700822] tun: Universal TUN/TAP device driver, 1.6
[    3.729177] PPP generic driver version 2.4.2
[    3.738307] i8042: PNP: PS/2 Controller [PNP0303:KBD,PNP0f13:MOU] at 0x60,0x64 irq 1,12
[    3.764848] serio: i8042 KBD port at 0x60,0x64 irq 1
[    3.774907] serio: i8042 AUX port at 0x60,0x64 irq 12
[    3.785110] mousedev: PS/2 mouse device common for all mice
[    3.800004] rtc_cmos 00:05: RTC can wake from S4
[    3.809923] input: AT Translated Set 2 keyboard as /devices/platform/i8042/serio0/input/input1
[    3.840065] rtc_cmos 00:05: registered as rtc0
[    3.853769] ata2: found unknown device (class 0)
[    3.871165] rtc_cmos 00:05: setting system clock to 2026-10-03T15:21:56 UTC (1791040916)
[    3.890272] ata2.00: ATAPI: QEMU DVD-ROM, 2.5+, max UDMA/100
[    3.906705] rtc_cmos 00:05: alarms up to one day, y3k, 242 bytes nvram, hpet irqs
[    3.932790] i2c_dev: i2c /dev entries driver
[    3.941405] scsi 1:0:0:0: CD-ROM            QEMU     QEMU DVD-ROM     2.5+ PQ: 0 ANSI: 5
[    3.957755] device-mapper: core: CONFIG_IMA_DISABLE_HTABLE is disabled. Duplicate IMA measurements will not be recorded in the IMA log.
[    4.000919] device-mapper: uevent: version 1.0.3
[    4.013375] device-mapper: ioctl: 4.48.0-ioctl (2023-03-01) initialised: dm-devel@redhat.com
[    4.030346] amd_pstate: the _CPC object is not present in SBIOS or ACPI disabled
[    4.045295] ledtrig-cpu: registered to indicate activity on CPUs
[    4.062925] drop_monitor: Initializing network drop monitor service
[    4.078246] NET: Registered PF_INET6 protocol family
[    4.098382] sr 1:0:0:0: [sr0] scsi3-mmc drive: 4x/4x cd/rw xa/form2 tray
[    4.112114] Segment Routing with IPv6
[    4.124894] In-situ OAM (IOAM) with IPv6
[    4.134355] NET: Registered PF_PACKET protocol family
[    4.145131] Key type dns_resolver registered
[    4.161220] IPI shorthand broadcast: enabled
[    4.182780] registered taskstats version 1
[    4.191676] cdrom: Uniform CD-ROM driver Revision: 3.20
[    4.203372] Loading compiled-in X.509 certificates
[    4.218275] Loaded X.509 cert 'Build time autogenerated kernel key: 65a2441d98c8a817e997fff77c85e3c2a2878aa1'
[    4.238143] Loaded X.509 cert 'Canonical Ltd. Live Patch Signing 2025 Kmod: d541cef61dc7e793b7eb7e899970a2eef0b5dc8c'
[    4.264030] Loaded X.509 cert 'Canonical Ltd. Live Patch Signing: 14df34d1a87cf37625abec039ef2bf521249b969'
[    4.284243] sr 1:0:0:0: Attached scsi generic sg0 type 5
[    4.300909] Loaded X.509 cert 'Canonical Ltd. Kernel Module Signing 2025 Kmod: 4627603d2357a2a3f81006370894c221175893e9'
[    4.322807] Loaded X.509 cert 'Canonical Ltd. Kernel Module Signing: 88f752e560a1e0737e31163a466ad7b70a850c19'
[    4.342494] blacklist: Loading compiled-in revocation X.509 certificates
[    4.355615] Loaded X.509 cert 'Canonical Ltd. Secure Boot Signing: 61482aa2830d0ab2ad5af10b7250da9033ddcef0'
[    4.375619] Loaded X.509 cert 'Canonical Ltd. Secure Boot Signing (2017): 242ade75ac4a15e50d50c84b0d45ff3eae707a03'
[    4.396647] Loaded X.509 cert 'Canonical Ltd. Secure Boot Signing (ESM 2018): 365188c1d374d6b07c3c8f240f8ef722433d6a8b'
[    4.418367] Loaded X.509 cert 'Canonical Ltd. Secure Boot Signing (2019): c0746fd6c5da3ae827864651ad66ae47fe24b3e8'
[    4.439214] Loaded X.509 cert 'Canonical Ltd. Secure Boot Signing (2021 v1): a8d54bbb3825cfb94fa13c9f8a594a195c107b8d'
[    4.459965] Loaded X.509 cert 'Canonical Ltd. Secure Boot Signing (2021 v2): 4cf046892d6fd3c9a5b03f98d845f90851dc6a8c'
[    4.481607] Loaded X.509 cert 'Canonical Ltd. Secure Boot Signing (2021 v3): 100437bb6de6e469b581e61cd66bce3ef4ed53af'
[    4.502769] Loaded X.509 cert 'Canonical Ltd. Secure Boot Signing (Ubuntu Core 2019): c1d57b8f6b743f23ee41f4f7ee292f06eecadfb9'
[    4.534036] Key type .fscrypt registered
[    4.542717] Key type fscrypt-provisioning registered
[    4.553869] Key type encrypted registered
[    4.562063] AppArmor: AppArmor sha256 policy hashing enabled
[    4.573780] ima: No TPM chip found, activating TPM-bypass!
[    4.584654] Loading compiled-in module X.509 certificates
[    4.596398] Loaded X.509 cert 'Build time autogenerated kernel key: 65a2441d98c8a817e997fff77c85e3c2a2878aa1'
[    4.616502] ima: Allocated hash algorithm: sha256
[    4.626379] ima: No architecture policies found
[    4.635631] evm: Initialising EVM extended attributes:
[    4.645869] evm: security.selinux
[    4.652494] evm: security.SMACK64
[    4.659174] evm: security.SMACK64EXEC
[    4.666807] evm: security.SMACK64TRANSMUTE
[    4.675102] evm: security.SMACK64MMAP
[    4.682876] evm: security.apparmor
[    4.689729] evm: security.ima
[    4.695710] evm: security.capability
[    4.703183] evm: HMAC attrs: 0x1
[    4.710643] PM:   Magic number: 14:662:385
[    4.719062] thermal cooling_device0: hash matches
[    4.739848] RAS: Correctable Errors collector initialized.
[    4.751387] Unstable clock detected, switching default tracing clock to "global"
[    4.751387] If you want to keep using the local clock, then add:
[    4.751387]   "trace_clock=local"
[    4.751387] on the kernel command line
[    4.791184] clk: Disabling unused clocks
[    4.816361] Freeing unused decrypted memory: 2028K
[    4.822915] Freeing unused kernel image (initmem) memory: 4932K
[    4.829695] Write protecting the kernel read-only data: 38912k
[    4.837733] Freeing unused kernel image (rodata/data gap) memory: 1956K
[    4.918379] x86/mm: Checked W+X mappings: passed, no W+X pages found.
[    4.930102] Run /init as init process
sent guest probe wrong-mac length=54
[    5.190806] ACPI: PM: Preparing to enter system sleep state S5
[    5.199910] reboot: Power down
