[    0.000000] Linux version 6.8.0-139-generic (buildd@lcy02-amd64-036) (x86_64-linux-gnu-gcc-13 (Ubuntu 13.3.0-6ubuntu2~24.04.1) 13.3.0, GNU ld (GNU Binutils for Ubuntu) 2.42) #139-Ubuntu SMP PREEMPT_DYNAMIC Sat Aug  1 03:52:05 UTC 2026 (Ubuntu 6.8.0-139.139-generic 6.8.12)
[    0.000000] Command line: console=ttyS0 rdinit=/init mode=arp-ip
[    0.000000] KERNEL supported cpus:
[    0.000000]   Intel GenuineIntel
[    0.000000]   AMD AuthenticAMD
[    0.000000]   Hygon HygonGenuine
[    0.000000]   Centaur CentaurHauls
[    0.000000]   zhaoxin   Shanghai  
[    0.000000] BIOS-provided physical RAM map:
[    0.000000] BIOS-e820: [mem 0x0000000000000000-0x000000000009fbff] usable
[    0.000000] BIOS-e820: [mem 0x000000000009fc00-0x000000000009ffff] reserved
[    0.000000] BIOS-e820: [mem 0x00000000000f0000-0x00000000000fffff] reserved
[    0.000000] BIOS-e820: [mem 0x0000000000100000-0x0000000007fdffff] usable
[    0.000000] BIOS-e820: [mem 0x0000000007fe0000-0x0000000007ffffff] reserved
[    0.000000] BIOS-e820: [mem 0x00000000feffc000-0x00000000feffffff] reserved
[    0.000000] BIOS-e820: [mem 0x00000000fffc0000-0x00000000ffffffff] reserved
[    0.000000] BIOS-e820: [mem 0x000000fd00000000-0x000000ffffffffff] reserved
[    0.000000] NX (Execute Disable) protection: active
[    0.000000] APIC: Static calls initialized
[    0.000000] SMBIOS 3.0.0 present.
[    0.000000] DMI: QEMU Ubuntu 24.04 PC v2 (i440FX + PIIX, arch_caps fix, 1996), BIOS 1.16.3-debian-1.16.3-2 04/01/2014
[    0.000000] Hypervisor detected: KVM
[    0.000000] kvm-clock: Using msrs 4b564d01 and 4b564d00
[    0.000002] kvm-clock: using sched offset of 1447007424 cycles
[    0.000005] clocksource: kvm-clock: mask: 0xffffffffffffffff max_cycles: 0x1cd42e4dffb, max_idle_ns: 881590591483 ns
[    0.000009] tsc: Detected 1999.999 MHz processor
[    0.001691] last_pfn = 0x7fe0 max_arch_pfn = 0x400000000
[    0.003126] MTRR map: 4 entries (3 fixed + 1 variable; max 19), built from 8 variable MTRRs
[    0.003170] x86/PAT: Configuration [0-7]: WB  WC  UC- UC  WB  WP  UC- WT  
[    0.008136] found SMP MP-table at [mem 0x000f5480-0x000f548f]
[    0.008156] Using GB pages for direct mapping
[    0.008621] RAMDISK: [mem 0x07e64000-0x07fdffff]
[    0.008673] ACPI: Early table checksum verification disabled
[    0.008679] ACPI: RSDP 0x00000000000F5290 000014 (v00 BOCHS )
[    0.008685] ACPI: RSDT 0x0000000007FE1C52 000034 (v01 BOCHS  BXPC     00000001 BXPC 00000001)
[    0.008693] ACPI: FACP 0x0000000007FE1B06 000074 (v01 BOCHS  BXPC     00000001 BXPC 00000001)
[    0.008707] ACPI: DSDT 0x0000000007FE0040 001AC6 (v01 BOCHS  BXPC     00000001 BXPC 00000001)
[    0.008712] ACPI: FACS 0x0000000007FE0000 000040
[    0.008716] ACPI: APIC 0x0000000007FE1B7A 000078 (v03 BOCHS  BXPC     00000001 BXPC 00000001)
[    0.008720] ACPI: HPET 0x0000000007FE1BF2 000038 (v01 BOCHS  BXPC     00000001 BXPC 00000001)
[    0.008724] ACPI: WAET 0x0000000007FE1C2A 000028 (v01 BOCHS  BXPC     00000001 BXPC 00000001)
[    0.008728] ACPI: Reserving FACP table memory at [mem 0x7fe1b06-0x7fe1b79]
[    0.008729] ACPI: Reserving DSDT table memory at [mem 0x7fe0040-0x7fe1b05]
[    0.008731] ACPI: Reserving FACS table memory at [mem 0x7fe0000-0x7fe003f]
[    0.008732] ACPI: Reserving APIC table memory at [mem 0x7fe1b7a-0x7fe1bf1]
[    0.008734] ACPI: Reserving HPET table memory at [mem 0x7fe1bf2-0x7fe1c29]
[    0.008735] ACPI: Reserving WAET table memory at [mem 0x7fe1c2a-0x7fe1c51]
[    0.014567] No NUMA configuration found
[    0.014569] Faking a node at [mem 0x0000000000000000-0x0000000007fdffff]
[    0.014581] NODE_DATA(0) allocated [mem 0x07e39000-0x07e63fff]
[    0.015214] Zone ranges:
[    0.015216]   DMA      [mem 0x0000000000001000-0x0000000000ffffff]
[    0.015218]   DMA32    [mem 0x0000000001000000-0x0000000007fdffff]
[    0.015220]   Normal   empty
[    0.015222]   Device   empty
[    0.015223] Movable zone start for each node
[    0.015227] Early memory node ranges
[    0.015227]   node   0: [mem 0x0000000000001000-0x000000000009efff]
[    0.015229]   node   0: [mem 0x0000000000100000-0x0000000007fdffff]
[    0.015231] Initmem setup node 0 [mem 0x0000000000001000-0x0000000007fdffff]
[    0.015858] On node 0, zone DMA: 1 pages in unavailable ranges
[    0.016403] On node 0, zone DMA: 97 pages in unavailable ranges
[    0.023246] On node 0, zone DMA32: 32 pages in unavailable ranges
[    0.030793] ACPI: PM-Timer IO Port: 0x608
[    0.030890] ACPI: LAPIC_NMI (acpi_id[0xff] dfl dfl lint[0x1])
[    0.031389] IOAPIC[0]: apic_id 0, version 17, address 0xfec00000, GSI 0-23
[    0.031395] ACPI: INT_SRC_OVR (bus 0 bus_irq 0 global_irq 2 dfl dfl)
[    0.031398] ACPI: INT_SRC_OVR (bus 0 bus_irq 5 global_irq 5 high level)
[    0.031400] ACPI: INT_SRC_OVR (bus 0 bus_irq 9 global_irq 9 high level)
[    0.031402] ACPI: INT_SRC_OVR (bus 0 bus_irq 10 global_irq 10 high level)
[    0.031403] ACPI: INT_SRC_OVR (bus 0 bus_irq 11 global_irq 11 high level)
[    0.031536] ACPI: Using ACPI (MADT) for SMP configuration information
[    0.031539] ACPI: HPET id: 0x8086a201 base: 0xfed00000
[    0.031545] TSC deadline timer available
[    0.031546] smpboot: Allowing 1 CPUs, 0 hotplug CPUs
[    0.031686] kvm-guest: APIC: eoi() replaced with kvm_guest_apic_eoi_write()
[    0.031991] PM: hibernation: Registered nosave memory: [mem 0x00000000-0x00000fff]
[    0.031994] PM: hibernation: Registered nosave memory: [mem 0x0009f000-0x000fffff]
[    0.031996] [mem 0x08000000-0xfeffbfff] available for PCI devices
[    0.031998] Booting paravirtualized kernel on KVM
[    0.032001] clocksource: refined-jiffies: mask: 0xffffffff max_cycles: 0xffffffff, max_idle_ns: 1910969940391419 ns
[    0.032058] setup_percpu: NR_CPUS:8192 nr_cpumask_bits:1 nr_cpu_ids:1 nr_node_ids:1
[    0.032740] percpu: Embedded 86 pages/cpu s229376 r8192 d114688 u2097152
[    0.033224] kvm-guest: PV spinlocks disabled, single CPU
[    0.033228] Kernel command line: console=ttyS0 rdinit=/init mode=arp-ip
[    0.033325] Unknown kernel command line parameters "mode=arp-ip", will be passed to user space.
[    0.033344] random: crng init done
[    0.033766] Dentry cache hash table entries: 16384 (order: 5, 131072 bytes, linear)
[    0.033776] Inode-cache hash table entries: 8192 (order: 4, 65536 bytes, linear)
[    0.034038] Fallback order for Node 0: 0 
[    0.034042] Built 1 zonelists, mobility grouping on.  Total pages: 31968
[    0.034045] Policy zone: DMA32
[    0.034052] mem auto-init: stack:all(zero), heap alloc:on, heap free:off
[    0.034448] Memory: 72016K/130552K available (22528K kernel code, 4441K rwdata, 14428K rodata, 4932K init, 4776K bss, 58276K reserved, 0K cma-reserved)
[    0.035704] SLUB: HWalign=64, Order=0-3, MinObjects=0, CPUs=1, Nodes=1
[    0.035735] ftrace: allocating 58336 entries in 228 pages
[    0.050574] ftrace: allocated 228 pages with 4 groups
[    0.051783] Dynamic Preempt: voluntary
[    0.051847] rcu: Preemptible hierarchical RCU implementation.
[    0.051848] rcu: 	RCU restricting CPUs from NR_CPUS=8192 to nr_cpu_ids=1.
[    0.051850] 	Trampoline variant of Tasks RCU enabled.
[    0.051850] 	Rude variant of Tasks RCU enabled.
[    0.051851] 	Tracing variant of Tasks RCU enabled.
[    0.051852] rcu: RCU calculated value of scheduler-enlistment delay is 100 jiffies.
[    0.051853] rcu: Adjusting geometry for rcu_fanout_leaf=16, nr_cpu_ids=1
[    0.051864] RCU Tasks: Setting shift to 0 and lim to 1 rcu_task_cb_adjust=1 rcu_task_cpu_ids=1.
[    0.051866] RCU Tasks Rude: Setting shift to 0 and lim to 1 rcu_task_cb_adjust=1 rcu_task_cpu_ids=1.
[    0.051868] RCU Tasks Trace: Setting shift to 0 and lim to 1 rcu_task_cb_adjust=1 rcu_task_cpu_ids=1.
[    0.056333] NR_IRQS: 524544, nr_irqs: 256, preallocated irqs: 16
[    0.057433] rcu: srcu_init: Setting srcu_struct sizes based on contention.
[    0.197351] Console: colour VGA+ 80x25
[    0.197941] printk: legacy console [ttyS0] enabled
[    1.637140] ACPI: Core revision 20230628
[    1.647648] clocksource: hpet: mask: 0xffffffff max_cycles: 0xffffffff, max_idle_ns: 19112604467 ns
[    1.667432] APIC: Switch to symmetric I/O mode setup
[    1.684215] x2apic enabled
[    1.696422] APIC: Switched APIC routing to: physical x2apic
[    1.730121] ..TIMER: vector=0x30 apic1=0 pin1=2 apic2=-1 pin2=-1
[    1.743716] clocksource: tsc-early: mask: 0xffffffffffffffff max_cycles: 0x39a85afc727, max_idle_ns: 881590685098 ns
[    1.767324] Calibrating delay loop (skipped) preset value.. 3999.99 BogoMIPS (lpj=1999999)
[    1.772349] AMD Zen1 DIV0 bug detected. Disable SMT for full protection.
[    1.773440] AMD Zen1 FPDSS bug detected, enabling mitigation.
[    1.778378] Last level iTLB entries: 4KB 512, 2MB 255, 4MB 127
[    1.779322] Last level dTLB entries: 4KB 512, 2MB 255, 4MB 127, 1GB 0
[    1.780329] Spectre V1 : Mitigation: usercopy/swapgs barriers and __user pointer sanitization
[    1.781330] Spectre V2 : Mitigation: Retpolines
[    1.782323] Spectre V2 : Spectre v2 / SpectreRSB: Filling RSB on context switch and VMEXIT
[    1.783323] Spectre V2 : Enabling Speculation Barrier for firmware calls
[    1.784323] active return thunk: retbleed_return_thunk
[    1.785323] RETBleed: Mitigation: untrained return thunk
[    1.786329] Spectre V2 : mitigation: Enabling conditional Indirect Branch Prediction Barrier
[    1.787323] Speculative Store Bypass: Mitigation: Speculative Store Bypass disabled via prctl
[    1.788813] x86/fpu: Supporting XSAVE feature 0x001: 'x87 floating point registers'
[    1.789323] x86/fpu: Supporting XSAVE feature 0x002: 'SSE registers'
[    1.790323] x86/fpu: Supporting XSAVE feature 0x004: 'AVX registers'
[    1.791323] x86/fpu: xstate_offset[2]:  576, xstate_sizes[2]:  256
[    1.792324] x86/fpu: Enabled xstate features 0x7, context size is 832 bytes, using 'compacted' format.
[    1.839137] Freeing SMP alternatives memory: 48K
[    1.839326] pid_max: default: 32768 minimum: 301
[    1.840404] LSM: initializing lsm=lockdown,capability,landlock,yama,apparmor,integrity
[    1.842359] landlock: Up and running.
[    1.843329] Yama: becoming mindful.
[    1.845375] AppArmor: AppArmor initialized
[    1.846379] Mount-cache hash table entries: 512 (order: 0, 4096 bytes, linear)
[    1.847325] Mountpoint-cache hash table entries: 512 (order: 0, 4096 bytes, linear)
[    1.850318] smpboot: CPU0: AMD EPYC 7401P 24-Core Processor (family: 0x17, model: 0x1, stepping: 0x2)
[    1.850745] Performance Events: Fam17h+ core perfctr, AMD PMU driver.
[    1.851408] ... version:                0
[    1.852365] ... bit width:              48
[    1.853446] ... generic registers:      6
[    1.854368] ... value mask:             0000ffffffffffff
[    1.855365] ... max period:             00007fffffffffff
[    1.856390] ... fixed-purpose events:   0
[    1.857381] ... event mask:             000000000000003f
[    1.858545] signal: max sigframe size: 1776
[    1.859456] rcu: Hierarchical SRCU implementation.
[    1.860365] rcu: 	Max phase no-delay instances is 400.
[    1.865798] smp: Bringing up secondary CPUs ...
[    1.866383] smp: Brought up 1 node, 1 CPU
[    1.867367] smpboot: Max logical packages: 1
[    1.868365] smpboot: Total of 1 processors activated (3999.99 BogoMIPS)
[    1.870687] devtmpfs: initialized
[    1.871500] x86/mm: Memory block size: 128MB
[    1.872871] clocksource: jiffies: mask: 0xffffffff max_cycles: 0xffffffff, max_idle_ns: 1911260446275000 ns
[    1.873416] futex hash table entries: 256 (order: 2, 16384 bytes, linear)
[    1.874565] pinctrl core: initialized pinctrl subsystem
[    1.876397] PM: RTC time: 15:22:19, date: 2026-10-03
[    1.886403] NET: Registered PF_NETLINK/PF_ROUTE protocol family
[    1.887564] DMA: preallocated 128 KiB GFP_KERNEL pool for atomic allocations
[    1.888422] DMA: preallocated 128 KiB GFP_KERNEL|GFP_DMA pool for atomic allocations
[    1.889413] DMA: preallocated 128 KiB GFP_KERNEL|GFP_DMA32 pool for atomic allocations
[    1.890445] audit: initializing netlink subsys (disabled)
[    1.891500] audit: type=2000 audit(1791040937.887:1): state=initialized audit_enabled=0 res=1
[    1.892728] thermal_sys: Registered thermal governor 'fair_share'
[    1.892732] thermal_sys: Registered thermal governor 'bang_bang'
[    1.893374] thermal_sys: Registered thermal governor 'step_wise'
[    1.894368] thermal_sys: Registered thermal governor 'user_space'
[    1.895367] thermal_sys: Registered thermal governor 'power_allocator'
[    1.896398] cpuidle: using governor ladder
[    1.898440] cpuidle: using governor menu
[    1.907500] acpiphp: ACPI Hot Plug PCI Controller Driver version: 0.5
[    1.909300] PCI: Using configuration type 1 for base access
[    1.909364] PCI: Using configuration type 1 for extended access
[    1.910514] kprobes: kprobe jump-optimization is enabled. All kprobes are optimized if possible.
[    1.961721] HugeTLB: registered 1.00 GiB page size, pre-allocated 0 pages
[    1.962365] HugeTLB: 16380 KiB vmemmap can be freed for a 1.00 GiB page
[    1.963365] HugeTLB: registered 2.00 MiB page size, pre-allocated 0 pages
[    1.964462] HugeTLB: 28 KiB vmemmap can be freed for a 2.00 MiB page
[    1.968440] ACPI: Added _OSI(Module Device)
[    1.969371] ACPI: Added _OSI(Processor Device)
[    1.970370] ACPI: Added _OSI(Processor Aggregator Device)
[    1.972604] ACPI: 1 ACPI AML tables successfully acquired and loaded
[    1.976290] ACPI: _OSC evaluation for CPUs failed, trying _PDC
[    1.976596] ACPI: Interpreter enabled
[    1.977384] ACPI: PM: (supports S0 S3 S4 S5)
[    1.978364] ACPI: Using IOAPIC for interrupt routing
[    1.979530] PCI: Using host bridge windows from ACPI; if necessary, use "pci=nocrs" and report a bug
[    1.980380] PCI: Using E820 reservations for host bridge windows
[    1.981767] ACPI: Enabled 2 GPEs in block 00 to 0F
[    1.988395] ACPI: PCI Root Bridge [PCI0] (domain 0000 [bus 00-ff])
[    1.989401] acpi PNP0A03:00: _OSC: OS supports [ExtendedConfig ASPM ClockPM Segments MSI EDR HPX-Type3]
[    1.991384] acpiphp: Slot [3] registered
[    1.992470] acpiphp: Slot [4] registered
[    1.993486] acpiphp: Slot [5] registered
[    1.994501] acpiphp: Slot [6] registered
[    1.995472] acpiphp: Slot [7] registered
[    1.996551] acpiphp: Slot [8] registered
[    1.997468] acpiphp: Slot [9] registered
[    1.998468] acpiphp: Slot [10] registered
[    1.999522] acpiphp: Slot [11] registered
[    2.000477] acpiphp: Slot [12] registered
[    2.001539] acpiphp: Slot [13] registered
[    2.002471] acpiphp: Slot [14] registered
[    2.003470] acpiphp: Slot [15] registered
[    2.004469] acpiphp: Slot [16] registered
[    2.005469] acpiphp: Slot [17] registered
[    2.006520] acpiphp: Slot [18] registered
[    2.007469] acpiphp: Slot [19] registered
[    2.008526] acpiphp: Slot [20] registered
[    2.009473] acpiphp: Slot [21] registered
[    2.010560] acpiphp: Slot [22] registered
[    2.011585] acpiphp: Slot [23] registered
[    2.012469] acpiphp: Slot [24] registered
[    2.013556] acpiphp: Slot [25] registered
[    2.014480] acpiphp: Slot [26] registered
[    2.015476] acpiphp: Slot [27] registered
[    2.016476] acpiphp: Slot [28] registered
[    2.017559] acpiphp: Slot [29] registered
[    2.018479] acpiphp: Slot [30] registered
[    2.019484] acpiphp: Slot [31] registered
[    2.020464] PCI host bridge to bus 0000:00
[    2.021367] pci_bus 0000:00: root bus resource [io  0x0000-0x0cf7 window]
[    2.022380] pci_bus 0000:00: root bus resource [io  0x0d00-0xffff window]
[    2.023386] pci_bus 0000:00: root bus resource [mem 0x000a0000-0x000bffff window]
[    2.024367] pci_bus 0000:00: root bus resource [mem 0x08000000-0xfebfffff window]
[    2.025366] pci_bus 0000:00: root bus resource [mem 0x100000000-0x17fffffff window]
[    2.026396] pci_bus 0000:00: root bus resource [bus 00-ff]
[    2.029909] pci 0000:00:00.0: [8086:1237] type 00 class 0x060000 conventional PCI endpoint
[    2.037237] pci 0000:00:01.0: [8086:7000] type 00 class 0x060100 conventional PCI endpoint
[    2.043296] pci 0000:00:01.1: [8086:7010] type 00 class 0x010180 conventional PCI endpoint
[    2.047924] pci 0000:00:01.1: BAR 4 [io  0xc020-0xc02f]
[    2.048815] pci 0000:00:01.1: BAR 0 [io  0x01f0-0x01f7]: legacy IDE quirk
[    2.049365] pci 0000:00:01.1: BAR 1 [io  0x03f6]: legacy IDE quirk
[    2.050365] pci 0000:00:01.1: BAR 2 [io  0x0170-0x0177]: legacy IDE quirk
[    2.051366] pci 0000:00:01.1: BAR 3 [io  0x0376]: legacy IDE quirk
[    2.053833] pci 0000:00:01.3: [8086:7113] type 00 class 0x068000 conventional PCI endpoint
[    2.059184] pci 0000:00:01.3: quirk: [io  0x0600-0x063f] claimed by PIIX4 ACPI
[    2.059556] pci 0000:00:01.3: quirk: [io  0x0700-0x070f] claimed by PIIX4 SMB
[    2.062888] pci 0000:00:02.0: [1234:1111] type 00 class 0x030000 conventional PCI endpoint
[    2.068764] pci 0000:00:02.0: BAR 0 [mem 0xfd000000-0xfdffffff pref]
[    2.069587] pci 0000:00:02.0: BAR 2 [mem 0xfeb90000-0xfeb90fff]
[    2.070802] pci 0000:00:02.0: ROM [mem 0xfeb80000-0xfeb8ffff pref]
[    2.073178] pci 0000:00:02.0: Video device with shadowed ROM at [mem 0x000c0000-0x000dffff]
[    2.078100] pci 0000:00:03.0: [1af4:1000] type 00 class 0x020000 conventional PCI endpoint
[    2.082457] pci 0000:00:03.0: BAR 0 [io  0xc000-0xc01f]
[    2.083455] pci 0000:00:03.0: BAR 1 [mem 0xfeb91000-0xfeb91fff]
[    2.084798] pci 0000:00:03.0: BAR 4 [mem 0xfe000000-0xfe003fff 64bit pref]
[    2.085542] pci 0000:00:03.0: ROM [mem 0xfeb00000-0xfeb7ffff pref]
[    2.438991] ACPI: PCI: Interrupt link LNKA configured for IRQ 10
[    2.439952] ACPI: PCI: Interrupt link LNKB configured for IRQ 10
[    2.440960] ACPI: PCI: Interrupt link LNKC configured for IRQ 11
[    2.441869] ACPI: PCI: Interrupt link LNKD configured for IRQ 11
[    2.442638] ACPI: PCI: Interrupt link LNKS configured for IRQ 9
[    2.446900] iommu: Default domain type: Translated
[    2.447370] iommu: DMA domain TLB invalidation policy: lazy mode
[    2.449865] SCSI subsystem initialized
[    2.450824] ACPI: bus type USB registered
[    2.451495] usbcore: registered new interface driver usbfs
[    2.452477] usbcore: registered new interface driver hub
[    2.453375] usbcore: registered new device driver usb
[    2.454461] pps_core: LinuxPPS API ver. 1 registered
[    2.455364] pps_core: Software ver. 5.3.6 - Copyright 2005-2007 Rodolfo Giometti <giometti@linux.it>
[    2.456371] PTP clock support registered
[    2.457672] EDAC MC: Ver: 3.0.0
[    2.461268] NetLabel: Initializing
[    2.461369] NetLabel:  domain hash size = 128
[    2.462395] NetLabel:  protocols = UNLABELED CIPSOv4 CALIPSO
[    2.463408] NetLabel:  unlabeled traffic allowed by default
[    2.465375] mctp: management component transport protocol core
[    2.466394] NET: Registered PF_MCTP protocol family
[    2.467406] PCI: Using ACPI for IRQ routing
[    2.469948] pci 0000:00:02.0: vgaarb: setting as boot VGA device
[    2.470318] pci 0000:00:02.0: vgaarb: bridge control possible
[    2.470318] pci 0000:00:02.0: vgaarb: VGA device added: decodes=io+mem,owns=io+mem,locks=none
[    2.470474] vgaarb: loaded
[    2.472121] hpet0: at MMIO 0xfed00000, IRQs 2, 8, 0
[    2.472366] hpet0: 3 comparators, 64-bit 100.000000 MHz counter
[    2.476446] clocksource: Switched to clocksource kvm-clock
[    2.488616] VFS: Disk quotas dquot_6.6.0
[    2.494385] VFS: Dquot-cache hash table entries: 512 (order 0, 4096 bytes)
[    2.503938] AppArmor: AppArmor Filesystem Enabled
[    2.510846] pnp: PnP ACPI init
[    2.517021] pnp: PnP ACPI: found 6 devices
[    2.530948] clocksource: acpi_pm: mask: 0xffffff max_cycles: 0xffffff, max_idle_ns: 2085701024 ns
[    2.542980] NET: Registered PF_INET protocol family
[    2.549614] IP idents hash table entries: 2048 (order: 2, 16384 bytes, linear)
[    2.586298] tcp_listen_portaddr_hash hash table entries: 256 (order: 0, 4096 bytes, linear)
[    2.597473] Table-perturb hash table entries: 65536 (order: 6, 262144 bytes, linear)
[    2.608021] TCP established hash table entries: 1024 (order: 1, 8192 bytes, linear)
[    2.618367] TCP bind hash table entries: 1024 (order: 3, 32768 bytes, linear)
[    2.627500] TCP: Hash tables configured (established 1024 bind 1024)
[    2.636052] MPTCP token hash table entries: 256 (order: 1, 6144 bytes, linear)
[    2.645460] UDP hash table entries: 256 (order: 1, 8192 bytes, linear)
[    2.654049] UDP-Lite hash table entries: 256 (order: 1, 8192 bytes, linear)
[    2.663875] NET: Registered PF_UNIX/PF_LOCAL protocol family
[    2.671815] NET: Registered PF_XDP protocol family
[    2.678239] pci_bus 0000:00: resource 4 [io  0x0000-0x0cf7 window]
[    2.686307] pci_bus 0000:00: resource 5 [io  0x0d00-0xffff window]
[    2.694537] pci_bus 0000:00: resource 6 [mem 0x000a0000-0x000bffff window]
[    2.703878] pci_bus 0000:00: resource 7 [mem 0x08000000-0xfebfffff window]
[    2.713129] pci_bus 0000:00: resource 8 [mem 0x100000000-0x17fffffff window]
[    2.722937] pci 0000:00:01.0: PIIX3: Enabling Passive Release
[    2.730878] pci 0000:00:00.0: Limiting direct PCI/PCI transfers
[    2.739533] PCI: CLS 0 bytes, default 64
[    2.745996] Trying to unpack rootfs image as initramfs...
[    2.753343] clocksource: tsc: mask: 0xffffffffffffffff max_cycles: 0x39a85afc727, max_idle_ns: 881590685098 ns
[    2.780366] Initialise system trusted keyrings
[    2.791872] Key type blacklist registered
[    2.802934] workingset: timestamp_bits=36 max_order=15 bucket_order=0
[    2.820204] zbud: loaded
[    2.828297] squashfs: version 4.0 (2009/01/31) Phillip Lougher
[    2.842290] Freeing initrd memory: 1520K
[    2.847962] fuse: init (API version 7.39)
[    2.853552] integrity: Platform Keyring initialized
[    2.860150] integrity: Machine keyring initialized
[    2.886286] Key type asymmetric registered
[    2.892241] Asymmetric key parser 'x509' registered
[    2.899035] Block layer SCSI generic (bsg) driver version 0.4 loaded (major 243)
[    2.908963] io scheduler mq-deadline registered
[    2.915310] shpchp: Standard Hot Plug PCI Controller Driver version: 0.4
[    2.924294] input: Power Button as /devices/LNXSYSTM:00/LNXPWRBN:00/input/input0
[    2.934348] ACPI: button: Power Button [PWRF]
[    2.971519] ACPI: \_SB_.LNKC: Enabled at IRQ 11
[    2.989344] Serial: 8250/16550 driver, 32 ports, IRQ sharing enabled
[    3.048110] 00:04: ttyS0 at I/O 0x3f8 (irq = 4, base_baud = 115200) is a 16550A
[    3.063263] Linux agpgart interface v0.103
[    3.071707] loop: module loaded
[    3.081090] scsi host0: ata_piix
[    3.085927] scsi host1: ata_piix
[    3.090531] ata1: PATA max MWDMA2 cmd 0x1f0 ctl 0x3f6 bmdma 0xc020 irq 14 lpm-pol 0
[    3.100889] ata2: PATA max MWDMA2 cmd 0x170 ctl 0x376 bmdma 0xc028 irq 15 lpm-pol 0
[    3.116875] ACPI: bus type drm_connector registered
[    3.123705] tun: Universal TUN/TAP device driver, 1.6
[    3.142471] PPP generic driver version 2.4.2
[    3.149045] i8042: PNP: PS/2 Controller [PNP0303:KBD,PNP0f13:MOU] at 0x60,0x64 irq 1,12
[    3.167950] serio: i8042 KBD port at 0x60,0x64 irq 1
[    3.174848] serio: i8042 AUX port at 0x60,0x64 irq 12
[    3.182105] mousedev: PS/2 mouse device common for all mice
[    3.193135] rtc_cmos 00:05: RTC can wake from S4
[    3.200197] input: AT Translated Set 2 keyboard as /devices/platform/i8042/serio0/input/input1
[    3.221888] rtc_cmos 00:05: registered as rtc0
[    3.229089] rtc_cmos 00:05: setting system clock to 2026-10-03T15:22:22 UTC (1791040942)
[    3.240838] rtc_cmos 00:05: alarms up to one day, y3k, 242 bytes nvram, hpet irqs
[    3.250845] i2c_dev: i2c /dev entries driver
[    3.256931] device-mapper: core: CONFIG_IMA_DISABLE_HTABLE is disabled. Duplicate IMA measurements will not be recorded in the IMA log.
[    3.275108] device-mapper: uevent: version 1.0.3
[    3.283302] ata2: found unknown device (class 0)
[    3.291898] device-mapper: ioctl: 4.48.0-ioctl (2023-03-01) initialised: dm-devel@redhat.com
[    3.302809] amd_pstate: the _CPC object is not present in SBIOS or ACPI disabled
[    3.315273] ata2.00: ATAPI: QEMU DVD-ROM, 2.5+, max UDMA/100
[    3.325045] ledtrig-cpu: registered to indicate activity on CPUs
[    3.341053] scsi 1:0:0:0: CD-ROM            QEMU     QEMU DVD-ROM     2.5+ PQ: 0 ANSI: 5
[    3.351900] drop_monitor: Initializing network drop monitor service
[    3.360330] NET: Registered PF_INET6 protocol family
[    3.376350] Segment Routing with IPv6
[    3.387964] In-situ OAM (IOAM) with IPv6
[    3.393209] NET: Registered PF_PACKET protocol family
[    3.399973] Key type dns_resolver registered
[    3.411283] IPI shorthand broadcast: enabled
[    3.429243] registered taskstats version 1
[    3.435162] sr 1:0:0:0: [sr0] scsi3-mmc drive: 4x/4x cd/rw xa/form2 tray
[    3.444330] Loading compiled-in X.509 certificates
[    3.454311] Loaded X.509 cert 'Build time autogenerated kernel key: 65a2441d98c8a817e997fff77c85e3c2a2878aa1'
[    3.471278] Loaded X.509 cert 'Canonical Ltd. Live Patch Signing 2025 Kmod: d541cef61dc7e793b7eb7e899970a2eef0b5dc8c'
[    3.488505] Loaded X.509 cert 'Canonical Ltd. Live Patch Signing: 14df34d1a87cf37625abec039ef2bf521249b969'
[    3.501406] Loaded X.509 cert 'Canonical Ltd. Kernel Module Signing 2025 Kmod: 4627603d2357a2a3f81006370894c221175893e9'
[    3.518999] cdrom: Uniform CD-ROM driver Revision: 3.20
[    3.526402] Loaded X.509 cert 'Canonical Ltd. Kernel Module Signing: 88f752e560a1e0737e31163a466ad7b70a850c19'
[    3.539446] blacklist: Loading compiled-in revocation X.509 certificates
[    3.550390] Loaded X.509 cert 'Canonical Ltd. Secure Boot Signing: 61482aa2830d0ab2ad5af10b7250da9033ddcef0'
[    3.563249] Loaded X.509 cert 'Canonical Ltd. Secure Boot Signing (2017): 242ade75ac4a15e50d50c84b0d45ff3eae707a03'
[    3.578011] Loaded X.509 cert 'Canonical Ltd. Secure Boot Signing (ESM 2018): 365188c1d374d6b07c3c8f240f8ef722433d6a8b'
[    3.597168] sr 1:0:0:0: Attached scsi generic sg0 type 5
[    3.605871] Loaded X.509 cert 'Canonical Ltd. Secure Boot Signing (2019): c0746fd6c5da3ae827864651ad66ae47fe24b3e8'
[    3.619881] Loaded X.509 cert 'Canonical Ltd. Secure Boot Signing (2021 v1): a8d54bbb3825cfb94fa13c9f8a594a195c107b8d'
[    3.633806] Loaded X.509 cert 'Canonical Ltd. Secure Boot Signing (2021 v2): 4cf046892d6fd3c9a5b03f98d845f90851dc6a8c'
[    3.647549] Loaded X.509 cert 'Canonical Ltd. Secure Boot Signing (2021 v3): 100437bb6de6e469b581e61cd66bce3ef4ed53af'
[    3.663482] Loaded X.509 cert 'Canonical Ltd. Secure Boot Signing (Ubuntu Core 2019): c1d57b8f6b743f23ee41f4f7ee292f06eecadfb9'
[    3.689315] Key type .fscrypt registered
[    3.694701] Key type fscrypt-provisioning registered
[    3.701577] Key type encrypted registered
[    3.707016] AppArmor: AppArmor sha256 policy hashing enabled
[    3.714692] ima: No TPM chip found, activating TPM-bypass!
[    3.722139] Loading compiled-in module X.509 certificates
[    3.730000] Loaded X.509 cert 'Build time autogenerated kernel key: 65a2441d98c8a817e997fff77c85e3c2a2878aa1'
[    3.742818] ima: Allocated hash algorithm: sha256
[    3.749155] ima: No architecture policies found
[    3.755192] evm: Initialising EVM extended attributes:
[    3.762239] evm: security.selinux
[    3.766849] evm: security.SMACK64
[    3.771393] evm: security.SMACK64EXEC
[    3.776439] evm: security.SMACK64TRANSMUTE
[    3.781895] evm: security.SMACK64MMAP
[    3.786784] evm: security.apparmor
[    3.791434] evm: security.ima
[    3.795469] evm: security.capability
[    3.800311] evm: HMAC attrs: 0x1
[    3.805245] PM:   Magic number: 14:662:385
[    3.810867] thermal cooling_device0: hash matches
[    3.825220] RAS: Correctable Errors collector initialized.
[    3.833158] Unstable clock detected, switching default tracing clock to "global"
[    3.833158] If you want to keep using the local clock, then add:
[    3.833158]   "trace_clock=local"
[    3.833158] on the kernel command line
[    3.859919] clk: Disabling unused clocks
[    3.882569] Freeing unused decrypted memory: 2028K
[    3.893717] Freeing unused kernel image (initmem) memory: 4932K
[    3.898894] Write protecting the kernel read-only data: 38912k
[    3.905271] Freeing unused kernel image (rodata/data gap) memory: 1956K
[    3.984563] x86/mm: Checked W+X mappings: passed, no W+X pages found.
[    3.989993] Run /init as init process
sent guest probe arp-ip length=42
[    4.234008] ACPI: PM: Preparing to enter system sleep state S5
[    4.239071] reboot: Power down
