[    0.000000] Linux version 6.8.0-139-generic (buildd@lcy02-amd64-036) (x86_64-linux-gnu-gcc-13 (Ubuntu 13.3.0-6ubuntu2~24.04.1) 13.3.0, GNU ld (GNU Binutils for Ubuntu) 2.42) #139-Ubuntu SMP PREEMPT_DYNAMIC Sat Aug  1 03:52:05 UTC 2026 (Ubuntu 6.8.0-139.139-generic 6.8.12)
[    0.000000] Command line: console=ttyS0 rdinit=/init mode=wrong-mac
[    0.000000] KERNEL supported cpus:
[    0.000000]   Intel GenuineIntel
[    0.000000]   AMD AuthenticAMD
[    0.000000]   Hygon HygonGenuine
[    0.000000]   Centaur CentaurHauls
[    0.000000]   zhaoxin   Shanghai  
[    0.000000] BIOS-provided physical RAM map:
[    0.000000] BIOS-e820: [mem 0x0000000000000000-0x000000000009fbff] usable
[    0.000000] BIOS-e820: [mem 0x000000000009fc00-0x000000000009ffff] reserved
[    0.000000] BIOS-e820: [mem 0x00000000000f0000-0x00000000000fffff] reserved
[    0.000000] BIOS-e820: [mem 0x0000000000100000-0x0000000007fdffff] usable
[    0.000000] BIOS-e820: [mem 0x0000000007fe0000-0x0000000007ffffff] reserved
[    0.000000] BIOS-e820: [mem 0x00000000feffc000-0x00000000feffffff] reserved
[    0.000000] BIOS-e820: [mem 0x00000000fffc0000-0x00000000ffffffff] reserved
[    0.000000] BIOS-e820: [mem 0x000000fd00000000-0x000000ffffffffff] reserved
[    0.000000] NX (Execute Disable) protection: active
[    0.000000] APIC: Static calls initialized
[    0.000000] SMBIOS 3.0.0 present.
[    0.000000] DMI: QEMU Ubuntu 24.04 PC v2 (i440FX + PIIX, arch_caps fix, 1996), BIOS 1.16.3-debian-1.16.3-2 04/01/2014
[    0.000000] Hypervisor detected: KVM
[    0.000000] kvm-clock: Using msrs 4b564d01 and 4b564d00
[    0.000002] kvm-clock: using sched offset of 1188144144 cycles
[    0.000005] clocksource: kvm-clock: mask: 0xffffffffffffffff max_cycles: 0x1cd42e4dffb, max_idle_ns: 881590591483 ns
[    0.000009] tsc: Detected 1999.999 MHz processor
[    0.002113] last_pfn = 0x7fe0 max_arch_pfn = 0x400000000
[    0.004029] MTRR map: 4 entries (3 fixed + 1 variable; max 19), built from 8 variable MTRRs
[    0.004090] x86/PAT: Configuration [0-7]: WB  WC  UC- UC  WB  WP  UC- WT  
[    0.009511] found SMP MP-table at [mem 0x000f5480-0x000f548f]
[    0.009532] Using GB pages for direct mapping
[    0.009929] RAMDISK: [mem 0x07e64000-0x07fdffff]
[    0.009989] ACPI: Early table checksum verification disabled
[    0.009995] ACPI: RSDP 0x00000000000F5290 000014 (v00 BOCHS )
[    0.010001] ACPI: RSDT 0x0000000007FE1C52 000034 (v01 BOCHS  BXPC     00000001 BXPC 00000001)
[    0.010009] ACPI: FACP 0x0000000007FE1B06 000074 (v01 BOCHS  BXPC     00000001 BXPC 00000001)
[    0.010023] ACPI: DSDT 0x0000000007FE0040 001AC6 (v01 BOCHS  BXPC     00000001 BXPC 00000001)
[    0.010027] ACPI: FACS 0x0000000007FE0000 000040
[    0.010031] ACPI: APIC 0x0000000007FE1B7A 000078 (v03 BOCHS  BXPC     00000001 BXPC 00000001)
[    0.010035] ACPI: HPET 0x0000000007FE1BF2 000038 (v01 BOCHS  BXPC     00000001 BXPC 00000001)
[    0.010039] ACPI: WAET 0x0000000007FE1C2A 000028 (v01 BOCHS  BXPC     00000001 BXPC 00000001)
[    0.010042] ACPI: Reserving FACP table memory at [mem 0x7fe1b06-0x7fe1b79]
[    0.010044] ACPI: Reserving DSDT table memory at [mem 0x7fe0040-0x7fe1b05]
[    0.010045] ACPI: Reserving FACS table memory at [mem 0x7fe0000-0x7fe003f]
[    0.010047] ACPI: Reserving APIC table memory at [mem 0x7fe1b7a-0x7fe1bf1]
[    0.010048] ACPI: Reserving HPET table memory at [mem 0x7fe1bf2-0x7fe1c29]
[    0.010049] ACPI: Reserving WAET table memory at [mem 0x7fe1c2a-0x7fe1c51]
[    0.014177] No NUMA configuration found
[    0.014180] Faking a node at [mem 0x0000000000000000-0x0000000007fdffff]
[    0.014191] NODE_DATA(0) allocated [mem 0x07e39000-0x07e63fff]
[    0.014989] Zone ranges:
[    0.014991]   DMA      [mem 0x0000000000001000-0x0000000000ffffff]
[    0.014994]   DMA32    [mem 0x0000000001000000-0x0000000007fdffff]
[    0.014996]   Normal   empty
[    0.014997]   Device   empty
[    0.014999] Movable zone start for each node
[    0.015003] Early memory node ranges
[    0.015003]   node   0: [mem 0x0000000000001000-0x000000000009efff]
[    0.015005]   node   0: [mem 0x0000000000100000-0x0000000007fdffff]
[    0.015007] Initmem setup node 0 [mem 0x0000000000001000-0x0000000007fdffff]
[    0.015595] On node 0, zone DMA: 1 pages in unavailable ranges
[    0.016125] On node 0, zone DMA: 97 pages in unavailable ranges
[    0.023634] On node 0, zone DMA32: 32 pages in unavailable ranges
[    0.028574] ACPI: PM-Timer IO Port: 0x608
[    0.028665] ACPI: LAPIC_NMI (acpi_id[0xff] dfl dfl lint[0x1])
[    0.029178] IOAPIC[0]: apic_id 0, version 17, address 0xfec00000, GSI 0-23
[    0.029183] ACPI: INT_SRC_OVR (bus 0 bus_irq 0 global_irq 2 dfl dfl)
[    0.029186] ACPI: INT_SRC_OVR (bus 0 bus_irq 5 global_irq 5 high level)
[    0.029188] ACPI: INT_SRC_OVR (bus 0 bus_irq 9 global_irq 9 high level)
[    0.029190] ACPI: INT_SRC_OVR (bus 0 bus_irq 10 global_irq 10 high level)
[    0.029191] ACPI: INT_SRC_OVR (bus 0 bus_irq 11 global_irq 11 high level)
[    0.029196] ACPI: Using ACPI (MADT) for SMP configuration information
[    0.029198] ACPI: HPET id: 0x8086a201 base: 0xfed00000
[    0.029203] TSC deadline timer available
[    0.029204] smpboot: Allowing 1 CPUs, 0 hotplug CPUs
[    0.029449] kvm-guest: APIC: eoi() replaced with kvm_guest_apic_eoi_write()
[    0.029794] PM: hibernation: Registered nosave memory: [mem 0x00000000-0x00000fff]
[    0.029798] PM: hibernation: Registered nosave memory: [mem 0x0009f000-0x000fffff]
[    0.029800] [mem 0x08000000-0xfeffbfff] available for PCI devices
[    0.029802] Booting paravirtualized kernel on KVM
[    0.029804] clocksource: refined-jiffies: mask: 0xffffffff max_cycles: 0xffffffff, max_idle_ns: 1910969940391419 ns
[    0.029858] setup_percpu: NR_CPUS:8192 nr_cpumask_bits:1 nr_cpu_ids:1 nr_node_ids:1
[    0.038179] percpu: Embedded 86 pages/cpu s229376 r8192 d114688 u2097152
[    0.038859] kvm-guest: PV spinlocks disabled, single CPU
[    0.038862] Kernel command line: console=ttyS0 rdinit=/init mode=wrong-mac
[    0.038928] Unknown kernel command line parameters "mode=wrong-mac", will be passed to user space.
[    0.038946] random: crng init done
[    0.039270] Dentry cache hash table entries: 16384 (order: 5, 131072 bytes, linear)
[    0.039280] Inode-cache hash table entries: 8192 (order: 4, 65536 bytes, linear)
[    0.039672] Fallback order for Node 0: 0 
[    0.039677] Built 1 zonelists, mobility grouping on.  Total pages: 31968
[    0.039679] Policy zone: DMA32
[    0.039687] mem auto-init: stack:all(zero), heap alloc:on, heap free:off
[    0.040069] Memory: 72016K/130552K available (22528K kernel code, 4441K rwdata, 14428K rodata, 4932K init, 4776K bss, 58276K reserved, 0K cma-reserved)
[    0.041262] SLUB: HWalign=64, Order=0-3, MinObjects=0, CPUs=1, Nodes=1
[    0.041293] ftrace: allocating 58336 entries in 228 pages
[    0.060908] ftrace: allocated 228 pages with 4 groups
[    0.062141] Dynamic Preempt: voluntary
[    0.062197] rcu: Preemptible hierarchical RCU implementation.
[    0.062199] rcu: 	RCU restricting CPUs from NR_CPUS=8192 to nr_cpu_ids=1.
[    0.062201] 	Trampoline variant of Tasks RCU enabled.
[    0.062202] 	Rude variant of Tasks RCU enabled.
[    0.062202] 	Tracing variant of Tasks RCU enabled.
[    0.062203] rcu: RCU calculated value of scheduler-enlistment delay is 100 jiffies.
[    0.062204] rcu: Adjusting geometry for rcu_fanout_leaf=16, nr_cpu_ids=1
[    0.062215] RCU Tasks: Setting shift to 0 and lim to 1 rcu_task_cb_adjust=1 rcu_task_cpu_ids=1.
[    0.062218] RCU Tasks Rude: Setting shift to 0 and lim to 1 rcu_task_cb_adjust=1 rcu_task_cpu_ids=1.
[    0.062219] RCU Tasks Trace: Setting shift to 0 and lim to 1 rcu_task_cb_adjust=1 rcu_task_cpu_ids=1.
[    0.066875] NR_IRQS: 524544, nr_irqs: 256, preallocated irqs: 16
[    0.067867] rcu: srcu_init: Setting srcu_struct sizes based on contention.
[    0.218705] Console: colour VGA+ 80x25
[    0.219273] printk: legacy console [ttyS0] enabled
[    1.617012] ACPI: Core revision 20230628
[    1.627439] clocksource: hpet: mask: 0xffffffff max_cycles: 0xffffffff, max_idle_ns: 19112604467 ns
[    1.646797] APIC: Switch to symmetric I/O mode setup
[    1.663682] x2apic enabled
[    1.675118] APIC: Switched APIC routing to: physical x2apic
[    1.709435] ..TIMER: vector=0x30 apic1=0 pin1=2 apic2=-1 pin2=-1
[    1.721722] clocksource: tsc-early: mask: 0xffffffffffffffff max_cycles: 0x39a85afc727, max_idle_ns: 881590685098 ns
[    1.743697] Calibrating delay loop (skipped) preset value.. 3999.99 BogoMIPS (lpj=1999999)
[    1.748097] AMD Zen1 DIV0 bug detected. Disable SMT for full protection.
[    1.748737] AMD Zen1 FPDSS bug detected, enabling mitigation.
[    1.753778] Last level iTLB entries: 4KB 512, 2MB 255, 4MB 127
[    1.754695] Last level dTLB entries: 4KB 512, 2MB 255, 4MB 127, 1GB 0
[    1.755702] Spectre V1 : Mitigation: usercopy/swapgs barriers and __user pointer sanitization
[    1.757695] Spectre V2 : Mitigation: Retpolines
[    1.758704] Spectre V2 : Spectre v2 / SpectreRSB: Filling RSB on context switch and VMEXIT
[    1.759705] Spectre V2 : Enabling Speculation Barrier for firmware calls
[    1.760706] active return thunk: retbleed_return_thunk
[    1.761695] RETBleed: Mitigation: untrained return thunk
[    1.762702] Spectre V2 : mitigation: Enabling conditional Indirect Branch Prediction Barrier
[    1.763703] Speculative Store Bypass: Mitigation: Speculative Store Bypass disabled via prctl
[    1.765171] x86/fpu: Supporting XSAVE feature 0x001: 'x87 floating point registers'
[    1.765696] x86/fpu: Supporting XSAVE feature 0x002: 'SSE registers'
[    1.766698] x86/fpu: Supporting XSAVE feature 0x004: 'AVX registers'
[    1.767702] x86/fpu: xstate_offset[2]:  576, xstate_sizes[2]:  256
[    1.768698] x86/fpu: Enabled xstate features 0x7, context size is 832 bytes, using 'compacted' format.
[    1.815704] Freeing SMP alternatives memory: 48K
[    1.816698] pid_max: default: 32768 minimum: 301
[    1.817782] LSM: initializing lsm=lockdown,capability,landlock,yama,apparmor,integrity
[    1.818753] landlock: Up and running.
[    1.820695] Yama: becoming mindful.
[    1.821757] AppArmor: AppArmor initialized
[    1.822750] Mount-cache hash table entries: 512 (order: 0, 4096 bytes, linear)
[    1.823697] Mountpoint-cache hash table entries: 512 (order: 0, 4096 bytes, linear)
[    1.826691] smpboot: CPU0: AMD EPYC 7401P 24-Core Processor (family: 0x17, model: 0x1, stepping: 0x2)
[    1.827198] Performance Events: Fam17h+ core perfctr, AMD PMU driver.
[    1.827790] ... version:                0
[    1.828738] ... bit width:              48
[    1.829741] ... generic registers:      6
[    1.830739] ... value mask:             0000ffffffffffff
[    1.831744] ... max period:             00007fffffffffff
[    1.832743] ... fixed-purpose events:   0
[    1.833742] ... event mask:             000000000000003f
[    1.834920] signal: max sigframe size: 1776
[    1.835981] rcu: Hierarchical SRCU implementation.
[    1.836746] rcu: 	Max phase no-delay instances is 400.
[    1.842791] smp: Bringing up secondary CPUs ...
[    1.843753] smp: Brought up 1 node, 1 CPU
[    1.844744] smpboot: Max logical packages: 1
[    1.845737] smpboot: Total of 1 processors activated (3999.99 BogoMIPS)
[    1.848115] devtmpfs: initialized
[    1.848904] x86/mm: Memory block size: 128MB
[    1.850090] clocksource: jiffies: mask: 0xffffffff max_cycles: 0xffffffff, max_idle_ns: 1911260446275000 ns
[    1.850754] futex hash table entries: 256 (order: 2, 16384 bytes, linear)
[    1.851874] pinctrl core: initialized pinctrl subsystem
[    1.853739] PM: RTC time: 15:13:31, date: 2026-10-03
[    1.862889] NET: Registered PF_NETLINK/PF_ROUTE protocol family
[    1.864346] DMA: preallocated 128 KiB GFP_KERNEL pool for atomic allocations
[    1.864767] DMA: preallocated 128 KiB GFP_KERNEL|GFP_DMA pool for atomic allocations
[    1.866164] DMA: preallocated 128 KiB GFP_KERNEL|GFP_DMA32 pool for atomic allocations
[    1.866780] audit: initializing netlink subsys (disabled)
[    1.867973] audit: type=2000 audit(1791040409.477:1): state=initialized audit_enabled=0 res=1
[    1.869114] thermal_sys: Registered thermal governor 'fair_share'
[    1.869116] thermal_sys: Registered thermal governor 'bang_bang'
[    1.869745] thermal_sys: Registered thermal governor 'step_wise'
[    1.870738] thermal_sys: Registered thermal governor 'user_space'
[    1.871739] thermal_sys: Registered thermal governor 'power_allocator'
[    1.872768] cpuidle: using governor ladder
[    1.874765] cpuidle: using governor menu
[    1.888567] acpiphp: ACPI Hot Plug PCI Controller Driver version: 0.5
[    1.890164] PCI: Using configuration type 1 for base access
[    1.890736] PCI: Using configuration type 1 for extended access
[    1.892102] kprobes: kprobe jump-optimization is enabled. All kprobes are optimized if possible.
[    1.944570] HugeTLB: registered 1.00 GiB page size, pre-allocated 0 pages
[    1.944738] HugeTLB: 16380 KiB vmemmap can be freed for a 1.00 GiB page
[    1.945738] HugeTLB: registered 2.00 MiB page size, pre-allocated 0 pages
[    1.946736] HugeTLB: 28 KiB vmemmap can be freed for a 2.00 MiB page
[    1.949453] ACPI: Added _OSI(Module Device)
[    1.949750] ACPI: Added _OSI(Processor Device)
[    1.950745] ACPI: Added _OSI(Processor Aggregator Device)
[    1.953408] ACPI: 1 ACPI AML tables successfully acquired and loaded
[    1.956922] ACPI: _OSC evaluation for CPUs failed, trying _PDC
[    1.957892] ACPI: Interpreter enabled
[    1.958759] ACPI: PM: (supports S0 S3 S4 S5)
[    1.959741] ACPI: Using IOAPIC for interrupt routing
[    1.960902] PCI: Using host bridge windows from ACPI; if necessary, use "pci=nocrs" and report a bug
[    1.961737] PCI: Using E820 reservations for host bridge windows
[    1.963451] ACPI: Enabled 2 GPEs in block 00 to 0F
[    1.972858] ACPI: PCI Root Bridge [PCI0] (domain 0000 [bus 00-ff])
[    1.973769] acpi PNP0A03:00: _OSC: OS supports [ExtendedConfig ASPM ClockPM Segments MSI EDR HPX-Type3]
[    1.976068] acpiphp: Slot [3] registered
[    1.976895] acpiphp: Slot [4] registered
[    1.977893] acpiphp: Slot [5] registered
[    1.979029] acpiphp: Slot [6] registered
[    1.980018] acpiphp: Slot [7] registered
[    1.980986] acpiphp: Slot [8] registered
[    1.981906] acpiphp: Slot [9] registered
[    1.983034] acpiphp: Slot [10] registered
[    1.983902] acpiphp: Slot [11] registered
[    1.984893] acpiphp: Slot [12] registered
[    1.985994] acpiphp: Slot [13] registered
[    1.986896] acpiphp: Slot [14] registered
[    1.987897] acpiphp: Slot [15] registered
[    1.988954] acpiphp: Slot [16] registered
[    1.990014] acpiphp: Slot [17] registered
[    1.990908] acpiphp: Slot [18] registered
[    1.991890] acpiphp: Slot [19] registered
[    1.992904] acpiphp: Slot [20] registered
[    1.993905] acpiphp: Slot [21] registered
[    1.994899] acpiphp: Slot [22] registered
[    1.995908] acpiphp: Slot [23] registered
[    1.996891] acpiphp: Slot [24] registered
[    1.997891] acpiphp: Slot [25] registered
[    1.998895] acpiphp: Slot [26] registered
[    1.999940] acpiphp: Slot [27] registered
[    2.000892] acpiphp: Slot [28] registered
[    2.001890] acpiphp: Slot [29] registered
[    2.002891] acpiphp: Slot [30] registered
[    2.003908] acpiphp: Slot [31] registered
[    2.004899] PCI host bridge to bus 0000:00
[    2.005741] pci_bus 0000:00: root bus resource [io  0x0000-0x0cf7 window]
[    2.006757] pci_bus 0000:00: root bus resource [io  0x0d00-0xffff window]
[    2.007739] pci_bus 0000:00: root bus resource [mem 0x000a0000-0x000bffff window]
[    2.008739] pci_bus 0000:00: root bus resource [mem 0x08000000-0xfebfffff window]
[    2.009737] pci_bus 0000:00: root bus resource [mem 0x100000000-0x17fffffff window]
[    2.010847] pci_bus 0000:00: root bus resource [bus 00-ff]
[    2.015046] pci 0000:00:00.0: [8086:1237] type 00 class 0x060000 conventional PCI endpoint
[    2.024165] pci 0000:00:01.0: [8086:7000] type 00 class 0x060100 conventional PCI endpoint
[    2.033737] pci 0000:00:01.1: [8086:7010] type 00 class 0x010180 conventional PCI endpoint
[    2.041552] pci 0000:00:01.1: BAR 4 [io  0xc020-0xc02f]
[    2.042526] pci 0000:00:01.1: BAR 0 [io  0x01f0-0x01f7]: legacy IDE quirk
[    2.042737] pci 0000:00:01.1: BAR 1 [io  0x03f6]: legacy IDE quirk
[    2.043738] pci 0000:00:01.1: BAR 2 [io  0x0170-0x0177]: legacy IDE quirk
[    2.044738] pci 0000:00:01.1: BAR 3 [io  0x0376]: legacy IDE quirk
[    2.047930] pci 0000:00:01.3: [8086:7113] type 00 class 0x068000 conventional PCI endpoint
[    2.055737] pci 0000:00:01.3: quirk: [io  0x0600-0x063f] claimed by PIIX4 ACPI
[    2.056907] pci 0000:00:01.3: quirk: [io  0x0700-0x070f] claimed by PIIX4 SMB
[    2.061168] pci 0000:00:02.0: [1234:1111] type 00 class 0x030000 conventional PCI endpoint
[    2.068169] pci 0000:00:02.0: BAR 0 [mem 0xfd000000-0xfdffffff pref]
[    2.069115] pci 0000:00:02.0: BAR 2 [mem 0xfeb90000-0xfeb90fff]
[    2.070409] pci 0000:00:02.0: ROM [mem 0xfeb80000-0xfeb8ffff pref]
[    2.073088] pci 0000:00:02.0: Video device with shadowed ROM at [mem 0x000c0000-0x000dffff]
[    2.080891] pci 0000:00:03.0: [1af4:1000] type 00 class 0x020000 conventional PCI endpoint
[    2.088946] pci 0000:00:03.0: BAR 0 [io  0xc000-0xc01f]
[    2.089886] pci 0000:00:03.0: BAR 1 [mem 0xfeb91000-0xfeb91fff]
[    2.091488] pci 0000:00:03.0: BAR 4 [mem 0xfe000000-0xfe003fff 64bit pref]
[    2.091878] pci 0000:00:03.0: ROM [mem 0xfeb00000-0xfeb7ffff pref]
[    2.453310] ACPI: PCI: Interrupt link LNKA configured for IRQ 10
[    2.454544] ACPI: PCI: Interrupt link LNKB configured for IRQ 10
[    2.455490] ACPI: PCI: Interrupt link LNKC configured for IRQ 11
[    2.456573] ACPI: PCI: Interrupt link LNKD configured for IRQ 11
[    2.457235] ACPI: PCI: Interrupt link LNKS configured for IRQ 9
[    2.461084] iommu: Default domain type: Translated
[    2.461737] iommu: DMA domain TLB invalidation policy: lazy mode
[    2.464161] SCSI subsystem initialized
[    2.465414] ACPI: bus type USB registered
[    2.465968] usbcore: registered new interface driver usbfs
[    2.466842] usbcore: registered new interface driver hub
[    2.467750] usbcore: registered new device driver usb
[    2.468801] pps_core: LinuxPPS API ver. 1 registered
[    2.469741] pps_core: Software ver. 5.3.6 - Copyright 2005-2007 Rodolfo Giometti <giometti@linux.it>
[    2.470753] PTP clock support registered
[    2.472891] EDAC MC: Ver: 3.0.0
[    2.480421] NetLabel: Initializing
[    2.480737] NetLabel:  domain hash size = 128
[    2.481787] NetLabel:  protocols = UNLABELED CIPSOv4 CALIPSO
[    2.483027] NetLabel:  unlabeled traffic allowed by default
[    2.484296] mctp: management component transport protocol core
[    2.484742] NET: Registered PF_MCTP protocol family
[    2.485800] PCI: Using ACPI for IRQ routing
[    2.488995] pci 0000:00:02.0: vgaarb: setting as boot VGA device
[    2.489691] pci 0000:00:02.0: vgaarb: bridge control possible
[    2.489691] pci 0000:00:02.0: vgaarb: VGA device added: decodes=io+mem,owns=io+mem,locks=none
[    2.489747] vgaarb: loaded
[    2.491442] hpet0: at MMIO 0xfed00000, IRQs 2, 8, 0
[    2.491746] hpet0: 3 comparators, 64-bit 100.000000 MHz counter
[    2.494824] clocksource: Switched to clocksource kvm-clock
[    2.509388] VFS: Disk quotas dquot_6.6.0
[    2.518180] VFS: Dquot-cache hash table entries: 512 (order 0, 4096 bytes)
[    2.532125] AppArmor: AppArmor Filesystem Enabled
[    2.541952] pnp: PnP ACPI init
[    2.549972] pnp: PnP ACPI: found 6 devices
[    2.569150] clocksource: acpi_pm: mask: 0xffffff max_cycles: 0xffffff, max_idle_ns: 2085701024 ns
[    2.587140] NET: Registered PF_INET protocol family
[    2.596980] IP idents hash table entries: 2048 (order: 2, 16384 bytes, linear)
[    2.641650] tcp_listen_portaddr_hash hash table entries: 256 (order: 0, 4096 bytes, linear)
[    2.658304] Table-perturb hash table entries: 65536 (order: 6, 262144 bytes, linear)
[    2.673517] TCP established hash table entries: 1024 (order: 1, 8192 bytes, linear)
[    2.688446] TCP bind hash table entries: 1024 (order: 3, 32768 bytes, linear)
[    2.702497] TCP: Hash tables configured (established 1024 bind 1024)
[    2.714907] MPTCP token hash table entries: 256 (order: 1, 6144 bytes, linear)
[    2.729495] UDP hash table entries: 256 (order: 1, 8192 bytes, linear)
[    2.742092] UDP-Lite hash table entries: 256 (order: 1, 8192 bytes, linear)
[    2.756394] NET: Registered PF_UNIX/PF_LOCAL protocol family
[    2.767736] NET: Registered PF_XDP protocol family
[    2.777151] pci_bus 0000:00: resource 4 [io  0x0000-0x0cf7 window]
[    2.789577] pci_bus 0000:00: resource 5 [io  0x0d00-0xffff window]
[    2.801667] pci_bus 0000:00: resource 6 [mem 0x000a0000-0x000bffff window]
[    2.815507] pci_bus 0000:00: resource 7 [mem 0x08000000-0xfebfffff window]
[    2.830163] pci_bus 0000:00: resource 8 [mem 0x100000000-0x17fffffff window]
[    2.847093] pci 0000:00:01.0: PIIX3: Enabling Passive Release
[    2.860065] pci 0000:00:00.0: quirk_passive_release+0x0/0xb0 took 12833 usecs
[    2.875513] pci 0000:00:00.0: Limiting direct PCI/PCI transfers
[    2.889704] pci 0000:00:00.0: quirk_natoma+0x0/0x40 took 13871 usecs
[    2.904299] PCI: CLS 0 bytes, default 64
[    2.914349] Trying to unpack rootfs image as initramfs...
[    2.926007] clocksource: tsc: mask: 0xffffffffffffffff max_cycles: 0x39a85afc727, max_idle_ns: 881590685098 ns
[    2.964444] Initialise system trusted keyrings
[    2.982618] Key type blacklist registered
[    3.002354] workingset: timestamp_bits=36 max_order=15 bucket_order=0
[    3.029058] zbud: loaded
[    3.035306] Freeing initrd memory: 1520K
[    3.044144] squashfs: version 4.0 (2009/01/31) Phillip Lougher
[    3.057384] fuse: init (API version 7.39)
[    3.066361] integrity: Platform Keyring initialized
[    3.076053] integrity: Machine keyring initialized
[    3.103766] Key type asymmetric registered
[    3.111981] Asymmetric key parser 'x509' registered
[    3.122018] Block layer SCSI generic (bsg) driver version 0.4 loaded (major 243)
[    3.137112] io scheduler mq-deadline registered
[    3.146974] shpchp: Standard Hot Plug PCI Controller Driver version: 0.4
[    3.160906] input: Power Button as /devices/LNXSYSTM:00/LNXPWRBN:00/input/input0
[    3.175703] ACPI: button: Power Button [PWRF]
[    3.215658] ACPI: \_SB_.LNKC: Enabled at IRQ 11
[    3.242434] Serial: 8250/16550 driver, 32 ports, IRQ sharing enabled
[    3.315382] 00:04: ttyS0 at I/O 0x3f8 (irq = 4, base_baud = 115200) is a 16550A
[    3.334702] Linux agpgart interface v0.103
[    3.347402] loop: module loaded
[    3.359048] scsi host0: ata_piix
[    3.366081] scsi host1: ata_piix
[    3.372902] ata1: PATA max MWDMA2 cmd 0x1f0 ctl 0x3f6 bmdma 0xc020 irq 14 lpm-pol 0
[    3.388751] ata2: PATA max MWDMA2 cmd 0x170 ctl 0x376 bmdma 0xc028 irq 15 lpm-pol 0
[    3.412471] ACPI: bus type drm_connector registered
[    3.423741] tun: Universal TUN/TAP device driver, 1.6
[    3.451499] PPP generic driver version 2.4.2
[    3.460489] i8042: PNP: PS/2 Controller [PNP0303:KBD,PNP0f13:MOU] at 0x60,0x64 irq 1,12
[    3.486990] serio: i8042 KBD port at 0x60,0x64 irq 1
[    3.497492] serio: i8042 AUX port at 0x60,0x64 irq 12
[    3.507732] mousedev: PS/2 mouse device common for all mice
[    3.522396] rtc_cmos 00:05: RTC can wake from S4
[    3.532648] input: AT Translated Set 2 keyboard as /devices/platform/i8042/serio0/input/input1
[    3.560095] rtc_cmos 00:05: registered as rtc0
[    3.573608] ata2: found unknown device (class 0)
[    3.591050] rtc_cmos 00:05: setting system clock to 2026-10-03T15:13:34 UTC (1791040414)
[    3.610495] ata2.00: ATAPI: QEMU DVD-ROM, 2.5+, max UDMA/100
[    3.624885] rtc_cmos 00:05: alarms up to one day, y3k, 242 bytes nvram, hpet irqs
[    3.651401] scsi 1:0:0:0: CD-ROM            QEMU     QEMU DVD-ROM     2.5+ PQ: 0 ANSI: 5
[    3.667364] i2c_dev: i2c /dev entries driver
[    3.676150] device-mapper: core: CONFIG_IMA_DISABLE_HTABLE is disabled. Duplicate IMA measurements will not be recorded in the IMA log.
[    3.713341] device-mapper: uevent: version 1.0.3
[    3.732706] device-mapper: ioctl: 4.48.0-ioctl (2023-03-01) initialised: dm-devel@redhat.com
[    3.749965] amd_pstate: the _CPC object is not present in SBIOS or ACPI disabled
[    3.764571] ledtrig-cpu: registered to indicate activity on CPUs
[    3.777017] drop_monitor: Initializing network drop monitor service
[    3.795414] NET: Registered PF_INET6 protocol family
[    3.810412] Segment Routing with IPv6
[    3.818002] In-situ OAM (IOAM) with IPv6
[    3.830931] NET: Registered PF_PACKET protocol family
[    3.844595] sr 1:0:0:0: [sr0] scsi3-mmc drive: 4x/4x cd/rw xa/form2 tray
[    3.859106] Key type dns_resolver registered
[    3.872599] IPI shorthand broadcast: enabled
[    3.893029] registered taskstats version 1
[    3.902348] Loading compiled-in X.509 certificates
[    3.913747] Loaded X.509 cert 'Build time autogenerated kernel key: 65a2441d98c8a817e997fff77c85e3c2a2878aa1'
[    3.939424] Loaded X.509 cert 'Canonical Ltd. Live Patch Signing 2025 Kmod: d541cef61dc7e793b7eb7e899970a2eef0b5dc8c'
[    3.960499] cdrom: Uniform CD-ROM driver Revision: 3.20
[    3.971471] Loaded X.509 cert 'Canonical Ltd. Live Patch Signing: 14df34d1a87cf37625abec039ef2bf521249b969'
[    3.995354] Loaded X.509 cert 'Canonical Ltd. Kernel Module Signing 2025 Kmod: 4627603d2357a2a3f81006370894c221175893e9'
[    4.022402] sr 1:0:0:0: Attached scsi generic sg0 type 5
[    4.034655] Loaded X.509 cert 'Canonical Ltd. Kernel Module Signing: 88f752e560a1e0737e31163a466ad7b70a850c19'
[    4.054413] blacklist: Loading compiled-in revocation X.509 certificates
[    4.070545] Loaded X.509 cert 'Canonical Ltd. Secure Boot Signing: 61482aa2830d0ab2ad5af10b7250da9033ddcef0'
[    4.089896] Loaded X.509 cert 'Canonical Ltd. Secure Boot Signing (2017): 242ade75ac4a15e50d50c84b0d45ff3eae707a03'
[    4.110057] Loaded X.509 cert 'Canonical Ltd. Secure Boot Signing (ESM 2018): 365188c1d374d6b07c3c8f240f8ef722433d6a8b'
[    4.131427] Loaded X.509 cert 'Canonical Ltd. Secure Boot Signing (2019): c0746fd6c5da3ae827864651ad66ae47fe24b3e8'
[    4.152143] Loaded X.509 cert 'Canonical Ltd. Secure Boot Signing (2021 v1): a8d54bbb3825cfb94fa13c9f8a594a195c107b8d'
[    4.173123] Loaded X.509 cert 'Canonical Ltd. Secure Boot Signing (2021 v2): 4cf046892d6fd3c9a5b03f98d845f90851dc6a8c'
[    4.194704] Loaded X.509 cert 'Canonical Ltd. Secure Boot Signing (2021 v3): 100437bb6de6e469b581e61cd66bce3ef4ed53af'
[    4.216399] Loaded X.509 cert 'Canonical Ltd. Secure Boot Signing (Ubuntu Core 2019): c1d57b8f6b743f23ee41f4f7ee292f06eecadfb9'
[    4.250534] Key type .fscrypt registered
[    4.259998] Key type fscrypt-provisioning registered
[    4.271134] Key type encrypted registered
[    4.279125] AppArmor: AppArmor sha256 policy hashing enabled
[    4.290593] ima: No TPM chip found, activating TPM-bypass!
[    4.302005] Loading compiled-in module X.509 certificates
[    4.313546] Loaded X.509 cert 'Build time autogenerated kernel key: 65a2441d98c8a817e997fff77c85e3c2a2878aa1'
[    4.332935] ima: Allocated hash algorithm: sha256
[    4.342496] ima: No architecture policies found
[    4.351549] evm: Initialising EVM extended attributes:
[    4.361933] evm: security.selinux
[    4.368752] evm: security.SMACK64
[    4.375416] evm: security.SMACK64EXEC
[    4.382651] evm: security.SMACK64TRANSMUTE
[    4.391550] evm: security.SMACK64MMAP
[    4.398743] evm: security.apparmor
[    4.405567] evm: security.ima
[    4.411718] evm: security.capability
[    4.418981] evm: HMAC attrs: 0x1
[    4.426960] PM:   Magic number: 14:9:234
[    4.443604] RAS: Correctable Errors collector initialized.
[    4.455436] Unstable clock detected, switching default tracing clock to "global"
[    4.455436] If you want to keep using the local clock, then add:
[    4.455436]   "trace_clock=local"
[    4.455436] on the kernel command line
[    4.495097] clk: Disabling unused clocks
[    4.510731] Freeing unused decrypted memory: 2028K
[    4.517975] Freeing unused kernel image (initmem) memory: 4932K
[    4.524986] Write protecting the kernel read-only data: 38912k
[    4.533481] Freeing unused kernel image (rodata/data gap) memory: 1956K
[    4.613572] x86/mm: Checked W+X mappings: passed, no W+X pages found.
[    4.620928] Run /init as init process
sent guest probe wrong-mac length=54
[    4.875942] ACPI: PM: Preparing to enter system sleep state S5
[    4.883062] reboot: Power down
