[    0.000000] Linux version 6.8.0-139-generic (buildd@lcy02-amd64-036) (x86_64-linux-gnu-gcc-13 (Ubuntu 13.3.0-6ubuntu2~24.04.1) 13.3.0, GNU ld (GNU Binutils for Ubuntu) 2.42) #139-Ubuntu SMP PREEMPT_DYNAMIC Sat Aug  1 03:52:05 UTC 2026 (Ubuntu 6.8.0-139.139-generic 6.8.12)
[    0.000000] Command line: console=ttyS0 rdinit=/init mode=wrong-ip
[    0.000000] KERNEL supported cpus:
[    0.000000]   Intel GenuineIntel
[    0.000000]   AMD AuthenticAMD
[    0.000000]   Hygon HygonGenuine
[    0.000000]   Centaur CentaurHauls
[    0.000000]   zhaoxin   Shanghai  
[    0.000000] BIOS-provided physical RAM map:
[    0.000000] BIOS-e820: [mem 0x0000000000000000-0x000000000009fbff] usable
[    0.000000] BIOS-e820: [mem 0x000000000009fc00-0x000000000009ffff] reserved
[    0.000000] BIOS-e820: [mem 0x00000000000f0000-0x00000000000fffff] reserved
[    0.000000] BIOS-e820: [mem 0x0000000000100000-0x0000000007fdffff] usable
[    0.000000] BIOS-e820: [mem 0x0000000007fe0000-0x0000000007ffffff] reserved
[    0.000000] BIOS-e820: [mem 0x00000000feffc000-0x00000000feffffff] reserved
[    0.000000] BIOS-e820: [mem 0x00000000fffc0000-0x00000000ffffffff] reserved
[    0.000000] BIOS-e820: [mem 0x000000fd00000000-0x000000ffffffffff] reserved
[    0.000000] NX (Execute Disable) protection: active
[    0.000000] APIC: Static calls initialized
[    0.000000] SMBIOS 3.0.0 present.
[    0.000000] DMI: QEMU Ubuntu 24.04 PC v2 (i440FX + PIIX, arch_caps fix, 1996), BIOS 1.16.3-debian-1.16.3-2 04/01/2014
[    0.000000] Hypervisor detected: KVM
[    0.000000] kvm-clock: Using msrs 4b564d01 and 4b564d00
[    0.000003] kvm-clock: using sched offset of 1141190330 cycles
[    0.000007] clocksource: kvm-clock: mask: 0xffffffffffffffff max_cycles: 0x1cd42e4dffb, max_idle_ns: 881590591483 ns
[    0.000011] tsc: Detected 1999.999 MHz processor
[    0.001368] last_pfn = 0x7fe0 max_arch_pfn = 0x400000000
[    0.003001] MTRR map: 4 entries (3 fixed + 1 variable; max 19), built from 8 variable MTRRs
[    0.003049] x86/PAT: Configuration [0-7]: WB  WC  UC- UC  WB  WP  UC- WT  
[    0.008176] found SMP MP-table at [mem 0x000f5480-0x000f548f]
[    0.008194] Using GB pages for direct mapping
[    0.008521] RAMDISK: [mem 0x07e64000-0x07fdffff]
[    0.008526] ACPI: Early table checksum verification disabled
[    0.008531] ACPI: RSDP 0x00000000000F5290 000014 (v00 BOCHS )
[    0.008537] ACPI: RSDT 0x0000000007FE1C52 000034 (v01 BOCHS  BXPC     00000001 BXPC 00000001)
[    0.008544] ACPI: FACP 0x0000000007FE1B06 000074 (v01 BOCHS  BXPC     00000001 BXPC 00000001)
[    0.008551] ACPI: DSDT 0x0000000007FE0040 001AC6 (v01 BOCHS  BXPC     00000001 BXPC 00000001)
[    0.008555] ACPI: FACS 0x0000000007FE0000 000040
[    0.008559] ACPI: APIC 0x0000000007FE1B7A 000078 (v03 BOCHS  BXPC     00000001 BXPC 00000001)
[    0.008563] ACPI: HPET 0x0000000007FE1BF2 000038 (v01 BOCHS  BXPC     00000001 BXPC 00000001)
[    0.008567] ACPI: WAET 0x0000000007FE1C2A 000028 (v01 BOCHS  BXPC     00000001 BXPC 00000001)
[    0.008571] ACPI: Reserving FACP table memory at [mem 0x7fe1b06-0x7fe1b79]
[    0.008573] ACPI: Reserving DSDT table memory at [mem 0x7fe0040-0x7fe1b05]
[    0.008574] ACPI: Reserving FACS table memory at [mem 0x7fe0000-0x7fe003f]
[    0.008575] ACPI: Reserving APIC table memory at [mem 0x7fe1b7a-0x7fe1bf1]
[    0.008577] ACPI: Reserving HPET table memory at [mem 0x7fe1bf2-0x7fe1c29]
[    0.008578] ACPI: Reserving WAET table memory at [mem 0x7fe1c2a-0x7fe1c51]
[    0.012794] No NUMA configuration found
[    0.012798] Faking a node at [mem 0x0000000000000000-0x0000000007fdffff]
[    0.012901] NODE_DATA(0) allocated [mem 0x07e39000-0x07e63fff]
[    0.013113] Zone ranges:
[    0.013114]   DMA      [mem 0x0000000000001000-0x0000000000ffffff]
[    0.013117]   DMA32    [mem 0x0000000001000000-0x0000000007fdffff]
[    0.013119]   Normal   empty
[    0.013120]   Device   empty
[    0.013122] Movable zone start for each node
[    0.013126] Early memory node ranges
[    0.013126]   node   0: [mem 0x0000000000001000-0x000000000009efff]
[    0.013128]   node   0: [mem 0x0000000000100000-0x0000000007fdffff]
[    0.013130] Initmem setup node 0 [mem 0x0000000000001000-0x0000000007fdffff]
[    0.013645] On node 0, zone DMA: 1 pages in unavailable ranges
[    0.013664] On node 0, zone DMA: 97 pages in unavailable ranges
[    0.013766] On node 0, zone DMA32: 32 pages in unavailable ranges
[    0.018904] ACPI: PM-Timer IO Port: 0x608
[    0.019007] ACPI: LAPIC_NMI (acpi_id[0xff] dfl dfl lint[0x1])
[    0.019517] IOAPIC[0]: apic_id 0, version 17, address 0xfec00000, GSI 0-23
[    0.019522] ACPI: INT_SRC_OVR (bus 0 bus_irq 0 global_irq 2 dfl dfl)
[    0.019525] ACPI: INT_SRC_OVR (bus 0 bus_irq 5 global_irq 5 high level)
[    0.019527] ACPI: INT_SRC_OVR (bus 0 bus_irq 9 global_irq 9 high level)
[    0.019528] ACPI: INT_SRC_OVR (bus 0 bus_irq 10 global_irq 10 high level)
[    0.019530] ACPI: INT_SRC_OVR (bus 0 bus_irq 11 global_irq 11 high level)
[    0.019535] ACPI: Using ACPI (MADT) for SMP configuration information
[    0.019537] ACPI: HPET id: 0x8086a201 base: 0xfed00000
[    0.019541] TSC deadline timer available
[    0.019543] smpboot: Allowing 1 CPUs, 0 hotplug CPUs
[    0.019724] kvm-guest: APIC: eoi() replaced with kvm_guest_apic_eoi_write()
[    0.020152] PM: hibernation: Registered nosave memory: [mem 0x00000000-0x00000fff]
[    0.020156] PM: hibernation: Registered nosave memory: [mem 0x0009f000-0x000fffff]
[    0.020158] [mem 0x08000000-0xfeffbfff] available for PCI devices
[    0.020161] Booting paravirtualized kernel on KVM
[    0.020163] clocksource: refined-jiffies: mask: 0xffffffff max_cycles: 0xffffffff, max_idle_ns: 1910969940391419 ns
[    0.020171] setup_percpu: NR_CPUS:8192 nr_cpumask_bits:1 nr_cpu_ids:1 nr_node_ids:1
[    0.020740] percpu: Embedded 86 pages/cpu s229376 r8192 d114688 u2097152
[    0.021281] kvm-guest: PV spinlocks disabled, single CPU
[    0.021286] Kernel command line: console=ttyS0 rdinit=/init mode=wrong-ip
[    0.021366] Unknown kernel command line parameters "mode=wrong-ip", will be passed to user space.
[    0.021385] random: crng init done
[    0.021405] Dentry cache hash table entries: 16384 (order: 5, 131072 bytes, linear)
[    0.021414] Inode-cache hash table entries: 8192 (order: 4, 65536 bytes, linear)
[    0.021723] Fallback order for Node 0: 0 
[    0.021728] Built 1 zonelists, mobility grouping on.  Total pages: 31968
[    0.021731] Policy zone: DMA32
[    0.021738] mem auto-init: stack:all(zero), heap alloc:on, heap free:off
[    0.022446] Memory: 72016K/130552K available (22528K kernel code, 4441K rwdata, 14428K rodata, 4932K init, 4776K bss, 58276K reserved, 0K cma-reserved)
[    0.024523] SLUB: HWalign=64, Order=0-3, MinObjects=0, CPUs=1, Nodes=1
[    0.024570] ftrace: allocating 58336 entries in 228 pages
[    0.041647] ftrace: allocated 228 pages with 4 groups
[    0.043042] Dynamic Preempt: voluntary
[    0.043109] rcu: Preemptible hierarchical RCU implementation.
[    0.043110] rcu: 	RCU restricting CPUs from NR_CPUS=8192 to nr_cpu_ids=1.
[    0.043112] 	Trampoline variant of Tasks RCU enabled.
[    0.043113] 	Rude variant of Tasks RCU enabled.
[    0.043114] 	Tracing variant of Tasks RCU enabled.
[    0.043115] rcu: RCU calculated value of scheduler-enlistment delay is 100 jiffies.
[    0.043116] rcu: Adjusting geometry for rcu_fanout_leaf=16, nr_cpu_ids=1
[    0.043128] RCU Tasks: Setting shift to 0 and lim to 1 rcu_task_cb_adjust=1 rcu_task_cpu_ids=1.
[    0.043130] RCU Tasks Rude: Setting shift to 0 and lim to 1 rcu_task_cb_adjust=1 rcu_task_cpu_ids=1.
[    0.043132] RCU Tasks Trace: Setting shift to 0 and lim to 1 rcu_task_cb_adjust=1 rcu_task_cpu_ids=1.
[    0.047950] NR_IRQS: 524544, nr_irqs: 256, preallocated irqs: 16
[    0.049137] rcu: srcu_init: Setting srcu_struct sizes based on contention.
[    0.157764] Console: colour VGA+ 80x25
[    0.158199] printk: legacy console [ttyS0] enabled
[    1.135766] ACPI: Core revision 20230628
[    1.142889] clocksource: hpet: mask: 0xffffffff max_cycles: 0xffffffff, max_idle_ns: 19112604467 ns
[    1.156345] APIC: Switch to symmetric I/O mode setup
[    1.170115] x2apic enabled
[    1.179539] APIC: Switched APIC routing to: physical x2apic
[    1.211331] ..TIMER: vector=0x30 apic1=0 pin1=2 apic2=-1 pin2=-1
[    1.219884] clocksource: tsc-early: mask: 0xffffffffffffffff max_cycles: 0x39a85afc727, max_idle_ns: 881590685098 ns
[    1.234410] Calibrating delay loop (skipped) preset value.. 3999.99 BogoMIPS (lpj=1999999)
[    1.239099] AMD Zen1 DIV0 bug detected. Disable SMT for full protection.
[    1.240462] AMD Zen1 FPDSS bug detected, enabling mitigation.
[    1.245653] Last level iTLB entries: 4KB 512, 2MB 255, 4MB 127
[    1.247419] Last level dTLB entries: 4KB 512, 2MB 255, 4MB 127, 1GB 0
[    1.248417] Spectre V1 : Mitigation: usercopy/swapgs barriers and __user pointer sanitization
[    1.249409] Spectre V2 : Mitigation: Retpolines
[    1.250408] Spectre V2 : Spectre v2 / SpectreRSB: Filling RSB on context switch and VMEXIT
[    1.251408] Spectre V2 : Enabling Speculation Barrier for firmware calls
[    1.252408] active return thunk: retbleed_return_thunk
[    1.254408] RETBleed: Mitigation: untrained return thunk
[    1.256418] Spectre V2 : mitigation: Enabling conditional Indirect Branch Prediction Barrier
[    1.257410] Speculative Store Bypass: Mitigation: Speculative Store Bypass disabled via prctl
[    1.259865] x86/fpu: Supporting XSAVE feature 0x001: 'x87 floating point registers'
[    1.261408] x86/fpu: Supporting XSAVE feature 0x002: 'SSE registers'
[    1.262409] x86/fpu: Supporting XSAVE feature 0x004: 'AVX registers'
[    1.263409] x86/fpu: xstate_offset[2]:  576, xstate_sizes[2]:  256
[    1.264408] x86/fpu: Enabled xstate features 0x7, context size is 832 bytes, using 'compacted' format.
[    1.308257] Freeing SMP alternatives memory: 48K
[    1.309409] pid_max: default: 32768 minimum: 301
[    1.310513] LSM: initializing lsm=lockdown,capability,landlock,yama,apparmor,integrity
[    1.312431] landlock: Up and running.
[    1.313409] Yama: becoming mindful.
[    1.314463] AppArmor: AppArmor initialized
[    1.315473] Mount-cache hash table entries: 512 (order: 0, 4096 bytes, linear)
[    1.316411] Mountpoint-cache hash table entries: 512 (order: 0, 4096 bytes, linear)
[    1.319264] smpboot: CPU0: AMD EPYC 7401P 24-Core Processor (family: 0x17, model: 0x1, stepping: 0x2)
[    1.319766] Performance Events: Fam17h+ core perfctr, AMD PMU driver.
[    1.320490] ... version:                0
[    1.321451] ... bit width:              48
[    1.322451] ... generic registers:      6
[    1.323477] ... value mask:             0000ffffffffffff
[    1.324450] ... max period:             00007fffffffffff
[    1.325450] ... fixed-purpose events:   0
[    1.326450] ... event mask:             000000000000003f
[    1.327703] signal: max sigframe size: 1776
[    1.328624] rcu: Hierarchical SRCU implementation.
[    1.329455] rcu: 	Max phase no-delay instances is 400.
[    1.335092] smp: Bringing up secondary CPUs ...
[    1.335466] smp: Brought up 1 node, 1 CPU
[    1.336454] smpboot: Max logical packages: 1
[    1.337453] smpboot: Total of 1 processors activated (3999.99 BogoMIPS)
[    1.339743] devtmpfs: initialized
[    1.340529] x86/mm: Memory block size: 128MB
[    1.341794] clocksource: jiffies: mask: 0xffffffff max_cycles: 0xffffffff, max_idle_ns: 1911260446275000 ns
[    1.342487] futex hash table entries: 256 (order: 2, 16384 bytes, linear)
[    1.343605] pinctrl core: initialized pinctrl subsystem
[    1.345451] PM: RTC time: 15:22:02, date: 2026-10-03
[    1.354851] NET: Registered PF_NETLINK/PF_ROUTE protocol family
[    1.355622] DMA: preallocated 128 KiB GFP_KERNEL pool for atomic allocations
[    1.356492] DMA: preallocated 128 KiB GFP_KERNEL|GFP_DMA pool for atomic allocations
[    1.357470] DMA: preallocated 128 KiB GFP_KERNEL|GFP_DMA32 pool for atomic allocations
[    1.358471] audit: initializing netlink subsys (disabled)
[    1.359543] audit: type=2000 audit(1791040921.434:1): state=initialized audit_enabled=0 res=1
[    1.360632] thermal_sys: Registered thermal governor 'fair_share'
[    1.360634] thermal_sys: Registered thermal governor 'bang_bang'
[    1.361462] thermal_sys: Registered thermal governor 'step_wise'
[    1.362503] thermal_sys: Registered thermal governor 'user_space'
[    1.363450] thermal_sys: Registered thermal governor 'power_allocator'
[    1.364485] cpuidle: using governor ladder
[    1.366462] cpuidle: using governor menu
[    1.375343] acpiphp: ACPI Hot Plug PCI Controller Driver version: 0.5
[    1.376320] PCI: Using configuration type 1 for base access
[    1.376452] PCI: Using configuration type 1 for extended access
[    1.377667] kprobes: kprobe jump-optimization is enabled. All kprobes are optimized if possible.
[    1.424703] HugeTLB: registered 1.00 GiB page size, pre-allocated 0 pages
[    1.425455] HugeTLB: 16380 KiB vmemmap can be freed for a 1.00 GiB page
[    1.426455] HugeTLB: registered 2.00 MiB page size, pre-allocated 0 pages
[    1.427450] HugeTLB: 28 KiB vmemmap can be freed for a 2.00 MiB page
[    1.433012] ACPI: Added _OSI(Module Device)
[    1.433454] ACPI: Added _OSI(Processor Device)
[    1.435199] ACPI: Added _OSI(Processor Aggregator Device)
[    1.436704] ACPI: 1 ACPI AML tables successfully acquired and loaded
[    1.440560] ACPI: _OSC evaluation for CPUs failed, trying _PDC
[    1.441601] ACPI: Interpreter enabled
[    1.442469] ACPI: PM: (supports S0 S3 S4 S5)
[    1.443455] ACPI: Using IOAPIC for interrupt routing
[    1.444681] PCI: Using host bridge windows from ACPI; if necessary, use "pci=nocrs" and report a bug
[    1.445450] PCI: Using E820 reservations for host bridge windows
[    1.446832] ACPI: Enabled 2 GPEs in block 00 to 0F
[    1.453166] ACPI: PCI Root Bridge [PCI0] (domain 0000 [bus 00-ff])
[    1.453456] acpi PNP0A03:00: _OSC: OS supports [ExtendedConfig ASPM ClockPM Segments MSI EDR HPX-Type3]
[    1.455393] acpiphp: Slot [3] registered
[    1.455581] acpiphp: Slot [4] registered
[    1.456636] acpiphp: Slot [5] registered
[    1.457563] acpiphp: Slot [6] registered
[    1.458556] acpiphp: Slot [7] registered
[    1.459558] acpiphp: Slot [8] registered
[    1.460608] acpiphp: Slot [9] registered
[    1.461554] acpiphp: Slot [10] registered
[    1.462609] acpiphp: Slot [11] registered
[    1.463556] acpiphp: Slot [12] registered
[    1.464589] acpiphp: Slot [13] registered
[    1.465555] acpiphp: Slot [14] registered
[    1.466555] acpiphp: Slot [15] registered
[    1.467554] acpiphp: Slot [16] registered
[    1.468688] acpiphp: Slot [17] registered
[    1.469571] acpiphp: Slot [18] registered
[    1.470581] acpiphp: Slot [19] registered
[    1.471557] acpiphp: Slot [20] registered
[    1.472580] acpiphp: Slot [21] registered
[    1.473635] acpiphp: Slot [22] registered
[    1.474558] acpiphp: Slot [23] registered
[    1.475560] acpiphp: Slot [24] registered
[    1.476569] acpiphp: Slot [25] registered
[    1.477704] acpiphp: Slot [26] registered
[    1.478667] acpiphp: Slot [27] registered
[    1.479558] acpiphp: Slot [28] registered
[    1.480636] acpiphp: Slot [29] registered
[    1.481627] acpiphp: Slot [30] registered
[    1.482609] acpiphp: Slot [31] registered
[    1.483552] PCI host bridge to bus 0000:00
[    1.484456] pci_bus 0000:00: root bus resource [io  0x0000-0x0cf7 window]
[    1.485451] pci_bus 0000:00: root bus resource [io  0x0d00-0xffff window]
[    1.486453] pci_bus 0000:00: root bus resource [mem 0x000a0000-0x000bffff window]
[    1.487451] pci_bus 0000:00: root bus resource [mem 0x08000000-0xfebfffff window]
[    1.488459] pci_bus 0000:00: root bus resource [mem 0x100000000-0x17fffffff window]
[    1.489456] pci_bus 0000:00: root bus resource [bus 00-ff]
[    1.492451] pci 0000:00:00.0: [8086:1237] type 00 class 0x060000 conventional PCI endpoint
[    1.499305] pci 0000:00:01.0: [8086:7000] type 00 class 0x060100 conventional PCI endpoint
[    1.505450] pci 0000:00:01.1: [8086:7010] type 00 class 0x010180 conventional PCI endpoint
[    1.510897] pci 0000:00:01.1: BAR 4 [io  0xc020-0xc02f]
[    1.511998] pci 0000:00:01.1: BAR 0 [io  0x01f0-0x01f7]: legacy IDE quirk
[    1.512452] pci 0000:00:01.1: BAR 1 [io  0x03f6]: legacy IDE quirk
[    1.513451] pci 0000:00:01.1: BAR 2 [io  0x0170-0x0177]: legacy IDE quirk
[    1.514451] pci 0000:00:01.1: BAR 3 [io  0x0376]: legacy IDE quirk
[    1.517075] pci 0000:00:01.3: [8086:7113] type 00 class 0x068000 conventional PCI endpoint
[    1.523026] pci 0000:00:01.3: quirk: [io  0x0600-0x063f] claimed by PIIX4 ACPI
[    1.523557] pci 0000:00:01.3: quirk: [io  0x0700-0x070f] claimed by PIIX4 SMB
[    1.526772] pci 0000:00:02.0: [1234:1111] type 00 class 0x030000 conventional PCI endpoint
[    1.532932] pci 0000:00:02.0: BAR 0 [mem 0xfd000000-0xfdffffff pref]
[    1.533663] pci 0000:00:02.0: BAR 2 [mem 0xfeb90000-0xfeb90fff]
[    1.534943] pci 0000:00:02.0: ROM [mem 0xfeb80000-0xfeb8ffff pref]
[    1.536934] pci 0000:00:02.0: Video device with shadowed ROM at [mem 0x000c0000-0x000dffff]
[    1.543152] pci 0000:00:03.0: [1af4:1000] type 00 class 0x020000 conventional PCI endpoint
[    1.547605] pci 0000:00:03.0: BAR 0 [io  0xc000-0xc01f]
[    1.548541] pci 0000:00:03.0: BAR 1 [mem 0xfeb91000-0xfeb91fff]
[    1.549843] pci 0000:00:03.0: BAR 4 [mem 0xfe000000-0xfe003fff 64bit pref]
[    1.550541] pci 0000:00:03.0: ROM [mem 0xfeb00000-0xfeb7ffff pref]
[    1.899382] ACPI: PCI: Interrupt link LNKA configured for IRQ 10
[    1.900086] ACPI: PCI: Interrupt link LNKB configured for IRQ 10
[    1.901054] ACPI: PCI: Interrupt link LNKC configured for IRQ 11
[    1.901984] ACPI: PCI: Interrupt link LNKD configured for IRQ 11
[    1.902736] ACPI: PCI: Interrupt link LNKS configured for IRQ 9
[    1.908315] iommu: Default domain type: Translated
[    1.908449] iommu: DMA domain TLB invalidation policy: lazy mode
[    1.910937] SCSI subsystem initialized
[    1.911774] ACPI: bus type USB registered
[    1.912493] usbcore: registered new interface driver usbfs
[    1.913475] usbcore: registered new interface driver hub
[    1.914461] usbcore: registered new device driver usb
[    1.915548] pps_core: LinuxPPS API ver. 1 registered
[    1.916451] pps_core: Software ver. 5.3.6 - Copyright 2005-2007 Rodolfo Giometti <giometti@linux.it>
[    1.917466] PTP clock support registered
[    1.918815] EDAC MC: Ver: 3.0.0
[    1.922593] NetLabel: Initializing
[    1.923455] NetLabel:  domain hash size = 128
[    1.924450] NetLabel:  protocols = UNLABELED CIPSOv4 CALIPSO
[    1.925500] NetLabel:  unlabeled traffic allowed by default
[    1.927028] mctp: management component transport protocol core
[    1.927456] NET: Registered PF_MCTP protocol family
[    1.928459] PCI: Using ACPI for IRQ routing
[    1.931057] pci 0000:00:02.0: vgaarb: setting as boot VGA device
[    1.931404] pci 0000:00:02.0: vgaarb: bridge control possible
[    1.931404] pci 0000:00:02.0: vgaarb: VGA device added: decodes=io+mem,owns=io+mem,locks=none
[    1.931458] vgaarb: loaded
[    1.932900] hpet0: at MMIO 0xfed00000, IRQs 2, 8, 0
[    1.933450] hpet0: 3 comparators, 64-bit 100.000000 MHz counter
[    1.937622] clocksource: Switched to clocksource kvm-clock
[    1.950866] VFS: Disk quotas dquot_6.6.0
[    1.956826] VFS: Dquot-cache hash table entries: 512 (order 0, 4096 bytes)
[    1.966631] AppArmor: AppArmor Filesystem Enabled
[    1.972800] pnp: PnP ACPI init
[    1.978484] pnp: PnP ACPI: found 6 devices
[    1.992671] clocksource: acpi_pm: mask: 0xffffff max_cycles: 0xffffff, max_idle_ns: 2085701024 ns
[    2.004110] NET: Registered PF_INET protocol family
[    2.010453] IP idents hash table entries: 2048 (order: 2, 16384 bytes, linear)
[    2.055057] tcp_listen_portaddr_hash hash table entries: 256 (order: 0, 4096 bytes, linear)
[    2.067093] Table-perturb hash table entries: 65536 (order: 6, 262144 bytes, linear)
[    2.078374] TCP established hash table entries: 1024 (order: 1, 8192 bytes, linear)
[    2.088647] TCP bind hash table entries: 1024 (order: 3, 32768 bytes, linear)
[    2.097794] TCP: Hash tables configured (established 1024 bind 1024)
[    2.106680] MPTCP token hash table entries: 256 (order: 1, 6144 bytes, linear)
[    2.116042] UDP hash table entries: 256 (order: 1, 8192 bytes, linear)
[    2.124776] UDP-Lite hash table entries: 256 (order: 1, 8192 bytes, linear)
[    2.133874] NET: Registered PF_UNIX/PF_LOCAL protocol family
[    2.141358] NET: Registered PF_XDP protocol family
[    2.147930] pci_bus 0000:00: resource 4 [io  0x0000-0x0cf7 window]
[    2.156721] pci_bus 0000:00: resource 5 [io  0x0d00-0xffff window]
[    2.165393] pci_bus 0000:00: resource 6 [mem 0x000a0000-0x000bffff window]
[    2.175059] pci_bus 0000:00: resource 7 [mem 0x08000000-0xfebfffff window]
[    2.184423] pci_bus 0000:00: resource 8 [mem 0x100000000-0x17fffffff window]
[    2.194579] pci 0000:00:01.0: PIIX3: Enabling Passive Release
[    2.202639] pci 0000:00:00.0: Limiting direct PCI/PCI transfers
[    2.211780] PCI: CLS 0 bytes, default 64
[    2.218102] Trying to unpack rootfs image as initramfs...
[    2.226454] clocksource: tsc: mask: 0xffffffffffffffff max_cycles: 0x39a85afc727, max_idle_ns: 881590685098 ns
[    2.253115] Initialise system trusted keyrings
[    2.266594] Key type blacklist registered
[    2.277719] workingset: timestamp_bits=36 max_order=15 bucket_order=0
[    2.293367] Freeing initrd memory: 1520K
[    2.298618] zbud: loaded
[    2.302853] squashfs: version 4.0 (2009/01/31) Phillip Lougher
[    2.310665] fuse: init (API version 7.39)
[    2.316186] integrity: Platform Keyring initialized
[    2.322724] integrity: Machine keyring initialized
[    2.347007] Key type asymmetric registered
[    2.352352] Asymmetric key parser 'x509' registered
[    2.359360] Block layer SCSI generic (bsg) driver version 0.4 loaded (major 243)
[    2.369473] io scheduler mq-deadline registered
[    2.375905] shpchp: Standard Hot Plug PCI Controller Driver version: 0.4
[    2.385678] input: Power Button as /devices/LNXSYSTM:00/LNXPWRBN:00/input/input0
[    2.396682] ACPI: button: Power Button [PWRF]
[    2.431010] ACPI: \_SB_.LNKC: Enabled at IRQ 11
[    2.448595] Serial: 8250/16550 driver, 32 ports, IRQ sharing enabled
[    2.504904] 00:04: ttyS0 at I/O 0x3f8 (irq = 4, base_baud = 115200) is a 16550A
[    2.519160] Linux agpgart interface v0.103
[    2.529633] loop: module loaded
[    2.539885] scsi host0: ata_piix
[    2.544747] scsi host1: ata_piix
[    2.549202] ata1: PATA max MWDMA2 cmd 0x1f0 ctl 0x3f6 bmdma 0xc020 irq 14 lpm-pol 0
[    2.558927] ata2: PATA max MWDMA2 cmd 0x170 ctl 0x376 bmdma 0xc028 irq 15 lpm-pol 0
[    2.574207] ACPI: bus type drm_connector registered
[    2.581776] tun: Universal TUN/TAP device driver, 1.6
[    2.602577] PPP generic driver version 2.4.2
[    2.608836] i8042: PNP: PS/2 Controller [PNP0303:KBD,PNP0f13:MOU] at 0x60,0x64 irq 1,12
[    2.627644] serio: i8042 KBD port at 0x60,0x64 irq 1
[    2.634396] serio: i8042 AUX port at 0x60,0x64 irq 12
[    2.641607] mousedev: PS/2 mouse device common for all mice
[    2.652072] input: AT Translated Set 2 keyboard as /devices/platform/i8042/serio0/input/input1
[    2.663360] rtc_cmos 00:05: RTC can wake from S4
[    2.678976] rtc_cmos 00:05: registered as rtc0
[    2.686303] rtc_cmos 00:05: setting system clock to 2026-10-03T15:22:05 UTC (1791040925)
[    2.697767] rtc_cmos 00:05: alarms up to one day, y3k, 242 bytes nvram, hpet irqs
[    2.707376] i2c_dev: i2c /dev entries driver
[    2.713037] device-mapper: core: CONFIG_IMA_DISABLE_HTABLE is disabled. Duplicate IMA measurements will not be recorded in the IMA log.
[    2.731965] ata2: found unknown device (class 0)
[    2.739894] device-mapper: uevent: version 1.0.3
[    2.746950] device-mapper: ioctl: 4.48.0-ioctl (2023-03-01) initialised: dm-devel@redhat.com
[    2.757794] amd_pstate: the _CPC object is not present in SBIOS or ACPI disabled
[    2.769936] ata2.00: ATAPI: QEMU DVD-ROM, 2.5+, max UDMA/100
[    2.779802] ledtrig-cpu: registered to indicate activity on CPUs
[    2.795029] scsi 1:0:0:0: CD-ROM            QEMU     QEMU DVD-ROM     2.5+ PQ: 0 ANSI: 5
[    2.805589] drop_monitor: Initializing network drop monitor service
[    2.816756] NET: Registered PF_INET6 protocol family
[    2.833963] Segment Routing with IPv6
[    2.842645] In-situ OAM (IOAM) with IPv6
[    2.848030] NET: Registered PF_PACKET protocol family
[    2.855009] Key type dns_resolver registered
[    2.864994] IPI shorthand broadcast: enabled
[    2.878807] registered taskstats version 1
[    2.886625] sr 1:0:0:0: [sr0] scsi3-mmc drive: 4x/4x cd/rw xa/form2 tray
[    2.895829] Loading compiled-in X.509 certificates
[    2.905976] Loaded X.509 cert 'Build time autogenerated kernel key: 65a2441d98c8a817e997fff77c85e3c2a2878aa1'
[    2.919174] Loaded X.509 cert 'Canonical Ltd. Live Patch Signing 2025 Kmod: d541cef61dc7e793b7eb7e899970a2eef0b5dc8c'
[    2.936786] Loaded X.509 cert 'Canonical Ltd. Live Patch Signing: 14df34d1a87cf37625abec039ef2bf521249b969'
[    2.952184] Loaded X.509 cert 'Canonical Ltd. Kernel Module Signing 2025 Kmod: 4627603d2357a2a3f81006370894c221175893e9'
[    2.967176] Loaded X.509 cert 'Canonical Ltd. Kernel Module Signing: 88f752e560a1e0737e31163a466ad7b70a850c19'
[    2.980049] blacklist: Loading compiled-in revocation X.509 certificates
[    2.988793] Loaded X.509 cert 'Canonical Ltd. Secure Boot Signing: 61482aa2830d0ab2ad5af10b7250da9033ddcef0'
[    3.004790] cdrom: Uniform CD-ROM driver Revision: 3.20
[    3.011822] Loaded X.509 cert 'Canonical Ltd. Secure Boot Signing (2017): 242ade75ac4a15e50d50c84b0d45ff3eae707a03'
[    3.028012] Loaded X.509 cert 'Canonical Ltd. Secure Boot Signing (ESM 2018): 365188c1d374d6b07c3c8f240f8ef722433d6a8b'
[    3.041814] Loaded X.509 cert 'Canonical Ltd. Secure Boot Signing (2019): c0746fd6c5da3ae827864651ad66ae47fe24b3e8'
[    3.055182] Loaded X.509 cert 'Canonical Ltd. Secure Boot Signing (2021 v1): a8d54bbb3825cfb94fa13c9f8a594a195c107b8d'
[    3.073019] sr 1:0:0:0: Attached scsi generic sg0 type 5
[    3.083173] Loaded X.509 cert 'Canonical Ltd. Secure Boot Signing (2021 v2): 4cf046892d6fd3c9a5b03f98d845f90851dc6a8c'
[    3.098202] Loaded X.509 cert 'Canonical Ltd. Secure Boot Signing (2021 v3): 100437bb6de6e469b581e61cd66bce3ef4ed53af'
[    3.112137] Loaded X.509 cert 'Canonical Ltd. Secure Boot Signing (Ubuntu Core 2019): c1d57b8f6b743f23ee41f4f7ee292f06eecadfb9'
[    3.131468] Key type .fscrypt registered
[    3.136841] Key type fscrypt-provisioning registered
[    3.143850] Key type encrypted registered
[    3.149163] AppArmor: AppArmor sha256 policy hashing enabled
[    3.156588] ima: No TPM chip found, activating TPM-bypass!
[    3.163815] Loading compiled-in module X.509 certificates
[    3.171617] Loaded X.509 cert 'Build time autogenerated kernel key: 65a2441d98c8a817e997fff77c85e3c2a2878aa1'
[    3.184048] ima: Allocated hash algorithm: sha256
[    3.190423] ima: No architecture policies found
[    3.196372] evm: Initialising EVM extended attributes:
[    3.203160] evm: security.selinux
[    3.207653] evm: security.SMACK64
[    3.212119] evm: security.SMACK64EXEC
[    3.216923] evm: security.SMACK64TRANSMUTE
[    3.222366] evm: security.SMACK64MMAP
[    3.227340] evm: security.apparmor
[    3.231808] evm: security.ima
[    3.235899] evm: security.capability
[    3.240621] evm: HMAC attrs: 0x1
[    3.245632] PM:   Magic number: 14:662:385
[    3.251038] thermal cooling_device0: hash matches
[    3.268439] RAS: Correctable Errors collector initialized.
[    3.275789] Unstable clock detected, switching default tracing clock to "global"
[    3.275789] If you want to keep using the local clock, then add:
[    3.275789]   "trace_clock=local"
[    3.275789] on the kernel command line
[    3.301616] clk: Disabling unused clocks
[    3.312774] Freeing unused decrypted memory: 2028K
[    3.317620] Freeing unused kernel image (initmem) memory: 4932K
[    3.322196] Write protecting the kernel read-only data: 38912k
[    3.327730] Freeing unused kernel image (rodata/data gap) memory: 1956K
[    3.404993] x86/mm: Checked W+X mappings: passed, no W+X pages found.
[    3.410030] Run /init as init process
sent guest probe wrong-ip length=54
[    3.654554] ACPI: PM: Preparing to enter system sleep state S5
[    3.659629] reboot: Power down
