[    0.000000] Linux version 6.8.0-139-generic (buildd@lcy02-amd64-036) (x86_64-linux-gnu-gcc-13 (Ubuntu 13.3.0-6ubuntu2~24.04.1) 13.3.0, GNU ld (GNU Binutils for Ubuntu) 2.42) #139-Ubuntu SMP PREEMPT_DYNAMIC Sat Aug  1 03:52:05 UTC 2026 (Ubuntu 6.8.0-139.139-generic 6.8.12)
[    0.000000] Command line: console=ttyS0 rdinit=/init mode=arp-ip
[    0.000000] KERNEL supported cpus:
[    0.000000]   Intel GenuineIntel
[    0.000000]   AMD AuthenticAMD
[    0.000000]   Hygon HygonGenuine
[    0.000000]   Centaur CentaurHauls
[    0.000000]   zhaoxin   Shanghai  
[    0.000000] BIOS-provided physical RAM map:
[    0.000000] BIOS-e820: [mem 0x0000000000000000-0x000000000009fbff] usable
[    0.000000] BIOS-e820: [mem 0x000000000009fc00-0x000000000009ffff] reserved
[    0.000000] BIOS-e820: [mem 0x00000000000f0000-0x00000000000fffff] reserved
[    0.000000] BIOS-e820: [mem 0x0000000000100000-0x0000000007fdffff] usable
[    0.000000] BIOS-e820: [mem 0x0000000007fe0000-0x0000000007ffffff] reserved
[    0.000000] BIOS-e820: [mem 0x00000000feffc000-0x00000000feffffff] reserved
[    0.000000] BIOS-e820: [mem 0x00000000fffc0000-0x00000000ffffffff] reserved
[    0.000000] BIOS-e820: [mem 0x000000fd00000000-0x000000ffffffffff] reserved
[    0.000000] NX (Execute Disable) protection: active
[    0.000000] APIC: Static calls initialized
[    0.000000] SMBIOS 3.0.0 present.
[    0.000000] DMI: QEMU Ubuntu 24.04 PC v2 (i440FX + PIIX, arch_caps fix, 1996), BIOS 1.16.3-debian-1.16.3-2 04/01/2014
[    0.000000] Hypervisor detected: KVM
[    0.000000] kvm-clock: Using msrs 4b564d01 and 4b564d00
[    0.000003] kvm-clock: using sched offset of 1142649611 cycles
[    0.000006] clocksource: kvm-clock: mask: 0xffffffffffffffff max_cycles: 0x1cd42e4dffb, max_idle_ns: 881590591483 ns
[    0.000011] tsc: Detected 1999.999 MHz processor
[    0.001710] last_pfn = 0x7fe0 max_arch_pfn = 0x400000000
[    0.003196] MTRR map: 4 entries (3 fixed + 1 variable; max 19), built from 8 variable MTRRs
[    0.003249] x86/PAT: Configuration [0-7]: WB  WC  UC- UC  WB  WP  UC- WT  
[    0.008205] found SMP MP-table at [mem 0x000f5480-0x000f548f]
[    0.008224] Using GB pages for direct mapping
[    0.008536] RAMDISK: [mem 0x07e64000-0x07fdffff]
[    0.008590] ACPI: Early table checksum verification disabled
[    0.008596] ACPI: RSDP 0x00000000000F5290 000014 (v00 BOCHS )
[    0.008601] ACPI: RSDT 0x0000000007FE1C52 000034 (v01 BOCHS  BXPC     00000001 BXPC 00000001)
[    0.008608] ACPI: FACP 0x0000000007FE1B06 000074 (v01 BOCHS  BXPC     00000001 BXPC 00000001)
[    0.008620] ACPI: DSDT 0x0000000007FE0040 001AC6 (v01 BOCHS  BXPC     00000001 BXPC 00000001)
[    0.008625] ACPI: FACS 0x0000000007FE0000 000040
[    0.008628] ACPI: APIC 0x0000000007FE1B7A 000078 (v03 BOCHS  BXPC     00000001 BXPC 00000001)
[    0.008632] ACPI: HPET 0x0000000007FE1BF2 000038 (v01 BOCHS  BXPC     00000001 BXPC 00000001)
[    0.008636] ACPI: WAET 0x0000000007FE1C2A 000028 (v01 BOCHS  BXPC     00000001 BXPC 00000001)
[    0.008639] ACPI: Reserving FACP table memory at [mem 0x7fe1b06-0x7fe1b79]
[    0.008641] ACPI: Reserving DSDT table memory at [mem 0x7fe0040-0x7fe1b05]
[    0.008642] ACPI: Reserving FACS table memory at [mem 0x7fe0000-0x7fe003f]
[    0.008643] ACPI: Reserving APIC table memory at [mem 0x7fe1b7a-0x7fe1bf1]
[    0.008645] ACPI: Reserving HPET table memory at [mem 0x7fe1bf2-0x7fe1c29]
[    0.008646] ACPI: Reserving WAET table memory at [mem 0x7fe1c2a-0x7fe1c51]
[    0.012370] No NUMA configuration found
[    0.012373] Faking a node at [mem 0x0000000000000000-0x0000000007fdffff]
[    0.012384] NODE_DATA(0) allocated [mem 0x07e39000-0x07e63fff]
[    0.012954] Zone ranges:
[    0.012956]   DMA      [mem 0x0000000000001000-0x0000000000ffffff]
[    0.012959]   DMA32    [mem 0x0000000001000000-0x0000000007fdffff]
[    0.012961]   Normal   empty
[    0.012962]   Device   empty
[    0.012963] Movable zone start for each node
[    0.012967] Early memory node ranges
[    0.012968]   node   0: [mem 0x0000000000001000-0x000000000009efff]
[    0.012970]   node   0: [mem 0x0000000000100000-0x0000000007fdffff]
[    0.012971] Initmem setup node 0 [mem 0x0000000000001000-0x0000000007fdffff]
[    0.013377] On node 0, zone DMA: 1 pages in unavailable ranges
[    0.013394] On node 0, zone DMA: 97 pages in unavailable ranges
[    0.013486] On node 0, zone DMA32: 32 pages in unavailable ranges
[    0.018325] ACPI: PM-Timer IO Port: 0x608
[    0.018417] ACPI: LAPIC_NMI (acpi_id[0xff] dfl dfl lint[0x1])
[    0.018869] IOAPIC[0]: apic_id 0, version 17, address 0xfec00000, GSI 0-23
[    0.018874] ACPI: INT_SRC_OVR (bus 0 bus_irq 0 global_irq 2 dfl dfl)
[    0.018877] ACPI: INT_SRC_OVR (bus 0 bus_irq 5 global_irq 5 high level)
[    0.018878] ACPI: INT_SRC_OVR (bus 0 bus_irq 9 global_irq 9 high level)
[    0.018881] ACPI: INT_SRC_OVR (bus 0 bus_irq 10 global_irq 10 high level)
[    0.018882] ACPI: INT_SRC_OVR (bus 0 bus_irq 11 global_irq 11 high level)
[    0.018887] ACPI: Using ACPI (MADT) for SMP configuration information
[    0.018889] ACPI: HPET id: 0x8086a201 base: 0xfed00000
[    0.018893] TSC deadline timer available
[    0.018894] smpboot: Allowing 1 CPUs, 0 hotplug CPUs
[    0.019032] kvm-guest: APIC: eoi() replaced with kvm_guest_apic_eoi_write()
[    0.019435] PM: hibernation: Registered nosave memory: [mem 0x00000000-0x00000fff]
[    0.019438] PM: hibernation: Registered nosave memory: [mem 0x0009f000-0x000fffff]
[    0.019440] [mem 0x08000000-0xfeffbfff] available for PCI devices
[    0.019442] Booting paravirtualized kernel on KVM
[    0.019445] clocksource: refined-jiffies: mask: 0xffffffff max_cycles: 0xffffffff, max_idle_ns: 1910969940391419 ns
[    0.019497] setup_percpu: NR_CPUS:8192 nr_cpumask_bits:1 nr_cpu_ids:1 nr_node_ids:1
[    0.027436] percpu: Embedded 86 pages/cpu s229376 r8192 d114688 u2097152
[    0.027818] kvm-guest: PV spinlocks disabled, single CPU
[    0.027821] Kernel command line: console=ttyS0 rdinit=/init mode=arp-ip
[    0.027876] Unknown kernel command line parameters "mode=arp-ip", will be passed to user space.
[    0.027895] random: crng init done
[    0.028267] Dentry cache hash table entries: 16384 (order: 5, 131072 bytes, linear)
[    0.028276] Inode-cache hash table entries: 8192 (order: 4, 65536 bytes, linear)
[    0.028552] Fallback order for Node 0: 0 
[    0.028557] Built 1 zonelists, mobility grouping on.  Total pages: 31968
[    0.028559] Policy zone: DMA32
[    0.028567] mem auto-init: stack:all(zero), heap alloc:on, heap free:off
[    0.028884] Memory: 72016K/130552K available (22528K kernel code, 4441K rwdata, 14428K rodata, 4932K init, 4776K bss, 58276K reserved, 0K cma-reserved)
[    0.030332] SLUB: HWalign=64, Order=0-3, MinObjects=0, CPUs=1, Nodes=1
[    0.030364] ftrace: allocating 58336 entries in 228 pages
[    0.045050] ftrace: allocated 228 pages with 4 groups
[    0.046469] Dynamic Preempt: voluntary
[    0.046534] rcu: Preemptible hierarchical RCU implementation.
[    0.046536] rcu: 	RCU restricting CPUs from NR_CPUS=8192 to nr_cpu_ids=1.
[    0.046537] 	Trampoline variant of Tasks RCU enabled.
[    0.046538] 	Rude variant of Tasks RCU enabled.
[    0.046539] 	Tracing variant of Tasks RCU enabled.
[    0.046540] rcu: RCU calculated value of scheduler-enlistment delay is 100 jiffies.
[    0.046541] rcu: Adjusting geometry for rcu_fanout_leaf=16, nr_cpu_ids=1
[    0.046552] RCU Tasks: Setting shift to 0 and lim to 1 rcu_task_cb_adjust=1 rcu_task_cpu_ids=1.
[    0.046554] RCU Tasks Rude: Setting shift to 0 and lim to 1 rcu_task_cb_adjust=1 rcu_task_cpu_ids=1.
[    0.046556] RCU Tasks Trace: Setting shift to 0 and lim to 1 rcu_task_cb_adjust=1 rcu_task_cpu_ids=1.
[    0.051368] NR_IRQS: 524544, nr_irqs: 256, preallocated irqs: 16
[    0.052647] rcu: srcu_init: Setting srcu_struct sizes based on contention.
[    0.160925] Console: colour VGA+ 80x25
[    0.161402] printk: legacy console [ttyS0] enabled
[    1.110375] ACPI: Core revision 20230628
[    1.116802] clocksource: hpet: mask: 0xffffffff max_cycles: 0xffffffff, max_idle_ns: 19112604467 ns
[    1.129817] APIC: Switch to symmetric I/O mode setup
[    1.146650] x2apic enabled
[    1.157029] APIC: Switched APIC routing to: physical x2apic
[    1.187929] ..TIMER: vector=0x30 apic1=0 pin1=2 apic2=-1 pin2=-1
[    1.196898] clocksource: tsc-early: mask: 0xffffffffffffffff max_cycles: 0x39a85afc727, max_idle_ns: 881590685098 ns
[    1.214240] Calibrating delay loop (skipped) preset value.. 3999.99 BogoMIPS (lpj=1999999)
[    1.218887] AMD Zen1 DIV0 bug detected. Disable SMT for full protection.
[    1.220277] AMD Zen1 FPDSS bug detected, enabling mitigation.
[    1.225824] Last level iTLB entries: 4KB 512, 2MB 255, 4MB 127
[    1.226236] Last level dTLB entries: 4KB 512, 2MB 255, 4MB 127, 1GB 0
[    1.227242] Spectre V1 : Mitigation: usercopy/swapgs barriers and __user pointer sanitization
[    1.228237] Spectre V2 : Mitigation: Retpolines
[    1.229236] Spectre V2 : Spectre v2 / SpectreRSB: Filling RSB on context switch and VMEXIT
[    1.230236] Spectre V2 : Enabling Speculation Barrier for firmware calls
[    1.231236] active return thunk: retbleed_return_thunk
[    1.232236] RETBleed: Mitigation: untrained return thunk
[    1.233241] Spectre V2 : mitigation: Enabling conditional Indirect Branch Prediction Barrier
[    1.234236] Speculative Store Bypass: Mitigation: Speculative Store Bypass disabled via prctl
[    1.235776] x86/fpu: Supporting XSAVE feature 0x001: 'x87 floating point registers'
[    1.236236] x86/fpu: Supporting XSAVE feature 0x002: 'SSE registers'
[    1.237236] x86/fpu: Supporting XSAVE feature 0x004: 'AVX registers'
[    1.238236] x86/fpu: xstate_offset[2]:  576, xstate_sizes[2]:  256
[    1.239236] x86/fpu: Enabled xstate features 0x7, context size is 832 bytes, using 'compacted' format.
[    1.283901] Freeing SMP alternatives memory: 48K
[    1.284237] pid_max: default: 32768 minimum: 301
[    1.285305] LSM: initializing lsm=lockdown,capability,landlock,yama,apparmor,integrity
[    1.286259] landlock: Up and running.
[    1.287235] Yama: becoming mindful.
[    1.288277] AppArmor: AppArmor initialized
[    1.290282] Mount-cache hash table entries: 512 (order: 0, 4096 bytes, linear)
[    1.291237] Mountpoint-cache hash table entries: 512 (order: 0, 4096 bytes, linear)
[    1.293232] smpboot: CPU0: AMD EPYC 7401P 24-Core Processor (family: 0x17, model: 0x1, stepping: 0x2)
[    1.293533] Performance Events: Fam17h+ core perfctr, AMD PMU driver.
[    1.294317] ... version:                0
[    1.295278] ... bit width:              48
[    1.296303] ... generic registers:      6
[    1.297278] ... value mask:             0000ffffffffffff
[    1.298278] ... max period:             00007fffffffffff
[    1.299278] ... fixed-purpose events:   0
[    1.300278] ... event mask:             000000000000003f
[    1.301429] signal: max sigframe size: 1776
[    1.302331] rcu: Hierarchical SRCU implementation.
[    1.303278] rcu: 	Max phase no-delay instances is 400.
[    1.308831] smp: Bringing up secondary CPUs ...
[    1.309303] smp: Brought up 1 node, 1 CPU
[    1.310286] smpboot: Max logical packages: 1
[    1.311278] smpboot: Total of 1 processors activated (3999.99 BogoMIPS)
[    1.313449] devtmpfs: initialized
[    1.314324] x86/mm: Memory block size: 128MB
[    1.315650] clocksource: jiffies: mask: 0xffffffff max_cycles: 0xffffffff, max_idle_ns: 1911260446275000 ns
[    1.316291] futex hash table entries: 256 (order: 2, 16384 bytes, linear)
[    1.317354] pinctrl core: initialized pinctrl subsystem
[    1.319279] PM: RTC time: 15:13:59, date: 2026-10-03
[    1.322182] NET: Registered PF_NETLINK/PF_ROUTE protocol family
[    1.322772] DMA: preallocated 128 KiB GFP_KERNEL pool for atomic allocations
[    1.323300] DMA: preallocated 128 KiB GFP_KERNEL|GFP_DMA pool for atomic allocations
[    1.324792] DMA: preallocated 128 KiB GFP_KERNEL|GFP_DMA32 pool for atomic allocations
[    1.325297] audit: initializing netlink subsys (disabled)
[    1.326451] audit: type=2000 audit(1791040439.054:1): state=initialized audit_enabled=0 res=1
[    1.327768] thermal_sys: Registered thermal governor 'fair_share'
[    1.327771] thermal_sys: Registered thermal governor 'bang_bang'
[    1.328310] thermal_sys: Registered thermal governor 'step_wise'
[    1.329292] thermal_sys: Registered thermal governor 'user_space'
[    1.330278] thermal_sys: Registered thermal governor 'power_allocator'
[    1.331298] cpuidle: using governor ladder
[    1.333292] cpuidle: using governor menu
[    1.342287] acpiphp: ACPI Hot Plug PCI Controller Driver version: 0.5
[    1.344369] PCI: Using configuration type 1 for base access
[    1.345278] PCI: Using configuration type 1 for extended access
[    1.346515] kprobes: kprobe jump-optimization is enabled. All kprobes are optimized if possible.
[    1.398490] HugeTLB: registered 1.00 GiB page size, pre-allocated 0 pages
[    1.399278] HugeTLB: 16380 KiB vmemmap can be freed for a 1.00 GiB page
[    1.400360] HugeTLB: registered 2.00 MiB page size, pre-allocated 0 pages
[    1.401278] HugeTLB: 28 KiB vmemmap can be freed for a 2.00 MiB page
[    1.403920] ACPI: Added _OSI(Module Device)
[    1.404286] ACPI: Added _OSI(Processor Device)
[    1.405279] ACPI: Added _OSI(Processor Aggregator Device)
[    1.407774] ACPI: 1 ACPI AML tables successfully acquired and loaded
[    1.411296] ACPI: _OSC evaluation for CPUs failed, trying _PDC
[    1.412528] ACPI: Interpreter enabled
[    1.413331] ACPI: PM: (supports S0 S3 S4 S5)
[    1.414278] ACPI: Using IOAPIC for interrupt routing
[    1.415411] PCI: Using host bridge windows from ACPI; if necessary, use "pci=nocrs" and report a bug
[    1.416284] PCI: Using E820 reservations for host bridge windows
[    1.417664] ACPI: Enabled 2 GPEs in block 00 to 0F
[    1.426828] ACPI: PCI Root Bridge [PCI0] (domain 0000 [bus 00-ff])
[    1.427285] acpi PNP0A03:00: _OSC: OS supports [ExtendedConfig ASPM ClockPM Segments MSI EDR HPX-Type3]
[    1.429392] acpiphp: Slot [3] registered
[    1.430386] acpiphp: Slot [4] registered
[    1.431388] acpiphp: Slot [5] registered
[    1.432393] acpiphp: Slot [6] registered
[    1.433386] acpiphp: Slot [7] registered
[    1.434384] acpiphp: Slot [8] registered
[    1.435384] acpiphp: Slot [9] registered
[    1.436410] acpiphp: Slot [10] registered
[    1.437385] acpiphp: Slot [11] registered
[    1.438384] acpiphp: Slot [12] registered
[    1.439430] acpiphp: Slot [13] registered
[    1.440384] acpiphp: Slot [14] registered
[    1.441387] acpiphp: Slot [15] registered
[    1.442383] acpiphp: Slot [16] registered
[    1.443511] acpiphp: Slot [17] registered
[    1.444385] acpiphp: Slot [18] registered
[    1.445390] acpiphp: Slot [19] registered
[    1.446397] acpiphp: Slot [20] registered
[    1.447384] acpiphp: Slot [21] registered
[    1.448384] acpiphp: Slot [22] registered
[    1.449510] acpiphp: Slot [23] registered
[    1.450385] acpiphp: Slot [24] registered
[    1.451397] acpiphp: Slot [25] registered
[    1.452385] acpiphp: Slot [26] registered
[    1.453424] acpiphp: Slot [27] registered
[    1.454386] acpiphp: Slot [28] registered
[    1.455422] acpiphp: Slot [29] registered
[    1.456385] acpiphp: Slot [30] registered
[    1.457405] acpiphp: Slot [31] registered
[    1.458378] PCI host bridge to bus 0000:00
[    1.459280] pci_bus 0000:00: root bus resource [io  0x0000-0x0cf7 window]
[    1.460279] pci_bus 0000:00: root bus resource [io  0x0d00-0xffff window]
[    1.461279] pci_bus 0000:00: root bus resource [mem 0x000a0000-0x000bffff window]
[    1.462281] pci_bus 0000:00: root bus resource [mem 0x08000000-0xfebfffff window]
[    1.463299] pci_bus 0000:00: root bus resource [mem 0x100000000-0x17fffffff window]
[    1.464280] pci_bus 0000:00: root bus resource [bus 00-ff]
[    1.467615] pci 0000:00:00.0: [8086:1237] type 00 class 0x060000 conventional PCI endpoint
[    1.473844] pci 0000:00:01.0: [8086:7000] type 00 class 0x060100 conventional PCI endpoint
[    1.480467] pci 0000:00:01.1: [8086:7010] type 00 class 0x010180 conventional PCI endpoint
[    1.485764] pci 0000:00:01.1: BAR 4 [io  0xc020-0xc02f]
[    1.486850] pci 0000:00:01.1: BAR 0 [io  0x01f0-0x01f7]: legacy IDE quirk
[    1.487320] pci 0000:00:01.1: BAR 1 [io  0x03f6]: legacy IDE quirk
[    1.488279] pci 0000:00:01.1: BAR 2 [io  0x0170-0x0177]: legacy IDE quirk
[    1.489280] pci 0000:00:01.1: BAR 3 [io  0x0376]: legacy IDE quirk
[    1.491982] pci 0000:00:01.3: [8086:7113] type 00 class 0x068000 conventional PCI endpoint
[    1.497646] pci 0000:00:01.3: quirk: [io  0x0600-0x063f] claimed by PIIX4 ACPI
[    1.498399] pci 0000:00:01.3: quirk: [io  0x0700-0x070f] claimed by PIIX4 SMB
[    1.501866] pci 0000:00:02.0: [1234:1111] type 00 class 0x030000 conventional PCI endpoint
[    1.507721] pci 0000:00:02.0: BAR 0 [mem 0xfd000000-0xfdffffff pref]
[    1.508604] pci 0000:00:02.0: BAR 2 [mem 0xfeb90000-0xfeb90fff]
[    1.509629] pci 0000:00:02.0: ROM [mem 0xfeb80000-0xfeb8ffff pref]
[    1.511996] pci 0000:00:02.0: Video device with shadowed ROM at [mem 0x000c0000-0x000dffff]
[    1.517932] pci 0000:00:03.0: [1af4:1000] type 00 class 0x020000 conventional PCI endpoint
[    1.522457] pci 0000:00:03.0: BAR 0 [io  0xc000-0xc01f]
[    1.523369] pci 0000:00:03.0: BAR 1 [mem 0xfeb91000-0xfeb91fff]
[    1.524717] pci 0000:00:03.0: BAR 4 [mem 0xfe000000-0xfe003fff 64bit pref]
[    1.525370] pci 0000:00:03.0: ROM [mem 0xfeb00000-0xfeb7ffff pref]
[    1.875482] ACPI: PCI: Interrupt link LNKA configured for IRQ 10
[    1.876837] ACPI: PCI: Interrupt link LNKB configured for IRQ 10
[    1.877893] ACPI: PCI: Interrupt link LNKC configured for IRQ 11
[    1.878863] ACPI: PCI: Interrupt link LNKD configured for IRQ 11
[    1.879530] ACPI: PCI: Interrupt link LNKS configured for IRQ 9
[    1.884952] iommu: Default domain type: Translated
[    1.885278] iommu: DMA domain TLB invalidation policy: lazy mode
[    1.887748] SCSI subsystem initialized
[    1.888592] ACPI: bus type USB registered
[    1.889566] usbcore: registered new interface driver usbfs
[    1.890368] usbcore: registered new interface driver hub
[    1.891330] usbcore: registered new device driver usb
[    1.892375] pps_core: LinuxPPS API ver. 1 registered
[    1.893286] pps_core: Software ver. 5.3.6 - Copyright 2005-2007 Rodolfo Giometti <giometti@linux.it>
[    1.894292] PTP clock support registered
[    1.895648] EDAC MC: Ver: 3.0.0
[    1.899376] NetLabel: Initializing
[    1.900278] NetLabel:  domain hash size = 128
[    1.901284] NetLabel:  protocols = UNLABELED CIPSOv4 CALIPSO
[    1.902321] NetLabel:  unlabeled traffic allowed by default
[    1.903843] mctp: management component transport protocol core
[    1.904313] NET: Registered PF_MCTP protocol family
[    1.905296] PCI: Using ACPI for IRQ routing
[    1.907774] pci 0000:00:02.0: vgaarb: setting as boot VGA device
[    1.908232] pci 0000:00:02.0: vgaarb: bridge control possible
[    1.908232] pci 0000:00:02.0: vgaarb: VGA device added: decodes=io+mem,owns=io+mem,locks=none
[    1.908278] vgaarb: loaded
[    1.909987] hpet0: at MMIO 0xfed00000, IRQs 2, 8, 0
[    1.910279] hpet0: 3 comparators, 64-bit 100.000000 MHz counter
[    1.913358] clocksource: Switched to clocksource kvm-clock
[    1.924453] VFS: Disk quotas dquot_6.6.0
[    1.930098] VFS: Dquot-cache hash table entries: 512 (order 0, 4096 bytes)
[    1.939877] AppArmor: AppArmor Filesystem Enabled
[    1.946241] pnp: PnP ACPI init
[    1.952149] pnp: PnP ACPI: found 6 devices
[    1.968051] clocksource: acpi_pm: mask: 0xffffff max_cycles: 0xffffff, max_idle_ns: 2085701024 ns
[    1.979473] NET: Registered PF_INET protocol family
[    1.986122] IP idents hash table entries: 2048 (order: 2, 16384 bytes, linear)
[    2.036738] tcp_listen_portaddr_hash hash table entries: 256 (order: 0, 4096 bytes, linear)
[    2.047747] Table-perturb hash table entries: 65536 (order: 6, 262144 bytes, linear)
[    2.057980] TCP established hash table entries: 1024 (order: 1, 8192 bytes, linear)
[    2.068182] TCP bind hash table entries: 1024 (order: 3, 32768 bytes, linear)
[    2.077451] TCP: Hash tables configured (established 1024 bind 1024)
[    2.086075] MPTCP token hash table entries: 256 (order: 1, 6144 bytes, linear)
[    2.095272] UDP hash table entries: 256 (order: 1, 8192 bytes, linear)
[    2.104025] UDP-Lite hash table entries: 256 (order: 1, 8192 bytes, linear)
[    2.113323] NET: Registered PF_UNIX/PF_LOCAL protocol family
[    2.120713] NET: Registered PF_XDP protocol family
[    2.127034] pci_bus 0000:00: resource 4 [io  0x0000-0x0cf7 window]
[    2.135086] pci_bus 0000:00: resource 5 [io  0x0d00-0xffff window]
[    2.143360] pci_bus 0000:00: resource 6 [mem 0x000a0000-0x000bffff window]
[    2.152229] pci_bus 0000:00: resource 7 [mem 0x08000000-0xfebfffff window]
[    2.161388] pci_bus 0000:00: resource 8 [mem 0x100000000-0x17fffffff window]
[    2.171025] pci 0000:00:01.0: PIIX3: Enabling Passive Release
[    2.178494] pci 0000:00:00.0: Limiting direct PCI/PCI transfers
[    2.187234] PCI: CLS 0 bytes, default 64
[    2.193360] Trying to unpack rootfs image as initramfs...
[    2.200905] clocksource: tsc: mask: 0xffffffffffffffff max_cycles: 0x39a85afc727, max_idle_ns: 881590685098 ns
[    2.226392] Initialise system trusted keyrings
[    2.239064] Key type blacklist registered
[    2.249970] workingset: timestamp_bits=36 max_order=15 bucket_order=0
[    2.267922] zbud: loaded
[    2.276466] squashfs: version 4.0 (2009/01/31) Phillip Lougher
[    2.293265] fuse: init (API version 7.39)
[    2.299889] Freeing initrd memory: 1520K
[    2.306421] integrity: Platform Keyring initialized
[    2.313320] integrity: Machine keyring initialized
[    2.337922] Key type asymmetric registered
[    2.343626] Asymmetric key parser 'x509' registered
[    2.350103] Block layer SCSI generic (bsg) driver version 0.4 loaded (major 243)
[    2.359909] io scheduler mq-deadline registered
[    2.366031] shpchp: Standard Hot Plug PCI Controller Driver version: 0.4
[    2.375236] input: Power Button as /devices/LNXSYSTM:00/LNXPWRBN:00/input/input0
[    2.385282] ACPI: button: Power Button [PWRF]
[    2.422074] ACPI: \_SB_.LNKC: Enabled at IRQ 11
[    2.439489] Serial: 8250/16550 driver, 32 ports, IRQ sharing enabled
[    2.496197] 00:04: ttyS0 at I/O 0x3f8 (irq = 4, base_baud = 115200) is a 16550A
[    2.510358] Linux agpgart interface v0.103
[    2.519171] loop: module loaded
[    2.528189] scsi host0: ata_piix
[    2.533102] scsi host1: ata_piix
[    2.537646] ata1: PATA max MWDMA2 cmd 0x1f0 ctl 0x3f6 bmdma 0xc020 irq 14 lpm-pol 0
[    2.547976] ata2: PATA max MWDMA2 cmd 0x170 ctl 0x376 bmdma 0xc028 irq 15 lpm-pol 0
[    2.563229] ACPI: bus type drm_connector registered
[    2.570098] tun: Universal TUN/TAP device driver, 1.6
[    2.590671] PPP generic driver version 2.4.2
[    2.597069] i8042: PNP: PS/2 Controller [PNP0303:KBD,PNP0f13:MOU] at 0x60,0x64 irq 1,12
[    2.616205] serio: i8042 KBD port at 0x60,0x64 irq 1
[    2.622652] serio: i8042 AUX port at 0x60,0x64 irq 12
[    2.629396] mousedev: PS/2 mouse device common for all mice
[    2.640047] input: AT Translated Set 2 keyboard as /devices/platform/i8042/serio0/input/input1
[    2.651519] rtc_cmos 00:05: RTC can wake from S4
[    2.667080] rtc_cmos 00:05: registered as rtc0
[    2.674263] rtc_cmos 00:05: setting system clock to 2026-10-03T15:14:02 UTC (1791040442)
[    2.686076] rtc_cmos 00:05: alarms up to one day, y3k, 242 bytes nvram, hpet irqs
[    2.695672] i2c_dev: i2c /dev entries driver
[    2.701419] device-mapper: core: CONFIG_IMA_DISABLE_HTABLE is disabled. Duplicate IMA measurements will not be recorded in the IMA log.
[    2.716882] device-mapper: uevent: version 1.0.3
[    2.724892] ata2: found unknown device (class 0)
[    2.735422] device-mapper: ioctl: 4.48.0-ioctl (2023-03-01) initialised: dm-devel@redhat.com
[    2.746321] amd_pstate: the _CPC object is not present in SBIOS or ACPI disabled
[    2.758866] ata2.00: ATAPI: QEMU DVD-ROM, 2.5+, max UDMA/100
[    2.769722] ledtrig-cpu: registered to indicate activity on CPUs
[    2.790084] scsi 1:0:0:0: CD-ROM            QEMU     QEMU DVD-ROM     2.5+ PQ: 0 ANSI: 5
[    2.801422] drop_monitor: Initializing network drop monitor service
[    2.814395] NET: Registered PF_INET6 protocol family
[    2.833497] Segment Routing with IPv6
[    2.843374] In-situ OAM (IOAM) with IPv6
[    2.850060] NET: Registered PF_PACKET protocol family
[    2.861370] Key type dns_resolver registered
[    2.872031] IPI shorthand broadcast: enabled
[    2.885697] sr 1:0:0:0: [sr0] scsi3-mmc drive: 4x/4x cd/rw xa/form2 tray
[    2.896507] registered taskstats version 1
[    2.905524] Loading compiled-in X.509 certificates
[    2.913069] Loaded X.509 cert 'Build time autogenerated kernel key: 65a2441d98c8a817e997fff77c85e3c2a2878aa1'
[    2.933280] Loaded X.509 cert 'Canonical Ltd. Live Patch Signing 2025 Kmod: d541cef61dc7e793b7eb7e899970a2eef0b5dc8c'
[    2.948228] Loaded X.509 cert 'Canonical Ltd. Live Patch Signing: 14df34d1a87cf37625abec039ef2bf521249b969'
[    2.964227] cdrom: Uniform CD-ROM driver Revision: 3.20
[    2.971853] Loaded X.509 cert 'Canonical Ltd. Kernel Module Signing 2025 Kmod: 4627603d2357a2a3f81006370894c221175893e9'
[    2.988956] Loaded X.509 cert 'Canonical Ltd. Kernel Module Signing: 88f752e560a1e0737e31163a466ad7b70a850c19'
[    3.001710] blacklist: Loading compiled-in revocation X.509 certificates
[    3.010734] Loaded X.509 cert 'Canonical Ltd. Secure Boot Signing: 61482aa2830d0ab2ad5af10b7250da9033ddcef0'
[    3.027322] sr 1:0:0:0: Attached scsi generic sg0 type 5
[    3.037356] Loaded X.509 cert 'Canonical Ltd. Secure Boot Signing (2017): 242ade75ac4a15e50d50c84b0d45ff3eae707a03'
[    3.050912] Loaded X.509 cert 'Canonical Ltd. Secure Boot Signing (ESM 2018): 365188c1d374d6b07c3c8f240f8ef722433d6a8b'
[    3.065033] Loaded X.509 cert 'Canonical Ltd. Secure Boot Signing (2019): c0746fd6c5da3ae827864651ad66ae47fe24b3e8'
[    3.078271] Loaded X.509 cert 'Canonical Ltd. Secure Boot Signing (2021 v1): a8d54bbb3825cfb94fa13c9f8a594a195c107b8d'
[    3.091962] Loaded X.509 cert 'Canonical Ltd. Secure Boot Signing (2021 v2): 4cf046892d6fd3c9a5b03f98d845f90851dc6a8c'
[    3.105735] Loaded X.509 cert 'Canonical Ltd. Secure Boot Signing (2021 v3): 100437bb6de6e469b581e61cd66bce3ef4ed53af'
[    3.119358] Loaded X.509 cert 'Canonical Ltd. Secure Boot Signing (Ubuntu Core 2019): c1d57b8f6b743f23ee41f4f7ee292f06eecadfb9'
[    3.151505] Key type .fscrypt registered
[    3.156655] Key type fscrypt-provisioning registered
[    3.164955] Key type encrypted registered
[    3.170243] AppArmor: AppArmor sha256 policy hashing enabled
[    3.177723] ima: No TPM chip found, activating TPM-bypass!
[    3.185022] Loading compiled-in module X.509 certificates
[    3.192961] Loaded X.509 cert 'Build time autogenerated kernel key: 65a2441d98c8a817e997fff77c85e3c2a2878aa1'
[    3.206020] ima: Allocated hash algorithm: sha256
[    3.212857] ima: No architecture policies found
[    3.218888] evm: Initialising EVM extended attributes:
[    3.226066] evm: security.selinux
[    3.230838] evm: security.SMACK64
[    3.235473] evm: security.SMACK64EXEC
[    3.240709] evm: security.SMACK64TRANSMUTE
[    3.246479] evm: security.SMACK64MMAP
[    3.251423] evm: security.apparmor
[    3.256112] evm: security.ima
[    3.260138] evm: security.capability
[    3.265363] evm: HMAC attrs: 0x1
[    3.270322] PM:   Magic number: 14:9:234
[    3.285738] RAS: Correctable Errors collector initialized.
[    3.293717] Unstable clock detected, switching default tracing clock to "global"
[    3.293717] If you want to keep using the local clock, then add:
[    3.293717]   "trace_clock=local"
[    3.293717] on the kernel command line
[    3.325240] clk: Disabling unused clocks
[    3.338175] Freeing unused decrypted memory: 2028K
[    3.344382] Freeing unused kernel image (initmem) memory: 4932K
[    3.350403] Write protecting the kernel read-only data: 38912k
[    3.356902] Freeing unused kernel image (rodata/data gap) memory: 1956K
[    3.435223] x86/mm: Checked W+X mappings: passed, no W+X pages found.
[    3.441030] Run /init as init process
sent guest probe arp-ip length=42
[    3.698130] ACPI: PM: Preparing to enter system sleep state S5
[    3.703032] reboot: Power down
